04-03 05:59:58.988   537   682 I AudioFlinger: BUFFER TIMEOUT: remove(4099) from active list on thread 0xe9703400
04-03 05:59:59.069 22863 22884 W /player.c: STAT(RES(240x160) FPS:0.00/00152 V: c-d(0-0:100) d-r(0:100) L(959000) A: c-d(0:100) d-r(0:100) )
04-03 05:59:59.093   537   682 D audio_hw_primary: disable_audio_route: usecase(1) reset and update mixer path: low-latency-playback speaker
04-03 05:59:59.107   537   682 D audio_hw_primary: disable_snd_device: snd_device(2: speaker)
04-03 06:00:00.071 22863 22884 W /player.c: STAT(RES(240x160) FPS:0.00/00152 V: c-d(0-0:100) d-r(0:100) L(959000) A: c-d(0:100) d-r(0:100) )
04-03 06:00:01.022   893  2794 D WifiConfigManager: makeChannelList age=3600000 for "Keenetic-4147"WPA_PSK max=6 bssids=1
04-03 06:00:01.022   893  2794 D WifiConfigManager: has 1c:74:0d:90:2c:1c freq=2432 age=2338 ?=true
04-03 06:00:01.026   893  2796 I WifiHAL : Got channel list with 11 channels
04-03 06:00:01.027   893  2796 I WifiHAL : Got channel list with 9 channels
04-03 06:00:01.028   893  2796 I WifiHAL : Got channel list with 15 channels
04-03 06:00:01.028   893  2796 D WifiNative-wlan0: doBoolean: SCAN TYPE=ONLY freq=2432 scan_id=0
04-03 06:00:01.030   893  2796 D WifiNative-wlan0: SCAN TYPE=ONLY freq=2432 scan_id=0: returned true
04-03 06:00:01.032   893  3053 D WifiMonitor: Event [IFNAME=wlan0 CTRL-EVENT-SCAN-STARTED ]
04-03 06:00:01.032   893  3053 D WifiMonitor: wlan0 cnt=339 dispatchEvent: CTRL-EVENT-SCAN-STARTED 
04-03 06:00:01.032   893  3053 D WifiMonitor: handleEvent 14 CTRL-EVENT-SCAN-STARTED 
04-03 06:00:01.032   893  3053 W WifiMonitor: handleEvent unknown: 14 CTRL-EVENT-SCAN-STARTED 
04-03 06:00:01.041  3594  3594 W ContentTaskController: Invalid task was provided to stopTracking.
04-03 06:00:01.074 22863 22884 W /player.c: STAT(RES(240x160) FPS:0.00/00152 V: c-d(0-0:100) d-r(0:100) L(959000) A: c-d(0:100) d-r(0:100) )
04-03 06:00:01.119  3972  4649 W Herrevad: Invalid mccmnc 
04-03 06:00:01.121  3972  4649 W Herrevad: Invalid mccmnc 
04-03 06:00:01.133  3594  3594 W ContentTaskController: Invalid newTask was provided to startTracking.
04-03 06:00:01.178  3972 24449 E ProtoReq: [477] RemoteReportsRefreshChimeraService.a: want to send authenticated request, but no Google account on device
04-03 06:00:01.233   893  3053 D WifiMonitor: Event [IFNAME=wlan0 CTRL-EVENT-SCAN-RESULTS ]
04-03 06:00:01.234   893  3053 D WifiMonitor: wlan0 cnt=340 dispatchEvent: CTRL-EVENT-SCAN-RESULTS 
04-03 06:00:01.234   893  3053 D WifiMonitor: handleEvent 4 CTRL-EVENT-SCAN-RESULTS 
04-03 06:00:01.234   893  2794 D WifiStateMachine:  ConnectedState !SCAN_RESULTS_EVENT  rt=11521369/13678700 0 0 found=8 known=0 got=8 bcn=97308 con=1 untrustedcn=0
04-03 06:00:01.234   893  2794 D WifiStateMachine:  L2ConnectedState !SCAN_RESULTS_EVENT  rt=11521370/13678700 0 0 found=8 known=0 got=8 bcn=97308 con=1 untrustedcn=0
04-03 06:00:01.234   893  2794 D WifiStateMachine:  ConnectModeState !SCAN_RESULTS_EVENT  rt=11521370/13678700 0 0 found=8 known=0 got=8 bcn=97308 con=1 untrustedcn=0
04-03 06:00:01.234   893  2796 D WifiNative-wlan0: doString: [BSS RANGE=0- MASK=0x29d87]
04-03 06:00:01.234   893  2794 D WifiStateMachine:  DriverStartedState !SCAN_RESULTS_EVENT  rt=11521370/13678700 0 0 found=8 known=0 got=8 bcn=97308 con=1 untrustedcn=0
04-03 06:00:01.234   893  2794 D WifiStateMachine:  SupplicantStartedState !SCAN_RESULTS_EVENT  rt=11521370/13678700 0 0 found=8 known=0 got=8 bcn=97308 con=1 untrustedcn=0
04-03 06:00:01.234   893  2794 D WifiNative-wlan0: doString: [BSS RANGE=0- MASK=0x29d87]
04-03 06:00:01.238   893  2796 D WifiNative-wlan0: doString: [BSS RANGE=115- MASK=0x29d87]
04-03 06:00:01.243   893  2794 D WifiNative-wlan0: doString: [BSS RANGE=115- MASK=0x29d87]
04-03 06:00:01.244   893  2794 D WifiStateMachine: Supplicant is under steady state: COMPLETED
04-03 06:00:01.270  3972  4622 E Volley  : [152] BasicNetwork.performRequest: Unexpected response code 307 for https://android.googleapis.com/nova/herrevad/network_quality_info
04-03 06:00:01.272  3972 24449 W RmtRprtRfrshSvc: [477] RemoteReportsRefreshChimeraService.a: java.util.concurrent.ExecutionException: com.android.volley.ServerError
04-03 06:00:01.272  3972 24449 W RmtRprtRfrshSvc: java.util.concurrent.ExecutionException: com.android.volley.ServerError
04-03 06:00:01.272  3972 24449 W RmtRprtRfrshSvc: 	at com.android.volley.toolbox.RequestFuture.a(:com.google.android.gms:117)
04-03 06:00:01.272  3972 24449 W RmtRprtRfrshSvc: 	at com.android.volley.toolbox.RequestFuture.get(:com.google.android.gms:97)
04-03 06:00:01.272  3972 24449 W RmtRprtRfrshSvc: 	at com.google.android.gms.herrevad.services.RemoteReportsRefreshChimeraService.a(:com.google.android.gms:165)
04-03 06:00:01.272  3972 24449 W RmtRprtRfrshSvc: 	at com.google.android.gms.herrevad.services.ImmediateRemoteReportsRefreshChimeraService.onHandleIntent(:com.google.android.gms:33)
04-03 06:00:01.272  3972 24449 W RmtRprtRfrshSvc: 	at bsv.handleMessage(:com.google.android.gms:67)
04-03 06:00:01.272  3972 24449 W RmtRprtRfrshSvc: 	at android.os.Handler.dispatchMessage(Handler.java:102)
04-03 06:00:01.272  3972 24449 W RmtRprtRfrshSvc: 	at android.os.Looper.loop(Looper.java:154)
04-03 06:00:01.272  3972 24449 W RmtRprtRfrshSvc: 	at android.os.HandlerThread.run(HandlerThread.java:61)
04-03 06:00:01.272  3972 24449 W RmtRprtRfrshSvc: Caused by: com.android.volley.ServerError
04-03 06:00:01.272  3972 24449 W RmtRprtRfrshSvc: 	at com.android.volley.toolbox.BasicNetwork.performRequest(:com.google.android.gms:163)
04-03 06:00:01.272  3972 24449 W RmtRprtRfrshSvc: 	at khj.performRequest(:com.google.android.gms:63)
04-03 06:00:01.272  3972 24449 W RmtRprtRfrshSvc: 	at com.android.volley.NetworkDispatcher.run(:com.google.android.gms:113)
04-03 06:00:01.692   893  2794 D WifiStateMachine:  ConnectedState !CMD_RSSI_POLL  rt=11521826/13679157 8 0 "Keenetic-4147" 1c:74:0d:90:2c:1c rssi=-36 f=2432 sc=60 link=104 tx=30.1, 0.0, 0.0  rx=40.9 bcn=97308 [on:0 tx:0 rx:0 period:2999] from screen [on:147874 period:150902] gl hn rssi=-31 ag=0 hr ticks 0,0,6 ls-=0 [56,56,60,60,65] brc=0 lrc=0 offload-stopped
04-03 06:00:01.692   893  2794 D WifiStateMachine:  L2ConnectedState !CMD_RSSI_POLL  rt=11521827/13679158 8 0 "Keenetic-4147" 1c:74:0d:90:2c:1c rssi=-36 f=2432 sc=60 link=104 tx=30.1, 0.0, 0.0  rx=40.9 bcn=97308 [on:0 tx:0 rx:0 period:1] from screen [on:147874 period:150903] gl hn rssi=-31 ag=0 hr ticks 0,0,6 ls-=0 [56,56,60,60,65] brc=0 lrc=0 offload-stopped
04-03 06:00:01.692   893  2794 D WifiStateMachine:  get link layer stats 4
04-03 06:00:01.695   893  2794 D WifiNative-wlan0: doString: [SIGNAL_POLL]
04-03 06:00:01.697   893  2794 D WifiStateMachine: fetchRssiLinkSpeedAndFrequencyNative rssi=-36 linkspeed=104 freq=2432
04-03 06:00:01.697   893  2794 D WifiConfigManager: updateConfiguration freq=2432 BSSID=1c:74:0d:90:2c:1c RSSI=-36 "Keenetic-4147"WPA_PSK
04-03 06:00:01.697   893  2794 D WifiStateMachine: calculateWifiScore freq=2432 speed=104 score=60 highRSSI  -> txbadrate=0.00 txgoodrate=29.53 txretriesrate=0.02 rxrate=48.44 userTriggerdPenalty0
04-03 06:00:01.697   893  2794 D WifiStateMachine:  good link -> stuck count =0
04-03 06:00:01.697   893  2794 D WifiStateMachine:  badRSSI count0 lowRSSI count0 --> score 60
04-03 06:00:01.697   893  2794 D WifiStateMachine:  isHighRSSI       ---> score=65
04-03 06:00:02.076 22863 22884 W /player.c: STAT(RES(240x160) FPS:0.00/00152 V: c-d(0-0:100) d-r(0:100) L(959000) A: c-d(0:100) d-r(0:100) )
04-03 06:00:03.077 22863 22884 W /player.c: STAT(RES(240x160) FPS:0.00/00152 V: c-d(0-0:100) d-r(0:100) L(959000) A: c-d(0:100) d-r(0:100) )
04-03 06:00:03.297 22863 22863 W /ffmpeg_content_provider.c: ffmpeg_cp_skip_interrupt 1, 0
04-03 06:00:03.297 22863 22863 W /player.c: player_all_pause: player_state (2) test EnterCriticalSection 1, 0xeb2b27c0
04-03 06:00:03.297 22863 22863 W /player.c: player_all_pause: 2(2)
04-03 06:00:03.297 22863 22863 W /ffmpeg_content_provider.c: ffmpeg_cp_interrupt_for_pause 1, 1
04-03 06:00:03.298 22863 22863 W /content_provider_thread.c: CONT(src) cpt_pause invoke 2(1)
04-03 06:00:03.298 22863 22863 W /content_provider_thread.c: =>cpt_pause set pause(2)
04-03 06:00:03.355 22863 22893 W /ffmpeg_content_provider.c: timeout_interrupt_callback: Interrupted by user!
04-03 06:00:03.366 22863 22893 W /ffmpeg_content_provider.c: MEDIA(src) ffmpeg_cp_play: send pause to server disabled!
04-03 06:00:03.366 22863 22893 W /content_provider_thread.c: CONTENT(prov) thread: wait unpause
04-03 06:00:03.366 22863 22863 W /content_provider_thread.c: =>cpt_pause paused(0)
04-03 06:00:03.366 22863 22863 W /video_renderer_thread.c: VIDEO(ren) vrt_pause invoke 2(1)
04-03 06:00:03.366 22863 22863 W /video_renderer_thread.c: =>vrt_pause set pause(2)
04-03 06:00:03.377 22863 22990 W /video_renderer_thread.c: VIDEO(render) pipis_pause: 1
04-03 06:00:03.377 22863 22863 W /video_renderer_thread.c: =>vrt_pause paused(0)
04-03 06:00:03.377 22863 22863 W /video_decoder_thread.c: VIDEO(dec) vdt_pause invoke 2(1)
04-03 06:00:03.377 22863 22863 W /video_decoder_thread.c: =>vdt_pause set pause(2)
04-03 06:00:03.379 22863 22991 W /video_decoder_thread.c: VIDEO(dec) start  wait unpause:7
04-03 06:00:03.379 22863 22863 W /video_decoder_thread.c: =>vdt_pause paused(0)
04-03 06:00:03.379 22863 22863 W /audio_decoder_thread.c: AUDIO(dec) adt_pause invoke 2(1)
04-03 06:00:03.379 22863 22863 W /ffmpeg_audio_decoder_provider.c: =>ffmpeg_adp_change_state state(2) inst->codec_context(0xd29b3800)
04-03 06:00:03.379 22863 22863 W /audio_decoder_thread.c: =>adt_pause set pause(2)
04-03 06:00:03.380 22863 22863 W /audio_decoder_thread.c: =>adt_pause paused(0)
04-03 06:00:03.380 22863 22863 W /audio_renderer_thread.c: AUDIO(ren) art_pause invoke 2(1)
04-03 06:00:03.380 22863 22863 W /audio_renderer_thread.c: =>art_pause set pause(2)
04-03 06:00:03.389 22863 22863 W /audio_renderer_thread.c: =>art_pause paused(0)
04-03 06:00:03.390 22863 22863 W /recorder_provider_thread.c: rpt_pause invoke 2(1)
04-03 06:00:03.390 22863 22863 W /recorder_provider_thread.c: =>rpt_pause set pause(2)
04-03 06:00:03.397 22863 22863 W /player.c: player_all_pause: test LeaveCriticalSection 1, 0xeb2b27c0
04-03 06:00:03.397 22863 22863 W /player.c: player_all_pause: done.
04-03 06:00:03.397 22863 22863 W /player.c: player_notify: 15 
04-03 06:00:03.397 22863 22863 W /player.c: player_notify: CallVoidMethod 15 
04-03 06:00:03.397 22863 22863 E MediaPlayerSDKTest.Simple: Form Native Player status: 15
04-03 06:00:03.397 22863 22863 W /player.c: player_notify: CallVoidMethod return 15 
04-03 06:00:04.079 22863 22884 W /player.c: STAT(RES(240x160) FPS:0.00/00152 V: c-d(0-0:100) d-r(0:100) L(959000) A: c-d(0:100) d-r(0:100) )
04-03 06:00:04.327 22863 22863 W /ffmpeg_content_provider.c: ffmpeg_cp_skip_interrupt 0, 1
04-03 06:00:04.327 22863 22863 W /player.c: player_all_pause: player_state (3) test EnterCriticalSection 1, 0xeb2b27c0
04-03 06:00:04.327 22863 22863 W /player.c: player_all_pause: 1(1)
04-03 06:00:04.327 22863 22863 W /ffmpeg_content_provider.c: ffmpeg_cp_interrupt_for_pause 0, 1
04-03 06:00:04.327 22863 22863 W /content_provider_thread.c: CONT(src) cpt_pause invoke 1(2)
04-03 06:00:04.327 22863 22863 W /content_provider_thread.c: =>cpt_pause set pause(1)
04-03 06:00:04.327 22863 22893 W /ffmpeg_content_provider.c: MEDIA(src) ffmpeg_cp_play: send play to server disabled!
04-03 06:00:04.327 22863 22863 W /content_provider_thread.c: =>cpt_pause unpaused(0)
04-03 06:00:04.327 22863 22863 W /video_renderer_thread.c: VIDEO(ren) vrt_pause invoke 1(2)
04-03 06:00:04.327 22863 22863 W /video_renderer_thread.c: =>vrt_pause set pause(1)
04-03 06:00:04.327 22863 22863 W /video_renderer_thread.c: =>vrt_pause unpaused(0)
04-03 06:00:04.327 22863 22863 W /video_decoder_thread.c: VIDEO(dec) vdt_pause invoke 1(2)
04-03 06:00:04.327 22863 22863 W /video_decoder_thread.c: =>vdt_pause set pause(1)
04-03 06:00:04.327 22863 22991 W /video_decoder_thread.c: VIDEO(dec) unpaused:7
04-03 06:00:04.328 22863 22863 W /video_decoder_thread.c: =>vdt_pause unpaused(0)
04-03 06:00:04.328 22863 22863 W /audio_decoder_thread.c: AUDIO(dec) adt_pause invoke 1(2)
04-03 06:00:04.328 22863 22863 W /ffmpeg_audio_decoder_provider.c: =>ffmpeg_adp_change_state state(1) inst->codec_context(0xd29b3800)
04-03 06:00:04.328 22863 22863 W /audio_decoder_thread.c: =>adt_pause set pause(1)
04-03 06:00:04.328 22863 22863 W /audio_decoder_thread.c: =>adt_pause unpaused(0)
04-03 06:00:04.328 22863 22863 W /audio_renderer_thread.c: AUDIO(ren) art_pause invoke 1(2)
04-03 06:00:04.328 22863 22863 W /audio_renderer_thread.c: =>art_pause set pause(1)
04-03 06:00:04.328 22863 22863 W /audio_renderer_thread.c: =>art_pause unpaused(0)
04-03 06:00:04.328 22863 22863 W /recorder_provider_thread.c: rpt_pause invoke 1(2)
04-03 06:00:04.328 22863 22863 W /recorder_provider_thread.c: =>rpt_pause set play(1)
04-03 06:00:04.328 22863 22863 W /player.c: player_all_pause: test LeaveCriticalSection 1, 0xeb2b27c0
04-03 06:00:04.328 22863 22863 W /player.c: player_all_pause: done.
04-03 06:00:04.329 22863 22863 W /player.c: player_notify: 14 
04-03 06:00:04.329 22863 22863 W /player.c: player_notify: CallVoidMethod 14 
04-03 06:00:04.329 22863 22863 E MediaPlayerSDKTest.Simple: Form Native Player status: 14
04-03 06:00:04.329 22863 22863 W /player.c: player_notify: CallVoidMethod return 14 
04-03 06:00:04.329 22863 22863 W /player.c: player_notify: player_play is_eos(1)
04-03 06:00:04.329 22863 22863 W /player.c: player_notify: 12 
04-03 06:00:04.329 22863 22863 W /player.c: player_notify: CallVoidMethod 12 
04-03 06:00:04.329 22863 22863 W /player.c: player_notify: skip EOS because sended before 12 
04-03 06:00:04.698   893  2794 D WifiStateMachine:  ConnectedState !CMD_RSSI_POLL  rt=11524833/13682164 8 0 "Keenetic-4147" 1c:74:0d:90:2c:1c rssi=-36 f=2432 sc=60 link=104 tx=29.5, 0.0, 0.0  rx=48.4 bcn=97337 [on:0 tx:0 rx:0 period:2999] from screen [on:150888 period:153909] gl hn u24 rssi=-31 ag=0 hr ticks 0,0,6 ls-=0 [56,56,60,60,65] brc=0 lrc=0 offload-stopped
04-03 06:00:04.699   893  2794 D WifiStateMachine:  L2ConnectedState !CMD_RSSI_POLL  rt=11524834/13682165 8 0 "Keenetic-4147" 1c:74:0d:90:2c:1c rssi=-36 f=2432 sc=60 link=104 tx=29.5, 0.0, 0.0  rx=48.4 bcn=97337 [on:0 tx:0 rx:0 period:1] from screen [on:150888 period:153910] gl hn u24 rssi=-31 ag=0 hr ticks 0,0,6 ls-=0 [56,56,60,60,65] brc=0 lrc=0 offload-stopped
04-03 06:00:04.699   893  2794 D WifiStateMachine:  get link layer stats 4
04-03 06:00:04.702   893  2794 D WifiNative-wlan0: doString: [SIGNAL_POLL]
04-03 06:00:04.703   893  2794 D WifiStateMachine: fetchRssiLinkSpeedAndFrequencyNative rssi=-37 linkspeed=117 freq=2432
04-03 06:00:04.704   893  2794 D WifiConfigManager: updateConfiguration freq=2432 BSSID=1c:74:0d:90:2c:1c RSSI=-36 "Keenetic-4147"WPA_PSK
04-03 06:00:04.704   893  2794 D WifiStateMachine: calculateWifiScore freq=2432 speed=117 score=60 highRSSI  -> txbadrate=0.00 txgoodrate=30.76 txretriesrate=0.01 rxrate=53.72 userTriggerdPenalty0
04-03 06:00:04.704   893  2794 D WifiStateMachine:  good link -> stuck count =0
04-03 06:00:04.704   893  2794 D WifiStateMachine:  badRSSI count0 lowRSSI count0 --> score 60
04-03 06:00:04.704   893  2794 D WifiStateMachine:  isHighRSSI       ---> score=65
04-03 06:00:05.081 22863 22884 W /player.c: STAT(RES(240x160) FPS:0.00/00152 V: c-d(0-0:100) d-r(0:100) L(959000) A: c-d(0:100) d-r(0:100) )
04-03 06:00:05.696 22863 22863 W /ffmpeg_content_provider.c: ffmpeg_cp_skip_interrupt 1, 0
04-03 06:00:05.697 22863 22863 W /player.c: player_all_pause: player_state (2) test EnterCriticalSection 1, 0xeb2b27c0
04-03 06:00:05.697 22863 22863 W /player.c: player_all_pause: 2(2)
04-03 06:00:05.697 22863 22863 W /ffmpeg_content_provider.c: ffmpeg_cp_interrupt_for_pause 1, 1
04-03 06:00:05.697 22863 22863 W /content_provider_thread.c: CONT(src) cpt_pause invoke 2(1)
04-03 06:00:05.697 22863 22863 W /content_provider_thread.c: =>cpt_pause set pause(2)
04-03 06:00:05.758 22863 22893 W /ffmpeg_content_provider.c: timeout_interrupt_callback: Interrupted by user!
04-03 06:00:05.758 22863 22893 W /ffmpeg_content_provider.c: MEDIA(src) ffmpeg_cp_get_data ERROR disc s(11525830130) n(0) averror(ffffffff)
04-03 06:00:05.768 22863 22893 W /ffmpeg_content_provider.c: MEDIA(src) ffmpeg_cp_play: send pause to server disabled!
04-03 06:00:05.768 22863 22893 W /content_provider_thread.c: CONTENT(prov) thread: wait unpause
04-03 06:00:05.768 22863 22863 W /content_provider_thread.c: =>cpt_pause paused(0)
04-03 06:00:05.768 22863 22863 W /video_renderer_thread.c: VIDEO(ren) vrt_pause invoke 2(1)
04-03 06:00:05.768 22863 22863 W /video_renderer_thread.c: =>vrt_pause set pause(2)
04-03 06:00:05.780 22863 22990 W /video_renderer_thread.c: VIDEO(render) pipis_pause: 1
04-03 06:00:05.780 22863 22863 W /video_renderer_thread.c: =>vrt_pause paused(0)
04-03 06:00:05.780 22863 22863 W /video_decoder_thread.c: VIDEO(dec) vdt_pause invoke 2(1)
04-03 06:00:05.780 22863 22863 W /video_decoder_thread.c: =>vdt_pause set pause(2)
04-03 06:00:05.786 22863 22991 W /video_decoder_thread.c: VIDEO(dec) start  wait unpause:7
04-03 06:00:05.786 22863 22863 W /video_decoder_thread.c: =>vdt_pause paused(0)
04-03 06:00:05.786 22863 22863 W /audio_decoder_thread.c: AUDIO(dec) adt_pause invoke 2(1)
04-03 06:00:05.786 22863 22863 W /ffmpeg_audio_decoder_provider.c: =>ffmpeg_adp_change_state state(2) inst->codec_context(0xd29b3800)
04-03 06:00:05.786 22863 22863 W /audio_decoder_thread.c: =>adt_pause set pause(2)
04-03 06:00:05.786 22863 22863 W /audio_decoder_thread.c: =>adt_pause paused(0)
04-03 06:00:05.786 22863 22863 W /audio_renderer_thread.c: AUDIO(ren) art_pause invoke 2(1)
04-03 06:00:05.786 22863 22863 W /audio_renderer_thread.c: =>art_pause set pause(2)
04-03 06:00:05.795 22863 22863 W /audio_renderer_thread.c: =>art_pause paused(0)
04-03 06:00:05.795 22863 22863 W /recorder_provider_thread.c: rpt_pause invoke 2(1)
04-03 06:00:05.795 22863 22863 W /recorder_provider_thread.c: =>rpt_pause set pause(2)
04-03 06:00:05.804 22863 22863 W /player.c: player_all_pause: test LeaveCriticalSection 1, 0xeb2b27c0
04-03 06:00:05.804 22863 22863 W /player.c: player_all_pause: done.
04-03 06:00:05.804 22863 22863 W /player.c: player_notify: 15 
04-03 06:00:05.804 22863 22863 W /player.c: player_notify: CallVoidMethod 15 
04-03 06:00:05.804 22863 22863 E MediaPlayerSDKTest.Simple: Form Native Player status: 15
04-03 06:00:05.805 22863 22863 W /player.c: player_notify: CallVoidMethod return 15 
04-03 06:00:06.082 22863 22884 W /player.c: STAT(RES(240x160) FPS:0.00/00152 V: c-d(0-0:100) d-r(0:100) L(959000) A: c-d(0:100) d-r(0:100) )
04-03 06:00:06.552 22863 22863 W /ffmpeg_content_provider.c: ffmpeg_cp_skip_interrupt 0, 1
04-03 06:00:06.552 22863 22863 W /player.c: player_all_pause: player_state (3) test EnterCriticalSection 1, 0xeb2b27c0
04-03 06:00:06.552 22863 22863 W /player.c: player_all_pause: 1(1)
04-03 06:00:06.552 22863 22863 W /ffmpeg_content_provider.c: ffmpeg_cp_interrupt_for_pause 0, 1
04-03 06:00:06.552 22863 22863 W /content_provider_thread.c: CONT(src) cpt_pause invoke 1(2)
04-03 06:00:06.552 22863 22863 W /content_provider_thread.c: =>cpt_pause set pause(1)
04-03 06:00:06.552 22863 22893 W /ffmpeg_content_provider.c: MEDIA(src) ffmpeg_cp_play: send play to server disabled!
04-03 06:00:06.553 22863 22863 W /content_provider_thread.c: =>cpt_pause unpaused(0)
04-03 06:00:06.553 22863 22863 W /video_renderer_thread.c: VIDEO(ren) vrt_pause invoke 1(2)
04-03 06:00:06.553 22863 22863 W /video_renderer_thread.c: =>vrt_pause set pause(1)
04-03 06:00:06.553 22863 22863 W /video_renderer_thread.c: =>vrt_pause unpaused(0)
04-03 06:00:06.553 22863 22863 W /video_decoder_thread.c: VIDEO(dec) vdt_pause invoke 1(2)
04-03 06:00:06.553 22863 22863 W /video_decoder_thread.c: =>vdt_pause set pause(1)
04-03 06:00:06.553 22863 22991 W /video_decoder_thread.c: VIDEO(dec) unpaused:7
04-03 06:00:06.554 22863 22863 W /video_decoder_thread.c: =>vdt_pause unpaused(0)
04-03 06:00:06.554 22863 22863 W /audio_decoder_thread.c: AUDIO(dec) adt_pause invoke 1(2)
04-03 06:00:06.554 22863 22863 W /ffmpeg_audio_decoder_provider.c: =>ffmpeg_adp_change_state state(1) inst->codec_context(0xd29b3800)
04-03 06:00:06.554 22863 22863 W /audio_decoder_thread.c: =>adt_pause set pause(1)
04-03 06:00:06.556 22863 22863 W /audio_decoder_thread.c: =>adt_pause unpaused(0)
04-03 06:00:06.556 22863 22863 W /audio_renderer_thread.c: AUDIO(ren) art_pause invoke 1(2)
04-03 06:00:06.556 22863 22863 W /audio_renderer_thread.c: =>art_pause set pause(1)
04-03 06:00:06.557 22863 22863 W /audio_renderer_thread.c: =>art_pause unpaused(0)
04-03 06:00:06.557 22863 22863 W /recorder_provider_thread.c: rpt_pause invoke 1(2)
04-03 06:00:06.557 22863 22863 W /recorder_provider_thread.c: =>rpt_pause set play(1)
04-03 06:00:06.557 22863 22863 W /player.c: player_all_pause: test LeaveCriticalSection 1, 0xeb2b27c0
04-03 06:00:06.557 22863 22863 W /player.c: player_all_pause: done.
04-03 06:00:06.557 22863 22863 W /player.c: player_notify: 14 
04-03 06:00:06.557 22863 22863 W /player.c: player_notify: CallVoidMethod 14 
04-03 06:00:06.557 22863 22863 E MediaPlayerSDKTest.Simple: Form Native Player status: 14
04-03 06:00:06.558 22863 22863 W /player.c: player_notify: CallVoidMethod return 14 
04-03 06:00:06.558 22863 22863 W /player.c: player_notify: player_play is_eos(1)
04-03 06:00:06.558 22863 22863 W /player.c: player_notify: 12 
04-03 06:00:06.558 22863 22863 W /player.c: player_notify: CallVoidMethod 12 
04-03 06:00:06.558 22863 22863 W /player.c: player_notify: skip EOS because sended before 12 
04-03 06:00:06.632 22863 22893 W /player.c: player_notify: 113 
04-03 06:00:06.632 22863 22893 W /player.c: player_notify: CallVoidMethod 113 
04-03 06:00:06.632 22863 22893 E MediaPlayerSDKTest.Simple: Form Native Player status: 113
04-03 06:00:06.632 22863 22893 W /player.c: player_notify: CallVoidMethod return 113 
04-03 06:00:06.632 22863 22893 W /ffmpeg_content_provider.c: MEDIA(src) guard v cur:9223372036794560808, guard: 120000000 
04-03 06:00:06.637 22863 23000 W AudioTrack: releaseBuffer() track 0xd29d8000 disabled due to previous underrun, restarting
04-03 06:00:06.642 22863 22893 W /ffmpeg_content_provider.c: MEDIA(src) video discontinuity detected: pts: 156798000, last_pts: 139923000, real_delta: 16875000, default discontinuity_v_timeout: 1000000
04-03 06:00:06.643 22863 22893 W /player.c: player_notify: 114 
04-03 06:00:06.643 22863 22893 W /player.c: player_notify: CallVoidMethod 114 
04-03 06:00:06.643 22863 22893 E MediaPlayerSDKTest.Simple: Form Native Player status: 114
04-03 06:00:06.643 22863 22893 W /player.c: player_notify: CallVoidMethod return 114 
04-03 06:00:06.649   537   682 D audio_hw_primary: enable_snd_device: snd_device(2: speaker)
04-03 06:00:06.651   537   682 D audio_hw_primary: enable_audio_route: usecase(1) apply and update mixer path: low-latency-playback speaker
04-03 06:00:07.084 22863 22884 W /player.c: STAT(RES(240x160) FPS:0.00/00000 V: c-d(0-0:100) d-r(0:100) L(18500000) A: c-d(0:100) d-r(3:99) )
04-03 06:00:07.633 22863 22990 W /player.c: player_notify: 308 
04-03 06:00:07.633 22863 22990 W /player.c: player_notify: CallVoidMethod 308 
04-03 06:00:07.633 22863 22990 E MediaPlayerSDKTest.Simple: Form Native Player status: 308
04-03 06:00:07.633 22863 22990 W /player.c: player_notify: CallVoidMethod return 308 
04-03 06:00:07.708   893  2794 D WifiStateMachine:  ConnectedState !CMD_RSSI_POLL  rt=11527843/13685173 8 0 "Keenetic-4147" 1c:74:0d:90:2c:1c rssi=-37 f=2432 sc=60 link=117 tx=30.8, 0.0, 0.0  rx=53.7 bcn=97366 [on:0 tx:0 rx:0 period:3002] from screen [on:153895 period:156919] gl hn u24 rssi=-32 ag=0 hr ticks 0,0,6 ls-=0 [56,56,60,60,65] brc=0 lrc=0 offload-stopped
04-03 06:00:07.708   893  2794 D WifiStateMachine:  L2ConnectedState !CMD_RSSI_POLL  rt=11527844/13685174 8 0 "Keenetic-4147" 1c:74:0d:90:2c:1c rssi=-37 f=2432 sc=60 link=117 tx=30.8, 0.0, 0.0  rx=53.7 bcn=97366 [on:0 tx:0 rx:0 period:0] from screen [on:153895 period:156919] gl hn u24 rssi=-32 ag=0 hr ticks 0,0,6 ls-=0 [56,56,60,60,65] brc=0 lrc=0 offload-stopped
04-03 06:00:07.708   893  2794 D WifiStateMachine:  get link layer stats 4
04-03 06:00:07.711   893  2794 D WifiNative-wlan0: doString: [SIGNAL_POLL]
04-03 06:00:07.713   893  2794 D WifiStateMachine: fetchRssiLinkSpeedAndFrequencyNative rssi=-36 linkspeed=117 freq=2432
04-03 06:00:07.713   893  2794 D WifiConfigManager: updateConfiguration freq=2432 BSSID=1c:74:0d:90:2c:1c RSSI=-36 "Keenetic-4147"WPA_PSK
04-03 06:00:07.713   893  2794 D WifiStateMachine: calculateWifiScore freq=2432 speed=117 score=60 highRSSI  -> txbadrate=0.00 txgoodrate=25.38 txretriesrate=0.00 rxrate=43.86 userTriggerdPenalty0
04-03 06:00:07.713   893  2794 D WifiStateMachine:  good link -> stuck count =0
04-03 06:00:07.714   893  2794 D WifiStateMachine:  badRSSI count0 lowRSSI count0 --> score 60
04-03 06:00:07.714   893  2794 D WifiStateMachine:  isHighRSSI       ---> score=65
04-03 06:00:08.085 22863 22884 W /player.c: STAT(RES(240x160) FPS:0.00/00066 V: c-d(0-0:100) d-r(0:100) L(0) A: c-d(0:100) d-r(0:100) )
04-03 06:00:08.334 22863 22863 W /ffmpeg_content_provider.c: ffmpeg_cp_skip_interrupt 1, 0
04-03 06:00:08.334 22863 22863 W /player.c: player_all_pause: player_state (2) test EnterCriticalSection 1, 0xeb2b27c0
04-03 06:00:08.334 22863 22863 W /player.c: player_all_pause: 2(2)
04-03 06:00:08.334 22863 22863 W /ffmpeg_content_provider.c: ffmpeg_cp_interrupt_for_pause 1, 1
04-03 06:00:08.334 22863 22863 W /content_provider_thread.c: CONT(src) cpt_pause invoke 2(1)
04-03 06:00:08.334 22863 22863 W /content_provider_thread.c: =>cpt_pause set pause(2)
04-03 06:00:08.383 22863 22893 W /ffmpeg_content_provider.c: timeout_interrupt_callback: Interrupted by user!
04-03 06:00:08.383 22863 22893 W /ffmpeg_content_provider.c: MEDIA(src) ffmpeg_cp_play: send pause to server disabled!
04-03 06:00:08.383 22863 22893 W /content_provider_thread.c: CONTENT(prov) thread: wait unpause
04-03 06:00:08.383 22863 22863 W /content_provider_thread.c: =>cpt_pause paused(0)
04-03 06:00:08.383 22863 22863 W /video_renderer_thread.c: VIDEO(ren) vrt_pause invoke 2(1)
04-03 06:00:08.383 22863 22863 W /video_renderer_thread.c: =>vrt_pause set pause(2)
04-03 06:00:08.401 22863 22990 W /video_renderer_thread.c: VIDEO(render) pipis_pause: 1
04-03 06:00:08.401 22863 22863 W /video_renderer_thread.c: =>vrt_pause paused(0)
04-03 06:00:08.401 22863 22863 W /video_decoder_thread.c: VIDEO(dec) vdt_pause invoke 2(1)
04-03 06:00:08.401 22863 22863 W /video_decoder_thread.c: =>vdt_pause set pause(2)
04-03 06:00:08.406 22863 22991 W /video_decoder_thread.c: VIDEO(dec) start  wait unpause:7
04-03 06:00:08.406 22863 22863 W /video_decoder_thread.c: =>vdt_pause paused(0)
04-03 06:00:08.406 22863 22863 W /audio_decoder_thread.c: AUDIO(dec) adt_pause invoke 2(1)
04-03 06:00:08.406 22863 22863 W /ffmpeg_audio_decoder_provider.c: =>ffmpeg_adp_change_state state(2) inst->codec_context(0xd29b3800)
04-03 06:00:08.406 22863 22863 W /audio_decoder_thread.c: =>adt_pause set pause(2)
04-03 06:00:08.407 22863 22863 W /audio_decoder_thread.c: =>adt_pause paused(0)
04-03 06:00:08.407 22863 22863 W /audio_renderer_thread.c: AUDIO(ren) art_pause invoke 2(1)
04-03 06:00:08.407 22863 22863 W /audio_renderer_thread.c: =>art_pause set pause(2)
04-03 06:00:08.471 22863 22863 W /audio_renderer_thread.c: =>art_pause paused(0)
04-03 06:00:08.471 22863 22863 W /recorder_provider_thread.c: rpt_pause invoke 2(1)
04-03 06:00:08.471 22863 22863 W /recorder_provider_thread.c: =>rpt_pause set pause(2)
04-03 06:00:08.479 22863 22863 W /player.c: player_all_pause: test LeaveCriticalSection 1, 0xeb2b27c0
04-03 06:00:08.479 22863 22863 W /player.c: player_all_pause: done.
04-03 06:00:08.479 22863 22863 W /player.c: player_notify: 15 
04-03 06:00:08.479 22863 22863 W /player.c: player_notify: CallVoidMethod 15 
04-03 06:00:08.479 22863 22863 E MediaPlayerSDKTest.Simple: Form Native Player status: 15
04-03 06:00:08.480 22863 22863 W /player.c: player_notify: CallVoidMethod return 15 
04-03 06:00:09.016   537   682 I AudioFlinger: BUFFER TIMEOUT: remove(4099) from active list on thread 0xe9703400
04-03 06:00:09.087 22863 22884 W /player.c: STAT(RES(240x160) FPS:0.00/00066 V: c-d(0-0:100) d-r(0:100) L(584000) A: c-d(0:100) d-r(3:99) )
04-03 06:00:09.119   537   682 D audio_hw_primary: disable_audio_route: usecase(1) reset and update mixer path: low-latency-playback speaker
04-03 06:00:09.126   537   682 D audio_hw_primary: disable_snd_device: snd_device(2: speaker)
04-03 06:00:09.220 22863 22863 W /ffmpeg_content_provider.c: ffmpeg_cp_skip_interrupt 0, 1
04-03 06:00:09.220 22863 22863 W /player.c: player_all_pause: player_state (3) test EnterCriticalSection 1, 0xeb2b27c0
04-03 06:00:09.220 22863 22863 W /player.c: player_all_pause: 1(1)
04-03 06:00:09.220 22863 22863 W /ffmpeg_content_provider.c: ffmpeg_cp_interrupt_for_pause 0, 1
04-03 06:00:09.220 22863 22863 W /content_provider_thread.c: CONT(src) cpt_pause invoke 1(2)
04-03 06:00:09.220 22863 22863 W /content_provider_thread.c: =>cpt_pause set pause(1)
04-03 06:00:09.220 22863 22893 W /ffmpeg_content_provider.c: MEDIA(src) ffmpeg_cp_play: send play to server disabled!
04-03 06:00:09.220 22863 22863 W /content_provider_thread.c: =>cpt_pause unpaused(0)
04-03 06:00:09.220 22863 22863 W /video_renderer_thread.c: VIDEO(ren) vrt_pause invoke 1(2)
04-03 06:00:09.220 22863 22863 W /video_renderer_thread.c: =>vrt_pause set pause(1)
04-03 06:00:09.221 22863 22863 W /video_renderer_thread.c: =>vrt_pause unpaused(0)
04-03 06:00:09.221 22863 22863 W /video_decoder_thread.c: VIDEO(dec) vdt_pause invoke 1(2)
04-03 06:00:09.221 22863 22863 W /video_decoder_thread.c: =>vdt_pause set pause(1)
04-03 06:00:09.221 22863 22991 W /video_decoder_thread.c: VIDEO(dec) unpaused:7
04-03 06:00:09.221 22863 22863 W /video_decoder_thread.c: =>vdt_pause unpaused(0)
04-03 06:00:09.221 22863 22863 W /audio_decoder_thread.c: AUDIO(dec) adt_pause invoke 1(2)
04-03 06:00:09.221 22863 22863 W /ffmpeg_audio_decoder_provider.c: =>ffmpeg_adp_change_state state(1) inst->codec_context(0xd29b3800)
04-03 06:00:09.221 22863 22863 W /audio_decoder_thread.c: =>adt_pause set pause(1)
04-03 06:00:09.222 22863 22863 W /audio_decoder_thread.c: =>adt_pause unpaused(0)
04-03 06:00:09.222 22863 22863 W /audio_renderer_thread.c: AUDIO(ren) art_pause invoke 1(2)
04-03 06:00:09.222 22863 22863 W /audio_renderer_thread.c: =>art_pause set pause(1)
04-03 06:00:09.223 22863 23000 W AudioTrack: releaseBuffer() track 0xd29d8000 disabled due to previous underrun, restarting
04-03 06:00:09.223 22863 22863 W /audio_renderer_thread.c: =>art_pause unpaused(0)
04-03 06:00:09.223 22863 22863 W /recorder_provider_thread.c: rpt_pause invoke 1(2)
04-03 06:00:09.223 22863 22863 W /recorder_provider_thread.c: =>rpt_pause set play(1)
04-03 06:00:09.223 22863 22863 W /player.c: player_all_pause: test LeaveCriticalSection 1, 0xeb2b27c0
04-03 06:00:09.223 22863 22863 W /player.c: player_all_pause: done.
04-03 06:00:09.223 22863 22863 W /player.c: player_notify: 14 
04-03 06:00:09.224 22863 22863 W /player.c: player_notify: CallVoidMethod 14 
04-03 06:00:09.224 22863 22863 E MediaPlayerSDKTest.Simple: Form Native Player status: 14
04-03 06:00:09.224 22863 22863 W /player.c: player_notify: CallVoidMethod return 14 
04-03 06:00:09.224 22863 22863 W /player.c: player_notify: player_play is_eos(1)
04-03 06:00:09.224 22863 22863 W /player.c: player_notify: 12 
04-03 06:00:09.224 22863 22863 W /player.c: player_notify: CallVoidMethod 12 
04-03 06:00:09.224 22863 22863 W /player.c: player_notify: skip EOS because sended before 12 
04-03 06:00:09.229 22863 22893 W /ffmpeg_content_provider.c: MEDIA(src) guard v cur:9223372036794560808, guard: 120000000 
04-03 06:00:09.246   537   682 D audio_hw_primary: enable_snd_device: snd_device(2: speaker)
04-03 06:00:09.249   537   682 D audio_hw_primary: enable_audio_route: usecase(1) apply and update mixer path: low-latency-playback speaker
04-03 06:00:09.652 22863 22990 W /player.c: player_notify: 308 
04-03 06:00:09.653 22863 22990 W /player.c: player_notify: CallVoidMethod 308 
04-03 06:00:09.653 22863 22990 E MediaPlayerSDKTest.Simple: Form Native Player status: 308
04-03 06:00:09.653 22863 22990 W /player.c: player_notify: CallVoidMethod return 308 
04-03 06:00:10.088 22863 22884 W /player.c: STAT(RES(240x160) FPS:0.00/00099 V: c-d(0-0:100) d-r(1:99) L(333000) A: c-d(0:100) d-r(11:98) )
04-03 06:00:10.718   893  2794 D WifiStateMachine:  ConnectedState !CMD_RSSI_POLL  rt=11530853/13688183 8 0 "Keenetic-4147" 1c:74:0d:90:2c:1c rssi=-36 f=2432 sc=60 link=117 tx=25.4, 0.0, 0.0  rx=43.9 bcn=97394 [on:0 tx:0 rx:0 period:3003] from screen [on:156904 period:159929] gl hn u24 rssi=-31 ag=0 hr ticks 0,0,6 ls-=0 [56,56,60,60,65] brc=0 lrc=0 offload-stopped
04-03 06:00:10.719   893  2794 D WifiStateMachine:  L2ConnectedState !CMD_RSSI_POLL  rt=11530854/13688185 8 0 "Keenetic-4147" 1c:74:0d:90:2c:1c rssi=-36 f=2432 sc=60 link=117 tx=25.4, 0.0, 0.0  rx=43.9 bcn=97394 [on:0 tx:0 rx:0 period:1] from screen [on:156904 period:159930] gl hn u24 rssi=-31 ag=0 hr ticks 0,0,6 ls-=0 [56,56,60,60,65] brc=0 lrc=0 offload-stopped
04-03 06:00:10.719   893  2794 D WifiStateMachine:  get link layer stats 4
04-03 06:00:10.724   893  2794 D WifiNative-wlan0: doString: [SIGNAL_POLL]
04-03 06:00:10.727   893  2794 D WifiStateMachine: fetchRssiLinkSpeedAndFrequencyNative rssi=-38 linkspeed=117 freq=2432
04-03 06:00:10.727   893  2794 D WifiConfigManager: updateConfiguration freq=2432 BSSID=1c:74:0d:90:2c:1c RSSI=-37 "Keenetic-4147"WPA_PSK
04-03 06:00:10.728   893  2794 D WifiStateMachine: calculateWifiScore freq=2432 speed=117 score=60 highRSSI  -> txbadrate=0.00 txgoodrate=30.19 txretriesrate=0.00 rxrate=39.93 userTriggerdPenalty0
04-03 06:00:10.729   893  2794 D WifiStateMachine:  good link -> stuck count =0
04-03 06:00:10.729   893  2794 D WifiStateMachine:  badRSSI count0 lowRSSI count0 --> score 60
04-03 06:00:10.729   893  2794 D WifiStateMachine:  isHighRSSI       ---> score=65
04-03 06:00:10.902 21371 21371 I ServiceManager: Waiting for service AtCmdFwd...
04-03 06:00:11.090 22863 22884 W /player.c: STAT(RES(240x160) FPS:0.90/00166 V: c-d(0-0:100) d-r(0:100) L(1417000) A: c-d(0:100) d-r(13:98) )
04-03 06:00:11.903 21371 21371 I ServiceManager: Waiting for service AtCmdFwd...
04-03 06:00:12.092 22863 22884 W /player.c: STAT(RES(240x160) FPS:0.90/00160 V: c-d(0-0:100) d-r(12:95) L(2417000) A: c-d(0:100) d-r(14:98) )
04-03 06:00:12.905 21371 21371 I ServiceManager: Waiting for service AtCmdFwd...
04-03 06:00:13.095 22863 22884 W /player.c: STAT(RES(240x160) FPS:0.50/00121 V: c-d(0-0:100) d-r(26:91) L(1083000) A: c-d(0:100) d-r(12:98) )
04-03 06:00:13.730   893  2794 D WifiStateMachine:  ConnectedState !CMD_RSSI_POLL  rt=11533865/13691196 8 0 "Keenetic-4147" 1c:74:0d:90:2c:1c rssi=-38 f=2432 sc=60 link=117 tx=30.2, 0.0, 0.0  rx=39.9 bcn=97421 [on:0 tx:0 rx:0 period:2997] from screen [on:159914 period:162941] gl hn u24 rssi=-33 ag=0 hr ticks 0,0,6 ls-=0 [56,56,60,60,65] brc=0 lrc=0 offload-stopped
04-03 06:00:13.731   893  2794 D WifiStateMachine:  L2ConnectedState !CMD_RSSI_POLL  rt=11533866/13691197 8 0 "Keenetic-4147" 1c:74:0d:90:2c:1c rssi=-38 f=2432 sc=60 link=117 tx=30.2, 0.0, 0.0  rx=39.9 bcn=97421 [on:0 tx:0 rx:0 period:1] from screen [on:159914 period:162942] gl hn u24 rssi=-33 ag=0 hr ticks 0,0,6 ls-=0 [56,56,60,60,65] brc=0 lrc=0 offload-stopped
04-03 06:00:13.731   893  2794 D WifiStateMachine:  get link layer stats 4
04-03 06:00:13.734   893  2794 D WifiNative-wlan0: doString: [SIGNAL_POLL]
04-03 06:00:13.737   893  2794 D WifiStateMachine: fetchRssiLinkSpeedAndFrequencyNative rssi=-38 linkspeed=104 freq=2432
04-03 06:00:13.737   893  2794 D WifiConfigManager: updateConfiguration freq=2432 BSSID=1c:74:0d:90:2c:1c RSSI=-37 "Keenetic-4147"WPA_PSK
04-03 06:00:13.738   893  2794 D WifiStateMachine: calculateWifiScore freq=2432 speed=104 score=60 highRSSI  -> txbadrate=0.00 txgoodrate=32.60 txretriesrate=0.00 rxrate=41.96 userTriggerdPenalty0
04-03 06:00:13.738   893  2794 D WifiStateMachine:  good link -> stuck count =0
04-03 06:00:13.738   893  2794 D WifiStateMachine:  badRSSI count0 lowRSSI count0 --> score 60
04-03 06:00:13.738   893  2794 D WifiStateMachine:  isHighRSSI       ---> score=65
04-03 06:00:13.905 21371 21371 I ServiceManager: Waiting for service AtCmdFwd...
04-03 06:00:14.098 22863 22884 W /player.c: STAT(RES(240x160) FPS:21.76/00211 V: c-d(0-0:100) d-r(2:99) L(1250000) A: c-d(0:100) d-r(13:98) )
04-03 06:00:14.906 21371 21371 I ServiceManager: Waiting for service AtCmdFwd...
04-03 06:00:15.100 22863 22884 W /player.c: STAT(RES(240x160) FPS:21.76/00100 V: c-d(0-0:100) d-r(20:93) L(2042000) A: c-d(0:100) d-r(13:98) )
04-03 06:00:15.907 21371 21371 W Atfwd_Sendcmd: AtCmdFwd service not published, waiting... retryCnt : 5
04-03 06:00:16.103 22863 22884 W /player.c: STAT(RES(240x160) FPS:6.26/00149 V: c-d(0-0:100) d-r(3:98) L(1167000) A: c-d(0:100) d-r(13:98) )
04-03 06:00:16.742   893  2794 D WifiStateMachine:  ConnectedState !CMD_RSSI_POLL  rt=11536876/13694207 8 0 "Keenetic-4147" 1c:74:0d:90:2c:1c rssi=-38 f=2432 sc=60 link=104 tx=32.6, 0.0, 0.0  rx=42.0 bcn=97447 [on:0 tx:0 rx:0 period:3001] from screen [on:162926 period:165953] gl hn rssi=-33 ag=0 hr ticks 0,0,6 ls-=0 [56,56,60,60,65] brc=0 lrc=0 offload-stopped
04-03 06:00:16.743   893  2794 D WifiStateMachine:  L2ConnectedState !CMD_RSSI_POLL  rt=11536878/13694208 8 0 "Keenetic-4147" 1c:74:0d:90:2c:1c rssi=-38 f=2432 sc=60 link=104 tx=32.6, 0.0, 0.0  rx=42.0 bcn=97447 [on:0 tx:0 rx:0 period:1] from screen [on:162926 period:165954] gl hn rssi=-33 ag=0 hr ticks 0,0,6 ls-=0 [56,56,60,60,65] brc=0 lrc=0 offload-stopped
04-03 06:00:16.743   893  2794 D WifiStateMachine:  get link layer stats 4
04-03 06:00:16.747   893  2794 D WifiNative-wlan0: doString: [SIGNAL_POLL]
04-03 06:00:16.750   893  2794 D WifiStateMachine: fetchRssiLinkSpeedAndFrequencyNative rssi=-39 linkspeed=117 freq=2432
04-03 06:00:16.750   893  2794 D WifiConfigManager: updateConfiguration freq=2432 BSSID=1c:74:0d:90:2c:1c RSSI=-38 "Keenetic-4147"WPA_PSK
04-03 06:00:16.751   893  2794 D WifiStateMachine: calculateWifiScore freq=2432 speed=117 score=60 highRSSI  -> txbadrate=0.00 txgoodrate=28.80 txretriesrate=0.00 rxrate=39.98 userTriggerdPenalty0
04-03 06:00:16.751   893  2794 D WifiStateMachine:  good link -> stuck count =0
04-03 06:00:16.751   893  2794 D WifiStateMachine:  badRSSI count0 lowRSSI count0 --> score 60
04-03 06:00:16.751   893  2794 D WifiStateMachine:  isHighRSSI       ---> score=65
04-03 06:00:17.104 22863 22884 W /player.c: STAT(RES(240x160) FPS:6.26/00076 V: c-d(0-0:100) d-r(2:99) L(2125000) A: c-d(0:100) d-r(13:98) )
04-03 06:00:18.107 22863 22884 W /player.c: STAT(RES(240x160) FPS:0.00/00145 V: c-d(0-0:100) d-r(2:99) L(3125000) A: c-d(0:100) d-r(13:98) )
04-03 06:00:19.109 22863 22884 W /player.c: STAT(RES(240x160) FPS:0.00/00095 V: c-d(0-0:100) d-r(2:99) L(2083000) A: c-d(0:100) d-r(13:98) )
04-03 06:00:19.757   893  2794 D WifiStateMachine:  ConnectedState !CMD_RSSI_POLL  rt=11539890/13697221 8 0 "Keenetic-4147" 1c:74:0d:90:2c:1c rssi=-39 f=2432 sc=60 link=117 tx=28.8, 0.0, 0.0  rx=40.0 bcn=97477 [on:0 tx:0 rx:0 period:3002] from screen [on:165938 period:168967] gl hn rssi=-34 ag=0 hr ticks 0,0,6 ls-=0 [56,56,60,60,65] brc=0 lrc=0 offload-stopped
04-03 06:00:19.759   893  2794 D WifiStateMachine:  L2ConnectedState !CMD_RSSI_POLL  rt=11539893/13697224 8 0 "Keenetic-4147" 1c:74:0d:90:2c:1c rssi=-39 f=2432 sc=60 link=117 tx=28.8, 0.0, 0.0  rx=40.0 bcn=97477 [on:0 tx:0 rx:0 period:3] from screen [on:165938 period:168970] gl hn rssi=-34 ag=0 hr ticks 0,0,6 ls-=0 [56,56,60,60,65] brc=0 lrc=0 offload-stopped
04-03 06:00:19.759   893  2794 D WifiStateMachine:  get link layer stats 4
04-03 06:00:19.765   893  2794 D WifiNative-wlan0: doString: [SIGNAL_POLL]
04-03 06:00:19.769   893  2794 D WifiStateMachine: fetchRssiLinkSpeedAndFrequencyNative rssi=-37 linkspeed=144 freq=2432
04-03 06:00:19.770   893  2794 D WifiConfigManager: updateConfiguration freq=2432 BSSID=1c:74:0d:90:2c:1c RSSI=-37 "Keenetic-4147"WPA_PSK
04-03 06:00:19.773   893  2794 D WifiStateMachine: calculateWifiScore freq=2432 speed=144 score=60 highRSSI  -> txbadrate=0.00 txgoodrate=27.90 txretriesrate=0.00 rxrate=42.49 userTriggerdPenalty0
04-03 06:00:19.774   893  2794 D WifiStateMachine:  good link -> stuck count =0
04-03 06:00:19.775   893  2794 D WifiStateMachine:  badRSSI count0 lowRSSI count0 --> score 60
04-03 06:00:19.775   893  2794 D WifiStateMachine:  isHighRSSI       ---> score=65
04-03 06:00:20.112 22863 22884 W /player.c: STAT(RES(240x160) FPS:0.00/00154 V: c-d(0-0:100) d-r(1:99) L(1125000) A: c-d(0:100) d-r(13:98) )
04-03 06:00:21.115 22863 22884 W /player.c: STAT(RES(240x160) FPS:1.02/00056 V: c-d(0-0:100) d-r(2:99) L(2083000) A: c-d(0:100) d-r(13:98) )
04-03 06:00:22.118 22863 22884 W /player.c: STAT(RES(240x160) FPS:0.00/00077 V: c-d(0-0:100) d-r(2:99) L(3083000) A: c-d(0:100) d-r(13:98) )
04-03 06:00:22.780   893  2794 D WifiStateMachine:  ConnectedState !CMD_RSSI_POLL  rt=11542914/13700245 8 0 "Keenetic-4147" 1c:74:0d:90:2c:1c rssi=-37 f=2432 sc=60 link=144 tx=27.9, 0.0, 0.0  rx=42.5 bcn=97506 [on:0 tx:0 rx:0 period:2999] from screen [on:168953 period:171991] gl hn rssi=-32 ag=0 hr ticks 0,0,6 ls-=0 [56,56,60,60,65] brc=0 lrc=0 offload-stopped
04-03 06:00:22.782   893  2794 D WifiStateMachine:  L2ConnectedState !CMD_RSSI_POLL  rt=11542916/13700246 8 0 "Keenetic-4147" 1c:74:0d:90:2c:1c rssi=-37 f=2432 sc=60 link=144 tx=27.9, 0.0, 0.0  rx=42.5 bcn=97506 [on:0 tx:0 rx:0 period:1] from screen [on:168953 period:171992] gl hn rssi=-32 ag=0 hr ticks 0,0,6 ls-=0 [56,56,60,60,65] brc=0 lrc=0 offload-stopped
04-03 06:00:22.782   893  2794 D WifiStateMachine:  get link layer stats 4
04-03 06:00:22.787   893  2794 D WifiNative-wlan0: doString: [SIGNAL_POLL]
04-03 06:00:22.790   893  2794 D WifiStateMachine: fetchRssiLinkSpeedAndFrequencyNative rssi=-38 linkspeed=144 freq=2432
04-03 06:00:22.791   893  2794 D WifiConfigManager: updateConfiguration freq=2432 BSSID=1c:74:0d:90:2c:1c RSSI=-37 "Keenetic-4147"WPA_PSK
04-03 06:00:22.794   893  2794 D WifiStateMachine: calculateWifiScore freq=2432 speed=144 score=60 highRSSI  -> txbadrate=0.00 txgoodrate=22.95 txretriesrate=0.00 rxrate=34.75 userTriggerdPenalty0
04-03 06:00:22.794   893  2794 D WifiStateMachine:  good link -> stuck count =0
04-03 06:00:22.794   893  2794 D WifiStateMachine:  badRSSI count0 lowRSSI count0 --> score 60
04-03 06:00:22.794   893  2794 D WifiStateMachine:  isHighRSSI       ---> score=65
04-03 06:00:23.120 22863 22884 W /player.c: STAT(RES(240x160) FPS:0.00/00063 V: c-d(0-0:100) d-r(2:99) L(2083000) A: c-d(0:100) d-r(14:98) )
04-03 06:00:24.122 22863 22884 W /player.c: STAT(RES(240x160) FPS:0.00/00100 V: c-d(0-0:100) d-r(2:99) L(3083000) A: c-d(0:100) d-r(13:98) )
04-03 06:00:25.124 22863 22884 W /player.c: STAT(RES(240x160) FPS:1.03/00097 V: c-d(0-0:100) d-r(2:99) L(2125000) A: c-d(0:100) d-r(13:98) )
04-03 06:00:25.800   893  2794 D WifiStateMachine:  ConnectedState !CMD_RSSI_POLL  rt=11545933/13703264 8 0 "Keenetic-4147" 1c:74:0d:90:2c:1c rssi=-38 f=2432 sc=60 link=144 tx=22.9, 0.0, 0.0  rx=34.7 bcn=97533 [on:0 tx:0 rx:0 period:3000] from screen [on:171976 period:175010] gl hn rssi=-33 ag=0 hr ticks 0,0,6 ls-=0 [56,56,60,60,65] brc=0 lrc=0 offload-stopped
04-03 06:00:25.802   893  2794 D WifiStateMachine:  L2ConnectedState !CMD_RSSI_POLL  rt=11545936/13703266 8 0 "Keenetic-4147" 1c:74:0d:90:2c:1c rssi=-38 f=2432 sc=60 link=144 tx=22.9, 0.0, 0.0  rx=34.7 bcn=97533 [on:0 tx:0 rx:0 period:2] from screen [on:171976 period:175012] gl hn rssi=-33 ag=0 hr ticks 0,0,6 ls-=0 [56,56,60,60,65] brc=0 lrc=0 offload-stopped
04-03 06:00:25.802   893  2794 D WifiStateMachine:  get link layer stats 4
04-03 06:00:25.807   893  2794 D WifiNative-wlan0: doString: [SIGNAL_POLL]
04-03 06:00:25.810   893  2794 D WifiStateMachine: fetchRssiLinkSpeedAndFrequencyNative rssi=-38 linkspeed=144 freq=2432
04-03 06:00:25.811   893  2794 D WifiConfigManager: updateConfiguration freq=2432 BSSID=1c:74:0d:90:2c:1c RSSI=-37 "Keenetic-4147"WPA_PSK
04-03 06:00:25.812   893  2794 D WifiStateMachine: calculateWifiScore freq=2432 speed=144 score=60 highRSSI  -> txbadrate=0.00 txgoodrate=26.97 txretriesrate=0.00 rxrate=36.37 userTriggerdPenalty0
04-03 06:00:25.812   893  2794 D WifiStateMachine:  good link -> stuck count =0
04-03 06:00:25.812   893  2794 D WifiStateMachine:  badRSSI count0 lowRSSI count0 --> score 60
04-03 06:00:25.812   893  2794 D WifiStateMachine:  isHighRSSI       ---> score=65
04-03 06:00:26.117 22863 22893 W /ffmpeg_content_provider.c: timeout_interrupt_callback guard time: 120000000, first:11426182517, diff:120067879
04-03 06:00:26.117 22863 22893 W /ffmpeg_content_provider.c: MEDIA(src) ffmpeg_cp_get_data DATA_RECEIVE_TIME_OUT disc s(11546250630) n(0) averror(0)
04-03 06:00:26.117 22863 22893 W /player.c: player_notify: 112 
04-03 06:00:26.117 22863 22893 W /player.c: player_notify: CallVoidMethod 112 
04-03 06:00:26.117 22863 22893 E MediaPlayerSDKTest.Simple: Form Native Player status: 112
04-03 06:00:26.117 22863 22893 W /player.c: player_notify: CallVoidMethod return 112 
04-03 06:00:26.118 22863 22893 W /ffmpeg_content_provider.c: timeout_interrupt_callback guard time: 120000000, first:11426182517, diff:120068520
04-03 06:00:26.127 22863 22884 W /player.c: STAT(RES(240x160) FPS:1.03/00181 V: c-d(0-0:100) d-r(2:99) L(3167000) A: c-d(0:100) d-r(13:98) )
04-03 06:00:26.128 22863 22893 W /ffmpeg_content_provider.c: timeout_interrupt_callback guard time: 120000000, first:11426182517, diff:120078720
04-03 06:00:26.138 22863 22893 W /ffmpeg_content_provider.c: timeout_interrupt_callback guard time: 120000000, first:11426182517, diff:120088966
04-03 06:00:26.148 22863 22893 W /ffmpeg_content_provider.c: timeout_interrupt_callback guard time: 120000000, first:11426182517, diff:120099214
04-03 06:00:26.158 22863 22893 W /ffmpeg_content_provider.c: timeout_interrupt_callback guard time: 120000000, first:11426182517, diff:120109476
04-03 06:00:26.169 22863 22893 W /ffmpeg_content_provider.c: timeout_interrupt_callback guard time: 120000000, first:11426182517, diff:120119727
04-03 06:00:26.179 22863 22893 W /ffmpeg_content_provider.c: timeout_interrupt_callback guard time: 120000000, first:11426182517, diff:120129972
04-03 06:00:26.189 22863 22893 W /ffmpeg_content_provider.c: timeout_interrupt_callback guard time: 120000000, first:11426182517, diff:120140232
04-03 06:00:26.199 22863 22893 W /ffmpeg_content_provider.c: timeout_interrupt_callback guard time: 120000000, first:11426182517, diff:120150484
04-03 06:00:26.210 22863 22893 W /ffmpeg_content_provider.c: timeout_interrupt_callback guard time: 120000000, first:11426182517, diff:120160726
04-03 06:00:26.220 22863 22893 W /ffmpeg_content_provider.c: timeout_interrupt_callback guard time: 120000000, first:11426182517, diff:120171029
04-03 06:00:26.231 22863 22893 W /ffmpeg_content_provider.c: timeout_interrupt_callback guard time: 120000000, first:11426182517, diff:120181425
04-03 06:00:26.241 22863 22893 W /ffmpeg_content_provider.c: timeout_interrupt_callback guard time: 120000000, first:11426182517, diff:120191920
04-03 06:00:26.251 22863 22893 W /ffmpeg_content_provider.c: timeout_interrupt_callback guard time: 120000000, first:11426182517, diff:120202231
04-03 06:00:26.262 22863 22893 W /ffmpeg_content_provider.c: timeout_interrupt_callback guard time: 120000000, first:11426182517, diff:120212657
04-03 06:00:26.272 22863 22893 W /ffmpeg_content_provider.c: timeout_interrupt_callback guard time: 120000000, first:11426182517, diff:120223011
04-03 06:00:26.282 22863 22893 W /ffmpeg_content_provider.c: timeout_interrupt_callback guard time: 120000000, first:11426182517, diff:120233407
04-03 06:00:26.293 22863 22893 W /ffmpeg_content_provider.c: timeout_interrupt_callback guard time: 120000000, first:11426182517, diff:120243721
04-03 06:00:26.303 22863 22893 W /ffmpeg_content_provider.c: timeout_interrupt_callback guard time: 120000000, first:11426182517, diff:120254474
04-03 06:00:26.314 22863 22893 W /ffmpeg_content_provider.c: timeout_interrupt_callback guard time: 120000000, first:11426182517, diff:120264836
04-03 06:00:26.324 22863 22893 W /ffmpeg_content_provider.c: timeout_interrupt_callback guard time: 120000000, first:11426182517, diff:120275277
04-03 06:00:26.335 22863 22893 W /ffmpeg_content_provider.c: timeout_interrupt_callback guard time: 120000000, first:11426182517, diff:120285603
04-03 06:00:26.345 22863 22893 W /ffmpeg_content_provider.c: timeout_interrupt_callback guard time: 120000000, first:11426182517, diff:120296017
04-03 06:00:26.356 22863 22893 W /ffmpeg_content_provider.c: timeout_interrupt_callback guard time: 120000000, first:11426182517, diff:120306478
04-03 06:00:26.366 22863 22893 W /ffmpeg_content_provider.c: timeout_interrupt_callback guard time: 120000000, first:11426182517, diff:120316833
04-03 06:00:26.376 22863 22893 W /ffmpeg_content_provider.c: timeout_interrupt_callback guard time: 120000000, first:11426182517, diff:120327238
04-03 06:00:26.387 22863 22893 W /ffmpeg_content_provider.c: timeout_interrupt_callback guard time: 120000000, first:11426182517, diff:120337597
04-03 06:00:26.397 22863 22893 W /ffmpeg_content_provider.c: timeout_interrupt_callback guard time: 120000000, first:11426182517, diff:120348019
04-03 06:00:26.408 22863 22893 W /ffmpeg_content_provider.c: timeout_interrupt_callback guard time: 120000000, first:11426182517, diff:120358478
04-03 06:00:26.418 22863 22893 W /ffmpeg_content_provider.c: timeout_interrupt_callback guard time: 120000000, first:11426182517, diff:120368867
04-03 06:00:26.428 22863 22893 W /ffmpeg_content_provider.c: timeout_interrupt_callback guard time: 120000000, first:11426182517, diff:120379248
