04-03 06:00:26.439 22863 22893 W /ffmpeg_content_provider.c: timeout_interrupt_callback guard time: 120000000, first:11426182517, diff:120389831
04-03 06:00:26.449 22863 22893 W /ffmpeg_content_provider.c: timeout_interrupt_callback guard time: 120000000, first:11426182517, diff:120400251
04-03 06:00:26.460 22863 22893 W /ffmpeg_content_provider.c: timeout_interrupt_callback guard time: 120000000, first:11426182517, diff:120410690
04-03 06:00:26.470 22863 22893 W /ffmpeg_content_provider.c: timeout_interrupt_callback guard time: 120000000, first:11426182517, diff:120421068
04-03 06:00:26.481 22863 22893 W /ffmpeg_content_provider.c: timeout_interrupt_callback guard time: 120000000, first:11426182517, diff:120431457
04-03 06:00:26.491 22863 22893 W /ffmpeg_content_provider.c: timeout_interrupt_callback guard time: 120000000, first:11426182517, diff:120441919
04-03 06:00:26.501 22863 22893 W /ffmpeg_content_provider.c: timeout_interrupt_callback guard time: 120000000, first:11426182517, diff:120452275
04-03 06:00:26.512 22863 22893 W /ffmpeg_content_provider.c: timeout_interrupt_callback guard time: 120000000, first:11426182517, diff:120462679
04-03 06:00:26.523 22863 22893 W /ffmpeg_content_provider.c: timeout_interrupt_callback guard time: 120000000, first:11426182517, diff:120474332
04-03 06:00:26.534 22863 22893 W /ffmpeg_content_provider.c: timeout_interrupt_callback guard time: 120000000, first:11426182517, diff:120484677
04-03 06:00:26.544 22863 22893 W /ffmpeg_content_provider.c: timeout_interrupt_callback guard time: 120000000, first:11426182517, diff:120495085
04-03 06:00:26.554 22863 22893 W /ffmpeg_content_provider.c: timeout_interrupt_callback guard time: 120000000, first:11426182517, diff:120505451
04-03 06:00:26.565 22863 22893 W /ffmpeg_content_provider.c: timeout_interrupt_callback guard time: 120000000, first:11426182517, diff:120515790
04-03 06:00:26.575 22863 22893 W /ffmpeg_content_provider.c: timeout_interrupt_callback guard time: 120000000, first:11426182517, diff:120526323
04-03 06:00:26.586 22863 22893 W /ffmpeg_content_provider.c: timeout_interrupt_callback guard time: 120000000, first:11426182517, diff:120536980
04-03 06:00:26.596 22863 22893 W /ffmpeg_content_provider.c: timeout_interrupt_callback guard time: 120000000, first:11426182517, diff:120547328
04-03 06:00:26.607 22863 22893 W /ffmpeg_content_provider.c: timeout_interrupt_callback guard time: 120000000, first:11426182517, diff:120557690
04-03 06:00:26.617 22863 22893 W /ffmpeg_content_provider.c: timeout_interrupt_callback guard time: 120000000, first:11426182517, diff:120568004
04-03 06:00:26.627 22863 22893 W /ffmpeg_content_provider.c: timeout_interrupt_callback guard time: 120000000, first:11426182517, diff:120578316
04-03 06:00:26.638 22863 22893 W /ffmpeg_content_provider.c: timeout_interrupt_callback guard time: 120000000, first:11426182517, diff:120588757
04-03 06:00:26.648 22863 22893 W /ffmpeg_content_provider.c: timeout_interrupt_callback guard time: 120000000, first:11426182517, diff:120599103
04-03 06:00:26.658 22863 22893 W /ffmpeg_content_provider.c: timeout_interrupt_callback guard time: 120000000, first:11426182517, diff:120609451
04-03 06:00:26.670 22863 22893 W /ffmpeg_content_provider.c: timeout_interrupt_callback guard time: 120000000, first:11426182517, diff:120620545
04-03 06:00:26.680 22863 22893 W /ffmpeg_content_provider.c: timeout_interrupt_callback guard time: 120000000, first:11426182517, diff:120630846
04-03 06:00:26.690 22863 22893 W /ffmpeg_content_provider.c: timeout_interrupt_callback guard time: 120000000, first:11426182517, diff:120641194
04-03 06:00:26.701 22863 22893 W /ffmpeg_content_provider.c: timeout_interrupt_callback guard time: 120000000, first:11426182517, diff:120651497
04-03 06:00:26.711 22863 22893 W /ffmpeg_content_provider.c: timeout_interrupt_callback guard time: 120000000, first:11426182517, diff:120661797
04-03 06:00:26.721 22863 22893 W /ffmpeg_content_provider.c: timeout_interrupt_callback guard time: 120000000, first:11426182517, diff:120672204
04-03 06:00:26.732 22863 22893 W /ffmpeg_content_provider.c: timeout_interrupt_callback guard time: 120000000, first:11426182517, diff:120682512
04-03 06:00:26.742 22863 22893 W /ffmpeg_content_provider.c: timeout_interrupt_callback guard time: 120000000, first:11426182517, diff:120693177
04-03 06:00:26.752 22863 22893 W /ffmpeg_content_provider.c: timeout_interrupt_callback guard time: 120000000, first:11426182517, diff:120703474
04-03 06:00:26.763 22863 22893 W /ffmpeg_content_provider.c: timeout_interrupt_callback guard time: 120000000, first:11426182517, diff:120713832
04-03 06:00:26.773 22863 22893 W /ffmpeg_content_provider.c: timeout_interrupt_callback guard time: 120000000, first:11426182517, diff:120724235
04-03 06:00:26.784 22863 22893 W /ffmpeg_content_provider.c: timeout_interrupt_callback guard time: 120000000, first:11426182517, diff:120734585
04-03 06:00:26.794 22863 22893 W /ffmpeg_content_provider.c: timeout_interrupt_callback guard time: 120000000, first:11426182517, diff:120744928
04-03 06:00:26.804 22863 22893 W /ffmpeg_content_provider.c: timeout_interrupt_callback guard time: 120000000, first:11426182517, diff:120755311
04-03 06:00:26.815 22863 22893 W /ffmpeg_content_provider.c: timeout_interrupt_callback guard time: 120000000, first:11426182517, diff:120765865
04-03 06:00:26.825 22863 22893 W /ffmpeg_content_provider.c: timeout_interrupt_callback guard time: 120000000, first:11426182517, diff:120776221
04-03 06:00:26.836 22863 22893 W /ffmpeg_content_provider.c: timeout_interrupt_callback guard time: 120000000, first:11426182517, diff:120786771
04-03 06:00:26.846 22863 22893 W /ffmpeg_content_provider.c: timeout_interrupt_callback guard time: 120000000, first:11426182517, diff:120797193
04-03 06:00:26.857 22863 22893 W /ffmpeg_content_provider.c: timeout_interrupt_callback guard time: 120000000, first:11426182517, diff:120807577
04-03 06:00:26.867 22863 22893 W /ffmpeg_content_provider.c: timeout_interrupt_callback guard time: 120000000, first:11426182517, diff:120817970
04-03 06:00:26.877 22863 22893 W /ffmpeg_content_provider.c: timeout_interrupt_callback guard time: 120000000, first:11426182517, diff:120828392
04-03 06:00:26.888 22863 22893 W /ffmpeg_content_provider.c: timeout_interrupt_callback guard time: 120000000, first:11426182517, diff:120839017
04-03 06:00:26.898 22863 22893 W /ffmpeg_content_provider.c: timeout_interrupt_callback guard time: 120000000, first:11426182517, diff:120849401
04-03 06:00:26.909 22863 22893 W /ffmpeg_content_provider.c: timeout_interrupt_callback guard time: 120000000, first:11426182517, diff:120859829
04-03 06:00:26.919 22863 22893 W /ffmpeg_content_provider.c: timeout_interrupt_callback guard time: 120000000, first:11426182517, diff:120870254
04-03 06:00:26.930 22863 22893 W /ffmpeg_content_provider.c: timeout_interrupt_callback guard time: 120000000, first:11426182517, diff:120880702
04-03 06:00:26.940 22863 22893 W /ffmpeg_content_provider.c: timeout_interrupt_callback guard time: 120000000, first:11426182517, diff:120891087
04-03 06:00:26.951 22863 22893 W /ffmpeg_content_provider.c: timeout_interrupt_callback guard time: 120000000, first:11426182517, diff:120901484
04-03 06:00:26.961 22863 22893 W /ffmpeg_content_provider.c: timeout_interrupt_callback guard time: 120000000, first:11426182517, diff:120911862
04-03 06:00:26.972 22863 22893 W /ffmpeg_content_provider.c: timeout_interrupt_callback guard time: 120000000, first:11426182517, diff:120922738
04-03 06:00:26.982 22863 22893 W /ffmpeg_content_provider.c: timeout_interrupt_callback guard time: 120000000, first:11426182517, diff:120933200
04-03 06:00:26.993 22863 22893 W /ffmpeg_content_provider.c: timeout_interrupt_callback guard time: 120000000, first:11426182517, diff:120943595
04-03 06:00:27.003 22863 22893 W /ffmpeg_content_provider.c: timeout_interrupt_callback guard time: 120000000, first:11426182517, diff:120954323
04-03 06:00:27.014 22863 22893 W /ffmpeg_content_provider.c: timeout_interrupt_callback guard time: 120000000, first:11426182517, diff:120964701
04-03 06:00:27.024 22863 22893 W /ffmpeg_content_provider.c: timeout_interrupt_callback guard time: 120000000, first:11426182517, diff:120975057
04-03 06:00:27.034 22863 22893 W /ffmpeg_content_provider.c: timeout_interrupt_callback guard time: 120000000, first:11426182517, diff:120985411
04-03 06:00:27.045 22863 22893 W /ffmpeg_content_provider.c: timeout_interrupt_callback guard time: 120000000, first:11426182517, diff:120995774
04-03 06:00:27.055 22863 22893 W /ffmpeg_content_provider.c: timeout_interrupt_callback guard time: 120000000, first:11426182517, diff:121006143
04-03 06:00:27.066 22863 22893 W /ffmpeg_content_provider.c: timeout_interrupt_callback guard time: 120000000, first:11426182517, diff:121016500
04-03 06:00:27.076 22863 22893 W /ffmpeg_content_provider.c: timeout_interrupt_callback guard time: 120000000, first:11426182517, diff:121026914
04-03 06:00:27.087 22863 22893 W /ffmpeg_content_provider.c: timeout_interrupt_callback guard time: 120000000, first:11426182517, diff:121037440
04-03 06:00:27.097 22863 22893 W /ffmpeg_content_provider.c: timeout_interrupt_callback guard time: 120000000, first:11426182517, diff:121047852
04-03 06:00:27.107 22863 22893 W /ffmpeg_content_provider.c: timeout_interrupt_callback guard time: 120000000, first:11426182517, diff:121058274
04-03 06:00:27.118 22863 22893 W /ffmpeg_content_provider.c: timeout_interrupt_callback guard time: 120000000, first:11426182517, diff:121068661
04-03 06:00:27.128 22863 22893 W /ffmpeg_content_provider.c: timeout_interrupt_callback guard time: 120000000, first:11426182517, diff:121079171
04-03 06:00:27.129 22863 22884 W /player.c: STAT(RES(240x160) FPS:1.00/00181 V: c-d(0-0:100) d-r(0:100) L(1167000) A: c-d(0:100) d-r(2:99) )
04-03 06:00:27.139 22863 22893 W /ffmpeg_content_provider.c: timeout_interrupt_callback guard time: 120000000, first:11426182517, diff:121089514
04-03 06:00:27.149 22863 22893 W /ffmpeg_content_provider.c: timeout_interrupt_callback guard time: 120000000, first:11426182517, diff:121099960
04-03 06:00:27.159 22863 22893 W /ffmpeg_content_provider.c: timeout_interrupt_callback guard time: 120000000, first:11426182517, diff:121110299
04-03 06:00:27.170 22863 22893 W /ffmpeg_content_provider.c: timeout_interrupt_callback guard time: 120000000, first:11426182517, diff:121120702
04-03 06:00:27.180 22863 22893 W /ffmpeg_content_provider.c: timeout_interrupt_callback guard time: 120000000, first:11426182517, diff:121131054
04-03 06:00:27.190 22863 22893 W /ffmpeg_content_provider.c: timeout_interrupt_callback guard time: 120000000, first:11426182517, diff:121141410
04-03 06:00:27.201 22863 22893 W /ffmpeg_content_provider.c: timeout_interrupt_callback guard time: 120000000, first:11426182517, diff:121151762
04-03 06:00:27.212 22863 22893 W /ffmpeg_content_provider.c: timeout_interrupt_callback guard time: 120000000, first:11426182517, diff:121163112
04-03 06:00:27.222 22863 22893 W /ffmpeg_content_provider.c: timeout_interrupt_callback guard time: 120000000, first:11426182517, diff:121173440
04-03 06:00:27.233 22863 22893 W /ffmpeg_content_provider.c: timeout_interrupt_callback guard time: 120000000, first:11426182517, diff:121183811
04-03 06:00:27.243 22863 22893 W /ffmpeg_content_provider.c: timeout_interrupt_callback guard time: 120000000, first:11426182517, diff:121194334
04-03 06:00:27.255 22863 22893 W /ffmpeg_content_provider.c: timeout_interrupt_callback guard time: 120000000, first:11426182517, diff:121204962
04-03 06:00:27.265 22863 22893 W /ffmpeg_content_provider.c: timeout_interrupt_callback guard time: 120000000, first:11426182517, diff:121215801
04-03 06:00:27.275 22863 22893 W /ffmpeg_content_provider.c: timeout_interrupt_callback guard time: 120000000, first:11426182517, diff:121226155
04-03 06:00:27.286 22863 22893 W /ffmpeg_content_provider.c: timeout_interrupt_callback guard time: 120000000, first:11426182517, diff:121236489
04-03 06:00:27.296 22863 22893 W /ffmpeg_content_provider.c: timeout_interrupt_callback guard time: 120000000, first:11426182517, diff:121246863
04-03 06:00:27.306 22863 22893 W /ffmpeg_content_provider.c: timeout_interrupt_callback guard time: 120000000, first:11426182517, diff:121257331
04-03 06:00:27.317 22863 22893 W /ffmpeg_content_provider.c: timeout_interrupt_callback guard time: 120000000, first:11426182517, diff:121267730
04-03 06:00:27.327 22863 22893 W /ffmpeg_content_provider.c: timeout_interrupt_callback guard time: 120000000, first:11426182517, diff:121278337
04-03 06:00:27.338 22863 22893 W /ffmpeg_content_provider.c: timeout_interrupt_callback guard time: 120000000, first:11426182517, diff:121288721
04-03 06:00:27.348 22863 22893 W /ffmpeg_content_provider.c: timeout_interrupt_callback guard time: 120000000, first:11426182517, diff:121299112
04-03 06:00:27.359 22863 22893 W /ffmpeg_content_provider.c: timeout_interrupt_callback guard time: 120000000, first:11426182517, diff:121309527
04-03 06:00:27.369 22863 22893 W /ffmpeg_content_provider.c: timeout_interrupt_callback guard time: 120000000, first:11426182517, diff:121319899
04-03 06:00:27.379 22863 22893 W /ffmpeg_content_provider.c: timeout_interrupt_callback guard time: 120000000, first:11426182517, diff:121330287
04-03 06:00:27.390 22863 22893 W /ffmpeg_content_provider.c: timeout_interrupt_callback guard time: 120000000, first:11426182517, diff:121341013
04-03 06:00:27.400 22863 22893 W /ffmpeg_content_provider.c: timeout_interrupt_callback guard time: 120000000, first:11426182517, diff:121351446
04-03 06:00:27.411 22863 22893 W /ffmpeg_content_provider.c: timeout_interrupt_callback guard time: 120000000, first:11426182517, diff:121361835
04-03 06:00:27.421 22863 22893 W /ffmpeg_content_provider.c: timeout_interrupt_callback guard time: 120000000, first:11426182517, diff:121372226
04-03 06:00:27.432 22863 22893 W /ffmpeg_content_provider.c: timeout_interrupt_callback guard time: 120000000, first:11426182517, diff:121382590
04-03 06:00:27.442 22863 22893 W /ffmpeg_content_provider.c: timeout_interrupt_callback guard time: 120000000, first:11426182517, diff:121393008
04-03 06:00:27.453 22863 22893 W /ffmpeg_content_provider.c: timeout_interrupt_callback guard time: 120000000, first:11426182517, diff:121403499
04-03 06:00:27.463 22863 22893 W /ffmpeg_content_provider.c: timeout_interrupt_callback guard time: 120000000, first:11426182517, diff:121413915
04-03 06:00:27.473 22863 22893 W /ffmpeg_content_provider.c: timeout_interrupt_callback guard time: 120000000, first:11426182517, diff:121424328
04-03 06:00:27.484 22863 22893 W /ffmpeg_content_provider.c: timeout_interrupt_callback guard time: 120000000, first:11426182517, diff:121434726
04-03 06:00:27.494 22863 22893 W /ffmpeg_content_provider.c: timeout_interrupt_callback guard time: 120000000, first:11426182517, diff:121445098
04-03 06:00:27.505 22863 22893 W /ffmpeg_content_provider.c: timeout_interrupt_callback guard time: 120000000, first:11426182517, diff:121456051
04-03 06:00:27.515 22863 22893 W /ffmpeg_content_provider.c: timeout_interrupt_callback guard time: 120000000, first:11426182517, diff:121466414
04-03 06:00:27.526 22863 22893 W /ffmpeg_content_provider.c: timeout_interrupt_callback guard time: 120000000, first:11426182517, diff:121476781
04-03 06:00:27.536 22863 22893 W /ffmpeg_content_provider.c: timeout_interrupt_callback guard time: 120000000, first:11426182517, diff:121487172
04-03 06:00:27.547 22863 22893 W /ffmpeg_content_provider.c: timeout_interrupt_callback guard time: 120000000, first:11426182517, diff:121497727
04-03 06:00:27.557 22863 22893 W /ffmpeg_content_provider.c: timeout_interrupt_callback guard time: 120000000, first:11426182517, diff:121508129
04-03 06:00:27.568 22863 22893 W /ffmpeg_content_provider.c: timeout_interrupt_callback guard time: 120000000, first:11426182517, diff:121518525
04-03 06:00:27.578 22863 22893 W /ffmpeg_content_provider.c: timeout_interrupt_callback guard time: 120000000, first:11426182517, diff:121528919
04-03 06:00:27.589 22863 22893 W /ffmpeg_content_provider.c: timeout_interrupt_callback guard time: 120000000, first:11426182517, diff:121539793
04-03 06:00:27.599 22863 22893 W /ffmpeg_content_provider.c: timeout_interrupt_callback guard time: 120000000, first:11426182517, diff:121550182
04-03 06:00:27.610 22863 22893 W /ffmpeg_content_provider.c: timeout_interrupt_callback guard time: 120000000, first:11426182517, diff:121560638
04-03 06:00:27.620 22863 22893 W /ffmpeg_content_provider.c: timeout_interrupt_callback guard time: 120000000, first:11426182517, diff:121571056
04-03 06:00:27.630 22863 22893 W /ffmpeg_content_provider.c: timeout_interrupt_callback guard time: 120000000, first:11426182517, diff:121581444
04-03 06:00:27.641 22863 22893 W /ffmpeg_content_provider.c: timeout_interrupt_callback guard time: 120000000, first:11426182517, diff:121591844
04-03 06:00:27.651 22863 22893 W /ffmpeg_content_provider.c: timeout_interrupt_callback guard time: 120000000, first:11426182517, diff:121602234
04-03 06:00:27.662 22863 22893 W /ffmpeg_content_provider.c: timeout_interrupt_callback guard time: 120000000, first:11426182517, diff:121612650
04-03 06:00:27.672 22863 22893 W /ffmpeg_content_provider.c: timeout_interrupt_callback guard time: 120000000, first:11426182517, diff:121623182
04-03 06:00:27.683 22863 22893 W /ffmpeg_content_provider.c: timeout_interrupt_callback guard time: 120000000, first:11426182517, diff:121633902
04-03 06:00:27.693 22863 22893 W /ffmpeg_content_provider.c: timeout_interrupt_callback guard time: 120000000, first:11426182517, diff:121644291
04-03 06:00:27.705 22863 22893 W /ffmpeg_content_provider.c: timeout_interrupt_callback guard time: 120000000, first:11426182517, diff:121655340
04-03 06:00:27.715 22863 22893 W /ffmpeg_content_provider.c: timeout_interrupt_callback guard time: 120000000, first:11426182517, diff:121666434
04-03 06:00:27.726 22863 22893 W /ffmpeg_content_provider.c: timeout_interrupt_callback guard time: 120000000, first:11426182517, diff:121676803
04-03 06:00:27.736 22863 22893 W /ffmpeg_content_provider.c: timeout_interrupt_callback guard time: 120000000, first:11426182517, diff:121687141
04-03 06:00:27.746 22863 22893 W /ffmpeg_content_provider.c: timeout_interrupt_callback guard time: 120000000, first:11426182517, diff:121697422
04-03 06:00:27.757 22863 22893 W /ffmpeg_content_provider.c: timeout_interrupt_callback guard time: 120000000, first:11426182517, diff:121707808
04-03 06:00:27.767 22863 22893 W /ffmpeg_content_provider.c: timeout_interrupt_callback guard time: 120000000, first:11426182517, diff:121718141
04-03 06:00:27.777 22863 22893 W /ffmpeg_content_provider.c: timeout_interrupt_callback guard time: 120000000, first:11426182517, diff:121728450
04-03 06:00:27.788 22863 22893 W /ffmpeg_content_provider.c: timeout_interrupt_callback guard time: 120000000, first:11426182517, diff:121738717
04-03 06:00:27.798 22863 22893 W /ffmpeg_content_provider.c: timeout_interrupt_callback guard time: 120000000, first:11426182517, diff:121748999
04-03 06:00:27.808 22863 22893 W /ffmpeg_content_provider.c: timeout_interrupt_callback guard time: 120000000, first:11426182517, diff:121759257
04-03 06:00:27.819 22863 22893 W /ffmpeg_content_provider.c: timeout_interrupt_callback guard time: 120000000, first:11426182517, diff:121769545
04-03 06:00:27.829 22863 22893 W /ffmpeg_content_provider.c: timeout_interrupt_callback guard time: 120000000, first:11426182517, diff:121779927
04-03 06:00:27.839 22863 22893 W /ffmpeg_content_provider.c: timeout_interrupt_callback guard time: 120000000, first:11426182517, diff:121790364
04-03 06:00:27.850 22863 22893 W /ffmpeg_content_provider.c: timeout_interrupt_callback guard time: 120000000, first:11426182517, diff:121800895
04-03 06:00:27.858   537   682 I AudioFlinger: BUFFER TIMEOUT: remove(4099) from active list on thread 0xe9703400
04-03 06:00:27.860 22863 22893 W /ffmpeg_content_provider.c: timeout_interrupt_callback guard time: 120000000, first:11426182517, diff:121811307
04-03 06:00:27.871 22863 22893 W /ffmpeg_content_provider.c: timeout_interrupt_callback guard time: 120000000, first:11426182517, diff:121821668
04-03 06:00:27.881 22863 22893 W /ffmpeg_content_provider.c: timeout_interrupt_callback guard time: 120000000, first:11426182517, diff:121832059
04-03 06:00:27.892 22863 22893 W /ffmpeg_content_provider.c: timeout_interrupt_callback guard time: 120000000, first:11426182517, diff:121842801
04-03 06:00:27.902 22863 22893 W /ffmpeg_content_provider.c: timeout_interrupt_callback guard time: 120000000, first:11426182517, diff:121853176
04-03 06:00:27.913 22863 22893 W /ffmpeg_content_provider.c: timeout_interrupt_callback guard time: 120000000, first:11426182517, diff:121863916
04-03 06:00:27.923 22863 22893 W /ffmpeg_content_provider.c: timeout_interrupt_callback guard time: 120000000, first:11426182517, diff:121874332
04-03 06:00:27.934 22863 22893 W /ffmpeg_content_provider.c: timeout_interrupt_callback guard time: 120000000, first:11426182517, diff:121884719
04-03 06:00:27.944 22863 22893 W /ffmpeg_content_provider.c: timeout_interrupt_callback guard time: 120000000, first:11426182517, diff:121895128
04-03 06:00:27.956 22863 22893 W /ffmpeg_content_provider.c: timeout_interrupt_callback guard time: 120000000, first:11426182517, diff:121906684
04-03 06:00:27.959   537   682 D audio_hw_primary: disable_audio_route: usecase(1) reset and update mixer path: low-latency-playback speaker
04-03 06:00:27.966 22863 22893 W /ffmpeg_content_provider.c: timeout_interrupt_callback guard time: 120000000, first:11426182517, diff:121917352
04-03 06:00:27.968   537   682 D audio_hw_primary: disable_snd_device: snd_device(2: speaker)
04-03 06:00:27.977 22863 22893 W /ffmpeg_content_provider.c: timeout_interrupt_callback guard time: 120000000, first:11426182517, diff:121927814
04-03 06:00:27.987 22863 22893 W /ffmpeg_content_provider.c: timeout_interrupt_callback guard time: 120000000, first:11426182517, diff:121938181
04-03 06:00:27.998 22863 22893 W /ffmpeg_content_provider.c: timeout_interrupt_callback guard time: 120000000, first:11426182517, diff:121948514
04-03 06:00:28.008 22863 22893 W /ffmpeg_content_provider.c: timeout_interrupt_callback guard time: 120000000, first:11426182517, diff:121958882
04-03 06:00:28.018 22863 22893 W /ffmpeg_content_provider.c: timeout_interrupt_callback guard time: 120000000, first:11426182517, diff:121969249
04-03 06:00:28.029 22863 22893 W /ffmpeg_content_provider.c: timeout_interrupt_callback guard time: 120000000, first:11426182517, diff:121979641
04-03 06:00:28.039 22863 22893 W /ffmpeg_content_provider.c: timeout_interrupt_callback guard time: 120000000, first:11426182517, diff:121990217
04-03 06:00:28.050 22863 22893 W /ffmpeg_content_provider.c: timeout_interrupt_callback guard time: 120000000, first:11426182517, diff:122000670
04-03 06:00:28.060 22863 22893 W /ffmpeg_content_provider.c: timeout_interrupt_callback guard time: 120000000, first:11426182517, diff:122011069
04-03 06:00:28.071 22863 22893 W /ffmpeg_content_provider.c: timeout_interrupt_callback guard time: 120000000, first:11426182517, diff:122021459
04-03 06:00:28.081 22863 22893 W /ffmpeg_content_provider.c: timeout_interrupt_callback guard time: 120000000, first:11426182517, diff:122031834
04-03 06:00:28.091 22863 22893 W /ffmpeg_content_provider.c: timeout_interrupt_callback guard time: 120000000, first:11426182517, diff:122042222
04-03 06:00:28.102 22863 22893 W /ffmpeg_content_provider.c: timeout_interrupt_callback guard time: 120000000, first:11426182517, diff:122052616
04-03 06:00:28.112 22863 22893 W /ffmpeg_content_provider.c: timeout_interrupt_callback guard time: 120000000, first:11426182517, diff:122063011
04-03 06:00:28.122 22863 22893 W /ffmpeg_content_provider.c: timeout_interrupt_callback guard time: 120000000, first:11426182517, diff:122073421
04-03 06:00:28.131 22863 22884 W /player.c: STAT(RES(240x160) FPS:1.00/00181 V: c-d(0-0:100) d-r(0:100) L(1167000) A: c-d(0:100) d-r(0:100) )
04-03 06:00:28.133 22863 22893 W /ffmpeg_content_provider.c: timeout_interrupt_callback guard time: 120000000, first:11426182517, diff:122083847
04-03 06:00:28.143 22863 22893 W /ffmpeg_content_provider.c: timeout_interrupt_callback guard time: 120000000, first:11426182517, diff:122094294
04-03 06:00:28.154 22863 22893 W /ffmpeg_content_provider.c: timeout_interrupt_callback guard time: 120000000, first:11426182517, diff:122104677
04-03 06:00:28.164 22863 22893 W /ffmpeg_content_provider.c: timeout_interrupt_callback guard time: 120000000, first:11426182517, diff:122115253
04-03 06:00:28.175 22863 22893 W /ffmpeg_content_provider.c: timeout_interrupt_callback guard time: 120000000, first:11426182517, diff:122125684
04-03 06:00:28.185 22863 22893 W /ffmpeg_content_provider.c: timeout_interrupt_callback guard time: 120000000, first:11426182517, diff:122136090
04-03 06:00:28.196 22863 22893 W /ffmpeg_content_provider.c: timeout_interrupt_callback guard time: 120000000, first:11426182517, diff:122146516
04-03 06:00:28.206 22863 22893 W /ffmpeg_content_provider.c: timeout_interrupt_callback guard time: 120000000, first:11426182517, diff:122157242
04-03 06:00:28.217 22863 22893 W /ffmpeg_content_provider.c: timeout_interrupt_callback guard time: 120000000, first:11426182517, diff:122167644
04-03 06:00:28.227 22863 22893 W /ffmpeg_content_provider.c: timeout_interrupt_callback guard time: 120000000, first:11426182517, diff:122178054
04-03 06:00:28.238 22863 22893 W /ffmpeg_content_provider.c: timeout_interrupt_callback guard time: 120000000, first:11426182517, diff:122188458
04-03 06:00:28.248 22863 22893 W /ffmpeg_content_provider.c: timeout_interrupt_callback guard time: 120000000, first:11426182517, diff:122198892
04-03 06:00:28.258 22863 22893 W /ffmpeg_content_provider.c: timeout_interrupt_callback guard time: 120000000, first:11426182517, diff:122209357
04-03 06:00:28.269 22863 22893 W /ffmpeg_content_provider.c: timeout_interrupt_callback guard time: 120000000, first:11426182517, diff:122219766
04-03 06:00:28.279 22863 22893 W /ffmpeg_content_provider.c: timeout_interrupt_callback guard time: 120000000, first:11426182517, diff:122230104
04-03 06:00:28.290 22863 22893 W /ffmpeg_content_provider.c: timeout_interrupt_callback guard time: 120000000, first:11426182517, diff:122240494
04-03 06:00:28.300 22863 22893 W /ffmpeg_content_provider.c: timeout_interrupt_callback guard time: 120000000, first:11426182517, diff:122250828
04-03 06:00:28.310 22863 22893 W /ffmpeg_content_provider.c: timeout_interrupt_callback guard time: 120000000, first:11426182517, diff:122261131
04-03 06:00:28.320 22863 22893 W /ffmpeg_content_provider.c: timeout_interrupt_callback guard time: 120000000, first:11426182517, diff:122271387
04-03 06:00:28.331 22863 22893 W /ffmpeg_content_provider.c: timeout_interrupt_callback guard time: 120000000, first:11426182517, diff:122281613
04-03 06:00:28.341 22863 22893 W /ffmpeg_content_provider.c: timeout_interrupt_callback guard time: 120000000, first:11426182517, diff:122291829
04-03 06:00:28.351 22863 22893 W /ffmpeg_content_provider.c: timeout_interrupt_callback guard time: 120000000, first:11426182517, diff:122302044
04-03 06:00:28.361 22863 22893 W /ffmpeg_content_provider.c: timeout_interrupt_callback guard time: 120000000, first:11426182517, diff:122312249
04-03 06:00:28.371 22863 22893 W /ffmpeg_content_provider.c: timeout_interrupt_callback guard time: 120000000, first:11426182517, diff:122322463
04-03 06:00:28.382 22863 22893 W /ffmpeg_content_provider.c: timeout_interrupt_callback guard time: 120000000, first:11426182517, diff:122332682
04-03 06:00:28.392 22863 22893 W /ffmpeg_content_provider.c: timeout_interrupt_callback guard time: 120000000, first:11426182517, diff:122342917
04-03 06:00:28.402 22863 22893 W /ffmpeg_content_provider.c: timeout_interrupt_callback guard time: 120000000, first:11426182517, diff:122353127
04-03 06:00:28.412 22863 22893 W /ffmpeg_content_provider.c: timeout_interrupt_callback guard time: 120000000, first:11426182517, diff:122363330
04-03 06:00:28.423 22863 22893 W /ffmpeg_content_provider.c: timeout_interrupt_callback guard time: 120000000, first:11426182517, diff:122373565
04-03 06:00:28.433 22863 22893 W /ffmpeg_content_provider.c: timeout_interrupt_callback guard time: 120000000, first:11426182517, diff:122383818
04-03 06:00:28.443 22863 22893 W /ffmpeg_content_provider.c: timeout_interrupt_callback guard time: 120000000, first:11426182517, diff:122394062
04-03 06:00:28.453 22863 22893 W /ffmpeg_content_provider.c: timeout_interrupt_callback guard time: 120000000, first:11426182517, diff:122404315
04-03 06:00:28.464 22863 22893 W /ffmpeg_content_provider.c: timeout_interrupt_callback guard time: 120000000, first:11426182517, diff:122414645
04-03 06:00:28.474 22863 22893 W /ffmpeg_content_provider.c: timeout_interrupt_callback guard time: 120000000, first:11426182517, diff:122425055
04-03 06:00:28.484 22863 22893 W /ffmpeg_content_provider.c: timeout_interrupt_callback guard time: 120000000, first:11426182517, diff:122435365
04-03 06:00:28.495 22863 22893 W /ffmpeg_content_provider.c: timeout_interrupt_callback guard time: 120000000, first:11426182517, diff:122445664
04-03 06:00:28.505 22863 22893 W /ffmpeg_content_provider.c: timeout_interrupt_callback guard time: 120000000, first:11426182517, diff:122455987
04-03 06:00:28.515 22863 22893 W /ffmpeg_content_provider.c: timeout_interrupt_callback guard time: 120000000, first:11426182517, diff:122466352
04-03 06:00:28.526 22863 22893 W /ffmpeg_content_provider.c: timeout_interrupt_callback guard time: 120000000, first:11426182517, diff:122476696
04-03 06:00:28.536 22863 22893 W /ffmpeg_content_provider.c: timeout_interrupt_callback guard time: 120000000, first:11426182517, diff:122487026
04-03 06:00:28.546 22863 22893 W /ffmpeg_content_provider.c: timeout_interrupt_callback guard time: 120000000, first:11426182517, diff:122497415
04-03 06:00:28.557 22863 22893 W /ffmpeg_content_provider.c: timeout_interrupt_callback guard time: 120000000, first:11426182517, diff:122507853
04-03 06:00:28.567 22863 22893 W /ffmpeg_content_provider.c: timeout_interrupt_callback guard time: 120000000, first:11426182517, diff:122518358
04-03 06:00:28.578 22863 22893 W /ffmpeg_content_provider.c: timeout_interrupt_callback guard time: 120000000, first:11426182517, diff:122528800
04-03 06:00:28.588 22863 22893 W /ffmpeg_content_provider.c: timeout_interrupt_callback guard time: 120000000, first:11426182517, diff:122539209
04-03 06:00:28.599 22863 22893 W /ffmpeg_content_provider.c: timeout_interrupt_callback guard time: 120000000, first:11426182517, diff:122549579
04-03 06:00:28.609 22863 22893 W /ffmpeg_content_provider.c: timeout_interrupt_callback guard time: 120000000, first:11426182517, diff:122559926
04-03 06:00:28.619 22863 22893 W /ffmpeg_content_provider.c: timeout_interrupt_callback guard time: 120000000, first:11426182517, diff:122570266
04-03 06:00:28.630 22863 22893 W /ffmpeg_content_provider.c: timeout_interrupt_callback guard time: 120000000, first:11426182517, diff:122580661
04-03 06:00:28.640 22863 22893 W /ffmpeg_content_provider.c: timeout_interrupt_callback guard time: 120000000, first:11426182517, diff:122591031
04-03 06:00:28.650 22863 22893 W /ffmpeg_content_provider.c: timeout_interrupt_callback guard time: 120000000, first:11426182517, diff:122601368
04-03 06:00:28.661 22863 22893 W /ffmpeg_content_provider.c: timeout_interrupt_callback guard time: 120000000, first:11426182517, diff:122611705
04-03 06:00:28.671 22863 22893 W /ffmpeg_content_provider.c: timeout_interrupt_callback guard time: 120000000, first:11426182517, diff:122622036
04-03 06:00:28.681 22863 22893 W /ffmpeg_content_provider.c: timeout_interrupt_callback guard time: 120000000, first:11426182517, diff:122632373
04-03 06:00:28.692 22863 22893 W /ffmpeg_content_provider.c: timeout_interrupt_callback guard time: 120000000, first:11426182517, diff:122642706
04-03 06:00:28.702 22863 22893 W /ffmpeg_content_provider.c: timeout_interrupt_callback guard time: 120000000, first:11426182517, diff:122653045
04-03 06:00:28.712 22863 22893 W /ffmpeg_content_provider.c: timeout_interrupt_callback guard time: 120000000, first:11426182517, diff:122663389
04-03 06:00:28.723 22863 22893 W /ffmpeg_content_provider.c: timeout_interrupt_callback guard time: 120000000, first:11426182517, diff:122673826
04-03 06:00:28.733 22863 22893 W /ffmpeg_content_provider.c: timeout_interrupt_callback guard time: 120000000, first:11426182517, diff:122684211
04-03 06:00:28.744 22863 22893 W /ffmpeg_content_provider.c: timeout_interrupt_callback guard time: 120000000, first:11426182517, diff:122694562
04-03 06:00:28.754 22863 22893 W /ffmpeg_content_provider.c: timeout_interrupt_callback guard time: 120000000, first:11426182517, diff:122704953
04-03 06:00:28.764 22863 22893 W /ffmpeg_content_provider.c: timeout_interrupt_callback guard time: 120000000, first:11426182517, diff:122715349
04-03 06:00:28.775 22863 22893 W /ffmpeg_content_provider.c: timeout_interrupt_callback guard time: 120000000, first:11426182517, diff:122725893
04-03 06:00:28.785 22863 22893 W /ffmpeg_content_provider.c: timeout_interrupt_callback guard time: 120000000, first:11426182517, diff:122736267
04-03 06:00:28.796 22863 22893 W /ffmpeg_content_provider.c: timeout_interrupt_callback guard time: 120000000, first:11426182517, diff:122746594
04-03 06:00:28.806 22863 22893 W /ffmpeg_content_provider.c: timeout_interrupt_callback guard time: 120000000, first:11426182517, diff:122756977
04-03 06:00:28.816   893  2794 D WifiStateMachine:  ConnectedState !CMD_RSSI_POLL  rt=11548950/13706280 8 0 "Keenetic-4147" 1c:74:0d:90:2c:1c rssi=-38 f=2432 sc=60 link=144 tx=27.0, 0.0, 0.0  rx=36.4 bcn=97557 [on:0 tx:0 rx:0 period:2999] from screen [on:174995 period:178026] gl hn rssi=-33 ag=0 hr ticks 0,0,6 ls-=0 [56,56,60,60,65] brc=0 lrc=0 offload-stopped
04-03 06:00:28.816 22863 22893 W /ffmpeg_content_provider.c: timeout_interrupt_callback guard time: 120000000, first:11426182517, diff:122767423
04-03 06:00:28.817   893  2794 D WifiStateMachine:  L2ConnectedState !CMD_RSSI_POLL  rt=11548951/13706282 8 0 "Keenetic-4147" 1c:74:0d:90:2c:1c rssi=-38 f=2432 sc=60 link=144 tx=27.0, 0.0, 0.0  rx=36.4 bcn=97557 [on:0 tx:0 rx:0 period:1] from screen [on:174995 period:178027] gl hn rssi=-33 ag=0 hr ticks 0,0,6 ls-=0 [56,56,60,60,65] brc=0 lrc=0 offload-stopped
04-03 06:00:28.817   893  2794 D WifiStateMachine:  get link layer stats 4
04-03 06:00:28.820   893  2794 D WifiNative-wlan0: doString: [SIGNAL_POLL]
04-03 06:00:28.827 22863 22893 W /ffmpeg_content_provider.c: timeout_interrupt_callback guard time: 120000000, first:11426182517, diff:122777770
04-03 06:00:28.831   893  2794 D WifiStateMachine: fetchRssiLinkSpeedAndFrequencyNative rssi=-38 linkspeed=144 freq=2432
04-03 06:00:28.831   893  2794 D WifiConfigManager: updateConfiguration freq=2432 BSSID=1c:74:0d:90:2c:1c RSSI=-37 "Keenetic-4147"WPA_PSK
04-03 06:00:28.832   893  2794 D WifiStateMachine: calculateWifiScore freq=2432 speed=144 score=60 highRSSI  -> txbadrate=0.00 txgoodrate=24.49 txretriesrate=0.00 rxrate=45.19 userTriggerdPenalty0
04-03 06:00:28.833   893  2794 D WifiStateMachine:  good link -> stuck count =0
04-03 06:00:28.833   893  2794 D WifiStateMachine:  badRSSI count0 lowRSSI count0 --> score 60
04-03 06:00:28.833   893  2794 D WifiStateMachine:  isHighRSSI       ---> score=65
04-03 06:00:28.838 22863 22893 W /ffmpeg_content_provider.c: timeout_interrupt_callback guard time: 120000000, first:11426182517, diff:122789094
04-03 06:00:28.848 22863 22893 W /ffmpeg_content_provider.c: timeout_interrupt_callback guard time: 120000000, first:11426182517, diff:122799401
04-03 06:00:28.861 22863 22893 W /ffmpeg_content_provider.c: timeout_interrupt_callback guard time: 120000000, first:11426182517, diff:122811804
04-03 06:00:28.871 22863 22893 W /ffmpeg_content_provider.c: timeout_interrupt_callback guard time: 120000000, first:11426182517, diff:122822102
04-03 06:00:28.881 22863 22893 W /ffmpeg_content_provider.c: timeout_interrupt_callback guard time: 120000000, first:11426182517, diff:122832471
04-03 06:00:28.892 22863 22893 W /ffmpeg_content_provider.c: timeout_interrupt_callback guard time: 120000000, first:11426182517, diff:122842725
04-03 06:00:28.902 22863 22893 W /ffmpeg_content_provider.c: timeout_interrupt_callback guard time: 120000000, first:11426182517, diff:122852958
04-03 06:00:28.912 22863 22893 W /ffmpeg_content_provider.c: timeout_interrupt_callback guard time: 120000000, first:11426182517, diff:122863185
04-03 06:00:28.922 22863 22893 W /ffmpeg_content_provider.c: timeout_interrupt_callback guard time: 120000000, first:11426182517, diff:122873423
04-03 06:00:28.933 22863 22893 W /ffmpeg_content_provider.c: timeout_interrupt_callback guard time: 120000000, first:11426182517, diff:122883660
04-03 06:00:28.943 22863 22893 W /ffmpeg_content_provider.c: timeout_interrupt_callback guard time: 120000000, first:11426182517, diff:122893935
04-03 06:00:28.953 22863 22893 W /ffmpeg_content_provider.c: timeout_interrupt_callback guard time: 120000000, first:11426182517, diff:122904170
04-03 06:00:28.963 22863 22893 W /ffmpeg_content_provider.c: timeout_interrupt_callback guard time: 120000000, first:11426182517, diff:122914404
04-03 06:00:28.974 22863 22893 W /ffmpeg_content_provider.c: timeout_interrupt_callback guard time: 120000000, first:11426182517, diff:122924707
04-03 06:00:28.984 22863 22893 W /ffmpeg_content_provider.c: timeout_interrupt_callback guard time: 120000000, first:11426182517, diff:122935014
04-03 06:00:28.994 22863 22893 W /ffmpeg_content_provider.c: timeout_interrupt_callback guard time: 120000000, first:11426182517, diff:122945334
04-03 06:00:29.005 22863 22893 W /ffmpeg_content_provider.c: timeout_interrupt_callback guard time: 120000000, first:11426182517, diff:122955634
04-03 06:00:29.015 22863 22893 W /ffmpeg_content_provider.c: timeout_interrupt_callback guard time: 120000000, first:11426182517, diff:122965956
04-03 06:00:29.025 22863 22893 W /ffmpeg_content_provider.c: timeout_interrupt_callback guard time: 120000000, first:11426182517, diff:122976353
04-03 06:00:29.036 22863 22893 W /ffmpeg_content_provider.c: timeout_interrupt_callback guard time: 120000000, first:11426182517, diff:122986781
04-03 06:00:29.046 22863 22893 W /ffmpeg_content_provider.c: timeout_interrupt_callback guard time: 120000000, first:11426182517, diff:122997224
04-03 06:00:29.057 22863 22893 W /ffmpeg_content_provider.c: timeout_interrupt_callback guard time: 120000000, first:11426182517, diff:123007661
04-03 06:00:29.067 22863 22893 W /ffmpeg_content_provider.c: timeout_interrupt_callback guard time: 120000000, first:11426182517, diff:123018158
04-03 06:00:29.078 22863 22893 W /ffmpeg_content_provider.c: timeout_interrupt_callback guard time: 120000000, first:11426182517, diff:123028622
04-03 06:00:29.088 22863 22893 W /ffmpeg_content_provider.c: timeout_interrupt_callback guard time: 120000000, first:11426182517, diff:123039073
04-03 06:00:29.099 22863 22893 W /ffmpeg_content_provider.c: timeout_interrupt_callback guard time: 120000000, first:11426182517, diff:123049511
04-03 06:00:29.109 22863 22893 W /ffmpeg_content_provider.c: timeout_interrupt_callback guard time: 120000000, first:11426182517, diff:123059944
04-03 06:00:29.119 22863 22893 W /ffmpeg_content_provider.c: timeout_interrupt_callback guard time: 120000000, first:11426182517, diff:123070363
04-03 06:00:29.130 22863 22893 W /ffmpeg_content_provider.c: timeout_interrupt_callback guard time: 120000000, first:11426182517, diff:123080868
04-03 06:00:29.133 22863 22884 W /player.c: STAT(RES(240x160) FPS:0.00/00181 V: c-d(0-0:100) d-r(0:100) L(1167000) A: c-d(0:100) d-r(0:100) )
04-03 06:00:29.140 22863 22893 W /ffmpeg_content_provider.c: timeout_interrupt_callback guard time: 120000000, first:11426182517, diff:123091226
04-03 06:00:29.151 22863 22893 W /ffmpeg_content_provider.c: timeout_interrupt_callback guard time: 120000000, first:11426182517, diff:123101640
04-03 06:00:29.161 22863 22893 W /ffmpeg_content_provider.c: timeout_interrupt_callback guard time: 120000000, first:11426182517, diff:123112008
04-03 06:00:29.171 22863 22893 W /ffmpeg_content_provider.c: timeout_interrupt_callback guard time: 120000000, first:11426182517, diff:123122376
04-03 06:00:29.182 22863 22893 W /ffmpeg_content_provider.c: timeout_interrupt_callback guard time: 120000000, first:11426182517, diff:123132789
04-03 06:00:29.192 22863 22893 W /ffmpeg_content_provider.c: timeout_interrupt_callback guard time: 120000000, first:11426182517, diff:123143158
04-03 06:00:29.203 22863 22893 W /ffmpeg_content_provider.c: timeout_interrupt_callback guard time: 120000000, first:11426182517, diff:123153528
04-03 06:00:29.213 22863 22893 W /ffmpeg_content_provider.c: timeout_interrupt_callback guard time: 120000000, first:11426182517, diff:123164120
04-03 06:00:29.224 22863 22893 W /ffmpeg_content_provider.c: timeout_interrupt_callback guard time: 120000000, first:11426182517, diff:123174510
04-03 06:00:29.234 22863 22893 W /ffmpeg_content_provider.c: timeout_interrupt_callback guard time: 120000000, first:11426182517, diff:123184864
04-03 06:00:29.244 22863 22893 W /ffmpeg_content_provider.c: timeout_interrupt_callback guard time: 120000000, first:11426182517, diff:123195320
04-03 06:00:29.255 22863 22893 W /ffmpeg_content_provider.c: timeout_interrupt_callback guard time: 120000000, first:11426182517, diff:123205671
04-03 06:00:29.265 22863 22893 W /ffmpeg_content_provider.c: timeout_interrupt_callback guard time: 120000000, first:11426182517, diff:123216121
04-03 06:00:29.276 22863 22893 W /ffmpeg_content_provider.c: timeout_interrupt_callback guard time: 120000000, first:11426182517, diff:123226500
04-03 06:00:29.286 22863 22893 W /ffmpeg_content_provider.c: timeout_interrupt_callback guard time: 120000000, first:11426182517, diff:123236858
04-03 06:00:29.296 22863 22893 W /ffmpeg_content_provider.c: timeout_interrupt_callback guard time: 120000000, first:11426182517, diff:123247368
04-03 06:00:29.307 22863 22893 W /ffmpeg_content_provider.c: timeout_interrupt_callback guard time: 120000000, first:11426182517, diff:123257803
04-03 06:00:29.317 22863 22893 W /ffmpeg_content_provider.c: timeout_interrupt_callback guard time: 120000000, first:11426182517, diff:123268332
04-03 06:00:29.328 22863 22893 W /ffmpeg_content_provider.c: timeout_interrupt_callback guard time: 120000000, first:11426182517, diff:123278684
04-03 06:00:29.338 22863 22893 W /ffmpeg_content_provider.c: timeout_interrupt_callback guard time: 120000000, first:11426182517, diff:123289043
04-03 06:00:29.348 22863 22893 W /ffmpeg_content_provider.c: timeout_interrupt_callback guard time: 120000000, first:11426182517, diff:123299396
04-03 06:00:29.359 22863 22893 W /ffmpeg_content_provider.c: timeout_interrupt_callback guard time: 120000000, first:11426182517, diff:123309757
04-03 06:00:29.369 22863 22893 W /ffmpeg_content_provider.c: timeout_interrupt_callback guard time: 120000000, first:11426182517, diff:123320104
04-03 06:00:29.380 22863 22893 W /ffmpeg_content_provider.c: timeout_interrupt_callback guard time: 120000000, first:11426182517, diff:123330494
04-03 06:00:29.396 22863 22893 W /ffmpeg_content_provider.c: timeout_interrupt_callback guard time: 120000000, first:11426182517, diff:123347278
04-03 06:00:29.408 22863 22893 W /ffmpeg_content_provider.c: timeout_interrupt_callback guard time: 120000000, first:11426182517, diff:123358657
04-03 06:00:29.418 22863 22893 W /ffmpeg_content_provider.c: timeout_interrupt_callback guard time: 120000000, first:11426182517, diff:123369378
04-03 06:00:29.429 22863 22893 W /ffmpeg_content_provider.c: timeout_interrupt_callback guard time: 120000000, first:11426182517, diff:123379679
04-03 06:00:29.439 22863 22893 W /ffmpeg_content_provider.c: timeout_interrupt_callback guard time: 120000000, first:11426182517, diff:123389988
04-03 06:00:29.449 22863 22893 W /ffmpeg_content_provider.c: timeout_interrupt_callback guard time: 120000000, first:11426182517, diff:123400238
04-03 06:00:29.460 22863 22893 W /ffmpeg_content_provider.c: timeout_interrupt_callback guard time: 120000000, first:11426182517, diff:123410519
04-03 06:00:29.470 22863 22893 W /ffmpeg_content_provider.c: timeout_interrupt_callback guard time: 120000000, first:11426182517, diff:123420811
04-03 06:00:29.480 22863 22893 W /ffmpeg_content_provider.c: timeout_interrupt_callback guard time: 120000000, first:11426182517, diff:123431054
04-03 06:00:29.490 22863 22893 W /ffmpeg_content_provider.c: timeout_interrupt_callback guard time: 120000000, first:11426182517, diff:123441356
04-03 06:00:29.501 22863 22893 W /ffmpeg_content_provider.c: timeout_interrupt_callback guard time: 120000000, first:11426182517, diff:123451635
04-03 06:00:29.511 22863 22893 W /ffmpeg_content_provider.c: timeout_interrupt_callback guard time: 120000000, first:11426182517, diff:123461861
04-03 06:00:29.521 22863 22893 W /ffmpeg_content_provider.c: timeout_interrupt_callback guard time: 120000000, first:11426182517, diff:123472100
04-03 06:00:29.531 22863 22893 W /ffmpeg_content_provider.c: timeout_interrupt_callback guard time: 120000000, first:11426182517, diff:123482336
04-03 06:00:29.542 22863 22893 W /ffmpeg_content_provider.c: timeout_interrupt_callback guard time: 120000000, first:11426182517, diff:123492582
04-03 06:00:29.552 22863 22893 W /ffmpeg_content_provider.c: timeout_interrupt_callback guard time: 120000000, first:11426182517, diff:123502846
04-03 06:00:29.562 22863 22893 W /ffmpeg_content_provider.c: timeout_interrupt_callback guard time: 120000000, first:11426182517, diff:123513136
04-03 06:00:29.572 22863 22893 W /ffmpeg_content_provider.c: timeout_interrupt_callback guard time: 120000000, first:11426182517, diff:123523460
04-03 06:00:29.583 22863 22893 W /ffmpeg_content_provider.c: timeout_interrupt_callback guard time: 120000000, first:11426182517, diff:123533829
04-03 06:00:29.593 22863 22893 W /ffmpeg_content_provider.c: timeout_interrupt_callback guard time: 120000000, first:11426182517, diff:123544192
04-03 06:00:29.604 22863 22893 W /ffmpeg_content_provider.c: timeout_interrupt_callback guard time: 120000000, first:11426182517, diff:123554531
04-03 06:00:29.614 22863 22893 W /ffmpeg_content_provider.c: timeout_interrupt_callback guard time: 120000000, first:11426182517, diff:123564903
04-03 06:00:29.624 22863 22893 W /ffmpeg_content_provider.c: timeout_interrupt_callback guard time: 120000000, first:11426182517, diff:123575369
04-03 06:00:29.635 22863 22893 W /ffmpeg_content_provider.c: timeout_interrupt_callback guard time: 120000000, first:11426182517, diff:123585849
04-03 06:00:29.645 22863 22893 W /ffmpeg_content_provider.c: timeout_interrupt_callback guard time: 120000000, first:11426182517, diff:123596310
04-03 06:00:29.656 22863 22893 W /ffmpeg_content_provider.c: timeout_interrupt_callback guard time: 120000000, first:11426182517, diff:123606800
04-03 06:00:29.666 22863 22893 W /ffmpeg_content_provider.c: timeout_interrupt_callback guard time: 120000000, first:11426182517, diff:123617237
04-03 06:00:29.677 22863 22893 W /ffmpeg_content_provider.c: timeout_interrupt_callback guard time: 120000000, first:11426182517, diff:123627647
04-03 06:00:29.687 22863 22893 W /ffmpeg_content_provider.c: timeout_interrupt_callback guard time: 120000000, first:11426182517, diff:123638034
04-03 06:00:29.697 22863 22893 W /ffmpeg_content_provider.c: timeout_interrupt_callback guard time: 120000000, first:11426182517, diff:123648422
04-03 06:00:29.708 22863 22893 W /ffmpeg_content_provider.c: timeout_interrupt_callback guard time: 120000000, first:11426182517, diff:123658812
04-03 06:00:29.718 22863 22893 W /ffmpeg_content_provider.c: timeout_interrupt_callback guard time: 120000000, first:11426182517, diff:123669208
04-03 06:00:29.729 22863 22893 W /ffmpeg_content_provider.c: timeout_interrupt_callback guard time: 120000000, first:11426182517, diff:123679589
04-03 06:00:29.739 22863 22893 W /ffmpeg_content_provider.c: timeout_interrupt_callback guard time: 120000000, first:11426182517, diff:123689960
04-03 06:00:29.749 22863 22893 W /ffmpeg_content_provider.c: timeout_interrupt_callback guard time: 120000000, first:11426182517, diff:123700359
04-03 06:00:29.760 22863 22893 W /ffmpeg_content_provider.c: timeout_interrupt_callback guard time: 120000000, first:11426182517, diff:123710829
04-03 06:00:29.770 22863 22893 W /ffmpeg_content_provider.c: timeout_interrupt_callback guard time: 120000000, first:11426182517, diff:123721272
04-03 06:00:29.781 22863 22893 W /ffmpeg_content_provider.c: timeout_interrupt_callback guard time: 120000000, first:11426182517, diff:123731664
04-03 06:00:29.791 22863 22893 W /ffmpeg_content_provider.c: timeout_interrupt_callback guard time: 120000000, first:11426182517, diff:123742037
04-03 06:00:29.801 22863 22893 W /ffmpeg_content_provider.c: timeout_interrupt_callback guard time: 120000000, first:11426182517, diff:123752426
04-03 06:00:29.809 22863 22863 W /ffmpeg_content_provider.c: ffmpeg_cp_skip_interrupt 1, 0
04-03 06:00:29.809 22863 22863 W /player.c: player_all_pause: player_state (2) test EnterCriticalSection 1, 0xeb2b27c0
04-03 06:00:29.809 22863 22863 W /player.c: player_all_pause: 2(2)
04-03 06:00:29.809 22863 22863 W /ffmpeg_content_provider.c: ffmpeg_cp_interrupt_for_pause 1, 1
04-03 06:00:29.809 22863 22863 W /content_provider_thread.c: CONT(src) cpt_pause invoke 2(1)
04-03 06:00:29.809 22863 22863 W /content_provider_thread.c: =>cpt_pause set pause(2)
04-03 06:00:29.812 22863 22893 W /ffmpeg_content_provider.c: MEDIA(src) ffmpeg_cp_play: send pause to server disabled!
04-03 06:00:29.812 22863 22893 W /content_provider_thread.c: CONTENT(prov) thread: wait unpause
