04-03 06:00:29.812 22863 22863 W /content_provider_thread.c: =>cpt_pause paused(0)
04-03 06:00:29.812 22863 22863 W /video_renderer_thread.c: VIDEO(ren) vrt_pause invoke 2(1)
04-03 06:00:29.812 22863 22863 W /video_renderer_thread.c: =>vrt_pause set pause(2)
04-03 06:00:29.812 22863 22990 W /video_renderer_thread.c: VIDEO(render) pipis_pause: 1
04-03 06:00:29.812 22863 22863 W /video_renderer_thread.c: =>vrt_pause paused(0)
04-03 06:00:29.812 22863 22863 W /video_decoder_thread.c: VIDEO(dec) vdt_pause invoke 2(1)
04-03 06:00:29.812 22863 22863 W /video_decoder_thread.c: =>vdt_pause set pause(2)
04-03 06:00:29.818 22863 22863 W /video_decoder_thread.c: =>vdt_pause paused(0)
04-03 06:00:29.818 22863 22991 W /video_decoder_thread.c: VIDEO(dec) start  wait unpause:7
04-03 06:00:29.818 22863 22863 W /audio_decoder_thread.c: AUDIO(dec) adt_pause invoke 2(1)
04-03 06:00:29.818 22863 22863 W /ffmpeg_audio_decoder_provider.c: =>ffmpeg_adp_change_state state(2) inst->codec_context(0xd29b3800)
04-03 06:00:29.818 22863 22863 W /audio_decoder_thread.c: =>adt_pause set pause(2)
04-03 06:00:29.818 22863 22863 W /audio_decoder_thread.c: =>adt_pause paused(0)
04-03 06:00:29.819 22863 22863 W /audio_renderer_thread.c: AUDIO(ren) art_pause invoke 2(1)
04-03 06:00:29.819 22863 22863 W /audio_renderer_thread.c: =>art_pause set pause(2)
04-03 06:00:29.820 22863 22863 W /audio_renderer_thread.c: =>art_pause paused(0)
04-03 06:00:29.820 22863 22863 W /recorder_provider_thread.c: rpt_pause invoke 2(1)
04-03 06:00:29.820 22863 22863 W /recorder_provider_thread.c: =>rpt_pause set pause(2)
04-03 06:00:29.825 22863 22863 W /player.c: player_all_pause: test LeaveCriticalSection 1, 0xeb2b27c0
04-03 06:00:29.825 22863 22863 W /player.c: player_all_pause: done.
04-03 06:00:29.825 22863 22863 W /player.c: player_notify: 15 
04-03 06:00:29.825 22863 22863 W /player.c: player_notify: CallVoidMethod 15 
04-03 06:00:29.825 22863 22863 E MediaPlayerSDKTest.Simple: Form Native Player status: 15
04-03 06:00:29.825 22863 22863 W /player.c: player_notify: CallVoidMethod return 15 
04-03 06:00:30.135 22863 22884 W /player.c: STAT(RES(240x160) FPS:0.00/00181 V: c-d(0-0:100) d-r(0:100) L(1167000) A: c-d(0:100) d-r(0:100) )
04-03 06:00:30.820 22863 22863 W /ffmpeg_content_provider.c: ffmpeg_cp_skip_interrupt 0, 1
04-03 06:00:30.820 22863 22863 W /player.c: player_all_pause: player_state (3) test EnterCriticalSection 1, 0xeb2b27c0
04-03 06:00:30.820 22863 22863 W /player.c: player_all_pause: 1(1)
04-03 06:00:30.820 22863 22863 W /ffmpeg_content_provider.c: ffmpeg_cp_interrupt_for_pause 0, 1
04-03 06:00:30.820 22863 22863 W /content_provider_thread.c: CONT(src) cpt_pause invoke 1(2)
04-03 06:00:30.820 22863 22863 W /content_provider_thread.c: =>cpt_pause set pause(1)
04-03 06:00:30.820 22863 22893 W /ffmpeg_content_provider.c: MEDIA(src) ffmpeg_cp_play: send play to server disabled!
04-03 06:00:30.820 22863 22863 W /content_provider_thread.c: =>cpt_pause unpaused(0)
04-03 06:00:30.820 22863 22863 W /video_renderer_thread.c: VIDEO(ren) vrt_pause invoke 1(2)
04-03 06:00:30.820 22863 22863 W /video_renderer_thread.c: =>vrt_pause set pause(1)
04-03 06:00:30.820 22863 22893 W /ffmpeg_content_provider.c: timeout_interrupt_callback guard time: 120000000, first:11426182517, diff:124771384
04-03 06:00:30.821 22863 22863 W /video_renderer_thread.c: =>vrt_pause unpaused(0)
04-03 06:00:30.821 22863 22863 W /video_decoder_thread.c: VIDEO(dec) vdt_pause invoke 1(2)
04-03 06:00:30.821 22863 22863 W /video_decoder_thread.c: =>vdt_pause set pause(1)
04-03 06:00:30.821 22863 22991 W /video_decoder_thread.c: VIDEO(dec) unpaused:7
04-03 06:00:30.821 22863 22863 W /video_decoder_thread.c: =>vdt_pause unpaused(0)
04-03 06:00:30.821 22863 22863 W /audio_decoder_thread.c: AUDIO(dec) adt_pause invoke 1(2)
04-03 06:00:30.821 22863 22863 W /ffmpeg_audio_decoder_provider.c: =>ffmpeg_adp_change_state state(1) inst->codec_context(0xd29b3800)
04-03 06:00:30.821 22863 22863 W /audio_decoder_thread.c: =>adt_pause set pause(1)
04-03 06:00:30.822 22863 22863 W /audio_decoder_thread.c: =>adt_pause unpaused(0)
04-03 06:00:30.822 22863 22863 W /audio_renderer_thread.c: AUDIO(ren) art_pause invoke 1(2)
04-03 06:00:30.822 22863 22863 W /audio_renderer_thread.c: =>art_pause set pause(1)
04-03 06:00:30.822 22863 22863 W /audio_renderer_thread.c: =>art_pause unpaused(0)
04-03 06:00:30.822 22863 22863 W /recorder_provider_thread.c: rpt_pause invoke 1(2)
04-03 06:00:30.822 22863 22863 W /recorder_provider_thread.c: =>rpt_pause set play(1)
04-03 06:00:30.823 22863 22863 W /player.c: player_all_pause: test LeaveCriticalSection 1, 0xeb2b27c0
04-03 06:00:30.823 22863 22863 W /player.c: player_all_pause: done.
04-03 06:00:30.823 22863 22863 W /player.c: player_notify: 14 
04-03 06:00:30.823 22863 22863 W /player.c: player_notify: CallVoidMethod 14 
04-03 06:00:30.823 22863 22863 E MediaPlayerSDKTest.Simple: Form Native Player status: 14
04-03 06:00:30.824 22863 22863 W /player.c: player_notify: CallVoidMethod return 14 
04-03 06:00:30.824 22863 22863 W /player.c: player_notify: player_play is_eos(1)
04-03 06:00:30.824 22863 22863 W /player.c: player_notify: 12 
04-03 06:00:30.824 22863 22863 W /player.c: player_notify: CallVoidMethod 12 
04-03 06:00:30.824 22863 22863 W /player.c: player_notify: skip EOS because sended before 12 
04-03 06:00:30.832 22863 22893 W /ffmpeg_content_provider.c: timeout_interrupt_callback guard time: 120000000, first:11426182517, diff:124782918
04-03 06:00:30.842 22863 22893 W /ffmpeg_content_provider.c: timeout_interrupt_callback guard time: 120000000, first:11426182517, diff:124793183
04-03 06:00:30.853 22863 22893 W /ffmpeg_content_provider.c: timeout_interrupt_callback guard time: 120000000, first:11426182517, diff:124803593
04-03 06:00:30.863 22863 22893 W /ffmpeg_content_provider.c: timeout_interrupt_callback guard time: 120000000, first:11426182517, diff:124813981
04-03 06:00:30.873 22863 22893 W /ffmpeg_content_provider.c: timeout_interrupt_callback guard time: 120000000, first:11426182517, diff:124824240
04-03 06:00:30.884 22863 22893 W /ffmpeg_content_provider.c: timeout_interrupt_callback guard time: 120000000, first:11426182517, diff:124834506
04-03 06:00:30.894 22863 22893 W /ffmpeg_content_provider.c: timeout_interrupt_callback guard time: 120000000, first:11426182517, diff:124844832
04-03 06:00:30.904 22863 22893 W /ffmpeg_content_provider.c: timeout_interrupt_callback guard time: 120000000, first:11426182517, diff:124855078
04-03 06:00:30.914 22863 22893 W /ffmpeg_content_provider.c: timeout_interrupt_callback guard time: 120000000, first:11426182517, diff:124865319
04-03 06:00:30.925 22863 22893 W /ffmpeg_content_provider.c: timeout_interrupt_callback guard time: 120000000, first:11426182517, diff:124875578
04-03 06:00:30.935 22863 22893 W /ffmpeg_content_provider.c: timeout_interrupt_callback guard time: 120000000, first:11426182517, diff:124885849
04-03 06:00:30.945 22863 22893 W /ffmpeg_content_provider.c: timeout_interrupt_callback guard time: 120000000, first:11426182517, diff:124896220
04-03 06:00:30.955 22863 22893 W /ffmpeg_content_provider.c: timeout_interrupt_callback guard time: 120000000, first:11426182517, diff:124906475
04-03 06:00:30.966 22863 22893 W /ffmpeg_content_provider.c: timeout_interrupt_callback guard time: 120000000, first:11426182517, diff:124916739
04-03 06:00:30.976 22863 22893 W /ffmpeg_content_provider.c: timeout_interrupt_callback guard time: 120000000, first:11426182517, diff:124927005
04-03 06:00:30.986 22863 22893 W /ffmpeg_content_provider.c: timeout_interrupt_callback guard time: 120000000, first:11426182517, diff:124937419
04-03 06:00:30.997 22863 22893 W /ffmpeg_content_provider.c: timeout_interrupt_callback guard time: 120000000, first:11426182517, diff:124947849
04-03 06:00:31.007 22863 22893 W /ffmpeg_content_provider.c: timeout_interrupt_callback guard time: 120000000, first:11426182517, diff:124958123
04-03 06:00:31.017 22863 22893 W /ffmpeg_content_provider.c: timeout_interrupt_callback guard time: 120000000, first:11426182517, diff:124968383
04-03 06:00:31.028 22863 22893 W /ffmpeg_content_provider.c: timeout_interrupt_callback guard time: 120000000, first:11426182517, diff:124978657
04-03 06:00:31.038 22863 22893 W /ffmpeg_content_provider.c: timeout_interrupt_callback guard time: 120000000, first:11426182517, diff:124988908
04-03 06:00:31.048 22863 22893 W /ffmpeg_content_provider.c: timeout_interrupt_callback guard time: 120000000, first:11426182517, diff:124999164
04-03 06:00:31.059 22863 22893 W /ffmpeg_content_provider.c: timeout_interrupt_callback guard time: 120000000, first:11426182517, diff:125009778
04-03 06:00:31.069 22863 22893 W /ffmpeg_content_provider.c: timeout_interrupt_callback guard time: 120000000, first:11426182517, diff:125020048
04-03 06:00:31.079 22863 22893 W /ffmpeg_content_provider.c: timeout_interrupt_callback guard time: 120000000, first:11426182517, diff:125030380
04-03 06:00:31.090 22863 22893 W /ffmpeg_content_provider.c: timeout_interrupt_callback guard time: 120000000, first:11426182517, diff:125040672
04-03 06:00:31.100 22863 22893 W /ffmpeg_content_provider.c: timeout_interrupt_callback guard time: 120000000, first:11426182517, diff:125050959
04-03 06:00:31.110 22863 22893 W /ffmpeg_content_provider.c: timeout_interrupt_callback guard time: 120000000, first:11426182517, diff:125061239
04-03 06:00:31.121 22863 22893 W /ffmpeg_content_provider.c: timeout_interrupt_callback guard time: 120000000, first:11426182517, diff:125071499
04-03 06:00:31.131 22863 22893 W /ffmpeg_content_provider.c: timeout_interrupt_callback guard time: 120000000, first:11426182517, diff:125081765
04-03 06:00:31.137 22863 22884 W /player.c: STAT(RES(240x160) FPS:0.00/00181 V: c-d(0-0:100) d-r(0:100) L(1167000) A: c-d(0:100) d-r(0:100) )
04-03 06:00:31.141 22863 22893 W /ffmpeg_content_provider.c: timeout_interrupt_callback guard time: 120000000, first:11426182517, diff:125092037
04-03 06:00:31.151 22863 22893 W /ffmpeg_content_provider.c: timeout_interrupt_callback guard time: 120000000, first:11426182517, diff:125102358
04-03 06:00:31.162 22863 22893 W /ffmpeg_content_provider.c: timeout_interrupt_callback guard time: 120000000, first:11426182517, diff:125112652
04-03 06:00:31.172 22863 22893 W /ffmpeg_content_provider.c: timeout_interrupt_callback guard time: 120000000, first:11426182517, diff:125122923
04-03 06:00:31.182 22863 22893 W /ffmpeg_content_provider.c: timeout_interrupt_callback guard time: 120000000, first:11426182517, diff:125133187
04-03 06:00:31.192 22863 22893 W /ffmpeg_content_provider.c: timeout_interrupt_callback guard time: 120000000, first:11426182517, diff:125143449
04-03 06:00:31.203 22863 22893 W /ffmpeg_content_provider.c: timeout_interrupt_callback guard time: 120000000, first:11426182517, diff:125153807
04-03 06:00:31.213 22863 22893 W /ffmpeg_content_provider.c: timeout_interrupt_callback guard time: 120000000, first:11426182517, diff:125164106
04-03 06:00:31.223 22863 22893 W /ffmpeg_content_provider.c: timeout_interrupt_callback guard time: 120000000, first:11426182517, diff:125174381
04-03 06:00:31.234 22863 22893 W /ffmpeg_content_provider.c: timeout_interrupt_callback guard time: 120000000, first:11426182517, diff:125184687
04-03 06:00:31.244 22863 22893 W /ffmpeg_content_provider.c: timeout_interrupt_callback guard time: 120000000, first:11426182517, diff:125195040
04-03 06:00:31.254 22863 22893 W /ffmpeg_content_provider.c: timeout_interrupt_callback guard time: 120000000, first:11426182517, diff:125205315
04-03 06:00:31.265 22863 22893 W /ffmpeg_content_provider.c: timeout_interrupt_callback guard time: 120000000, first:11426182517, diff:125215583
04-03 06:00:31.275 22863 22893 W /ffmpeg_content_provider.c: timeout_interrupt_callback guard time: 120000000, first:11426182517, diff:125225875
04-03 06:00:31.285 22863 22893 W /ffmpeg_content_provider.c: timeout_interrupt_callback guard time: 120000000, first:11426182517, diff:125236229
04-03 06:00:31.296 22863 22893 W /ffmpeg_content_provider.c: timeout_interrupt_callback guard time: 120000000, first:11426182517, diff:125246498
04-03 06:00:31.306 22863 22893 W /ffmpeg_content_provider.c: timeout_interrupt_callback guard time: 120000000, first:11426182517, diff:125256758
04-03 06:00:31.316 22863 22893 W /ffmpeg_content_provider.c: timeout_interrupt_callback guard time: 120000000, first:11426182517, diff:125267018
04-03 06:00:31.326 22863 22893 W /ffmpeg_content_provider.c: timeout_interrupt_callback guard time: 120000000, first:11426182517, diff:125277339
04-03 06:00:31.337 22863 22893 W /ffmpeg_content_provider.c: timeout_interrupt_callback guard time: 120000000, first:11426182517, diff:125287627
04-03 06:00:31.347 22863 22893 W /ffmpeg_content_provider.c: timeout_interrupt_callback guard time: 120000000, first:11426182517, diff:125297915
04-03 06:00:31.357 22863 22893 W /ffmpeg_content_provider.c: timeout_interrupt_callback guard time: 120000000, first:11426182517, diff:125308175
04-03 06:00:31.367 22863 22893 W /ffmpeg_content_provider.c: timeout_interrupt_callback guard time: 120000000, first:11426182517, diff:125318439
04-03 06:00:31.378 22863 22893 W /ffmpeg_content_provider.c: timeout_interrupt_callback guard time: 120000000, first:11426182517, diff:125328731
04-03 06:00:31.388 22863 22893 W /ffmpeg_content_provider.c: timeout_interrupt_callback guard time: 120000000, first:11426182517, diff:125339080
04-03 06:00:31.398 22863 22893 W /ffmpeg_content_provider.c: timeout_interrupt_callback guard time: 120000000, first:11426182517, diff:125349346
04-03 06:00:31.409 22863 22893 W /ffmpeg_content_provider.c: timeout_interrupt_callback guard time: 120000000, first:11426182517, diff:125359673
04-03 06:00:31.419 22863 22893 W /ffmpeg_content_provider.c: timeout_interrupt_callback guard time: 120000000, first:11426182517, diff:125370253
04-03 06:00:31.430 22863 22893 W /ffmpeg_content_provider.c: timeout_interrupt_callback guard time: 120000000, first:11426182517, diff:125380536
04-03 06:00:31.440 22863 22893 W /ffmpeg_content_provider.c: timeout_interrupt_callback guard time: 120000000, first:11426182517, diff:125390798
04-03 06:00:31.450 22863 22893 W /ffmpeg_content_provider.c: timeout_interrupt_callback guard time: 120000000, first:11426182517, diff:125401096
04-03 06:00:31.460 22863 22893 W /ffmpeg_content_provider.c: timeout_interrupt_callback guard time: 120000000, first:11426182517, diff:125411357
04-03 06:00:31.471 22863 22893 W /ffmpeg_content_provider.c: timeout_interrupt_callback guard time: 120000000, first:11426182517, diff:125421619
04-03 06:00:31.481 22863 22893 W /ffmpeg_content_provider.c: timeout_interrupt_callback guard time: 120000000, first:11426182517, diff:125431872
04-03 06:00:31.491 22863 22893 W /ffmpeg_content_provider.c: timeout_interrupt_callback guard time: 120000000, first:11426182517, diff:125442123
04-03 06:00:31.501 22863 22893 W /ffmpeg_content_provider.c: timeout_interrupt_callback guard time: 120000000, first:11426182517, diff:125452376
04-03 06:00:31.512 22863 22893 W /ffmpeg_content_provider.c: timeout_interrupt_callback guard time: 120000000, first:11426182517, diff:125462673
04-03 06:00:31.522 22863 22893 W /ffmpeg_content_provider.c: timeout_interrupt_callback guard time: 120000000, first:11426182517, diff:125472992
04-03 06:00:31.532 22863 22893 W /ffmpeg_content_provider.c: timeout_interrupt_callback guard time: 120000000, first:11426182517, diff:125483298
04-03 06:00:31.543 22863 22893 W /ffmpeg_content_provider.c: timeout_interrupt_callback guard time: 120000000, first:11426182517, diff:125493613
04-03 06:00:31.553 22863 22893 W /ffmpeg_content_provider.c: timeout_interrupt_callback guard time: 120000000, first:11426182517, diff:125504008
04-03 06:00:31.563 22863 22893 W /ffmpeg_content_provider.c: timeout_interrupt_callback guard time: 120000000, first:11426182517, diff:125514284
04-03 06:00:31.574 22863 22893 W /ffmpeg_content_provider.c: timeout_interrupt_callback guard time: 120000000, first:11426182517, diff:125524560
04-03 06:00:31.584 22863 22893 W /ffmpeg_content_provider.c: timeout_interrupt_callback guard time: 120000000, first:11426182517, diff:125534841
04-03 06:00:31.594 22863 22893 W /ffmpeg_content_provider.c: timeout_interrupt_callback guard time: 120000000, first:11426182517, diff:125545198
04-03 06:00:31.604 22863 22893 W /ffmpeg_content_provider.c: timeout_interrupt_callback guard time: 120000000, first:11426182517, diff:125555471
04-03 06:00:31.615 22863 22893 W /ffmpeg_content_provider.c: timeout_interrupt_callback guard time: 120000000, first:11426182517, diff:125565759
04-03 06:00:31.625 22863 22893 W /ffmpeg_content_provider.c: timeout_interrupt_callback guard time: 120000000, first:11426182517, diff:125576012
04-03 06:00:31.635 22863 22893 W /ffmpeg_content_provider.c: timeout_interrupt_callback guard time: 120000000, first:11426182517, diff:125586230
04-03 06:00:31.645 22863 22893 W /ffmpeg_content_provider.c: timeout_interrupt_callback guard time: 120000000, first:11426182517, diff:125596491
04-03 06:00:31.656 22863 22893 W /ffmpeg_content_provider.c: timeout_interrupt_callback guard time: 120000000, first:11426182517, diff:125606758
04-03 06:00:31.666 22863 22893 W /ffmpeg_content_provider.c: timeout_interrupt_callback guard time: 120000000, first:11426182517, diff:125617060
04-03 06:00:31.676 22863 22893 W /ffmpeg_content_provider.c: timeout_interrupt_callback guard time: 120000000, first:11426182517, diff:125627346
04-03 06:00:31.687 22863 22893 W /ffmpeg_content_provider.c: timeout_interrupt_callback guard time: 120000000, first:11426182517, diff:125637619
04-03 06:00:31.697 22863 22893 W /ffmpeg_content_provider.c: timeout_interrupt_callback guard time: 120000000, first:11426182517, diff:125647884
04-03 06:00:31.707 22863 22893 W /ffmpeg_content_provider.c: timeout_interrupt_callback guard time: 120000000, first:11426182517, diff:125658164
04-03 06:00:31.717 22863 22893 W /ffmpeg_content_provider.c: timeout_interrupt_callback guard time: 120000000, first:11426182517, diff:125668470
04-03 06:00:31.728 22863 22893 W /ffmpeg_content_provider.c: timeout_interrupt_callback guard time: 120000000, first:11426182517, diff:125678793
04-03 06:00:31.738 22863 22893 W /ffmpeg_content_provider.c: timeout_interrupt_callback guard time: 120000000, first:11426182517, diff:125689082
04-03 06:00:31.748 22863 22893 W /ffmpeg_content_provider.c: timeout_interrupt_callback guard time: 120000000, first:11426182517, diff:125699343
04-03 06:00:31.759 22863 22893 W /ffmpeg_content_provider.c: timeout_interrupt_callback guard time: 120000000, first:11426182517, diff:125709611
04-03 06:00:31.769 22863 22893 W /ffmpeg_content_provider.c: timeout_interrupt_callback guard time: 120000000, first:11426182517, diff:125719870
04-03 06:00:31.779 22863 22893 W /ffmpeg_content_provider.c: timeout_interrupt_callback guard time: 120000000, first:11426182517, diff:125730127
04-03 06:00:31.789 22863 22893 W /ffmpeg_content_provider.c: timeout_interrupt_callback guard time: 120000000, first:11426182517, diff:125740473
04-03 06:00:31.800 22863 22893 W /ffmpeg_content_provider.c: timeout_interrupt_callback guard time: 120000000, first:11426182517, diff:125750722
04-03 06:00:31.810 22863 22893 W /ffmpeg_content_provider.c: timeout_interrupt_callback guard time: 120000000, first:11426182517, diff:125760999
04-03 06:00:31.820 22863 22893 W /ffmpeg_content_provider.c: timeout_interrupt_callback guard time: 120000000, first:11426182517, diff:125771295
04-03 06:00:31.831 22863 22893 W /ffmpeg_content_provider.c: timeout_interrupt_callback guard time: 120000000, first:11426182517, diff:125781586
04-03 06:00:31.835   893  2794 D WifiStateMachine:  ConnectedState !CMD_RSSI_POLL  rt=11551970/13709301 8 0 "Keenetic-4147" 1c:74:0d:90:2c:1c rssi=-38 f=2432 sc=60 link=144 tx=24.5, 0.0, 0.0  rx=45.2 bcn=97581 [on:0 tx:0 rx:0 period:2998] from screen [on:178009 period:181046] gl hn rssi=-33 ag=0 hr ticks 0,0,6 ls-=0 [56,56,60,60,65] brc=0 lrc=0 offload-stopped
04-03 06:00:31.836   893  2794 D WifiStateMachine:  L2ConnectedState !CMD_RSSI_POLL  rt=11551971/13709302 8 0 "Keenetic-4147" 1c:74:0d:90:2c:1c rssi=-38 f=2432 sc=60 link=144 tx=24.5, 0.0, 0.0  rx=45.2 bcn=97581 [on:0 tx:0 rx:0 period:1] from screen [on:178009 period:181047] gl hn rssi=-33 ag=0 hr ticks 0,0,6 ls-=0 [56,56,60,60,65] brc=0 lrc=0 offload-stopped
04-03 06:00:31.836   893  2794 D WifiStateMachine:  get link layer stats 4
04-03 06:00:31.840   893  2794 D WifiNative-wlan0: doString: [SIGNAL_POLL]
04-03 06:00:31.841 22863 22893 W /ffmpeg_content_provider.c: timeout_interrupt_callback guard time: 120000000, first:11426182517, diff:125791873
04-03 06:00:31.845   893  2794 D WifiStateMachine: fetchRssiLinkSpeedAndFrequencyNative rssi=-38 linkspeed=144 freq=2432
04-03 06:00:31.846   893  2794 D WifiConfigManager: updateConfiguration freq=2432 BSSID=1c:74:0d:90:2c:1c RSSI=-37 "Keenetic-4147"WPA_PSK
04-03 06:00:31.847   893  2794 D WifiStateMachine: calculateWifiScore freq=2432 speed=144 score=60 highRSSI  -> txbadrate=0.00 txgoodrate=20.74 txretriesrate=0.00 rxrate=47.09 userTriggerdPenalty0
04-03 06:00:31.847   893  2794 D WifiStateMachine:  good link -> stuck count =0
04-03 06:00:31.847   893  2794 D WifiStateMachine:  badRSSI count0 lowRSSI count0 --> score 60
04-03 06:00:31.847   893  2794 D WifiStateMachine:  isHighRSSI       ---> score=65
04-03 06:00:31.851 22863 22893 W /ffmpeg_content_provider.c: timeout_interrupt_callback guard time: 120000000, first:11426182517, diff:125802148
04-03 06:00:31.861 22863 22893 W /ffmpeg_content_provider.c: timeout_interrupt_callback guard time: 120000000, first:11426182517, diff:125812432
04-03 06:00:31.872 22863 22893 W /ffmpeg_content_provider.c: timeout_interrupt_callback guard time: 120000000, first:11426182517, diff:125822702
04-03 06:00:31.882 22863 22893 W /ffmpeg_content_provider.c: timeout_interrupt_callback guard time: 120000000, first:11426182517, diff:125832970
04-03 06:00:31.892 22863 22893 W /ffmpeg_content_provider.c: timeout_interrupt_callback guard time: 120000000, first:11426182517, diff:125843229
04-03 06:00:31.903 22863 22893 W /ffmpeg_content_provider.c: timeout_interrupt_callback guard time: 120000000, first:11426182517, diff:125853500
04-03 06:00:31.913 22863 22893 W /ffmpeg_content_provider.c: timeout_interrupt_callback guard time: 120000000, first:11426182517, diff:125863797
04-03 06:00:31.923 22863 22893 W /ffmpeg_content_provider.c: timeout_interrupt_callback guard time: 120000000, first:11426182517, diff:125874063
04-03 06:00:31.933 22863 22893 W /ffmpeg_content_provider.c: timeout_interrupt_callback guard time: 120000000, first:11426182517, diff:125884318
04-03 06:00:31.944 22863 22893 W /ffmpeg_content_provider.c: timeout_interrupt_callback guard time: 120000000, first:11426182517, diff:125894594
04-03 06:00:31.954 22863 22893 W /ffmpeg_content_provider.c: timeout_interrupt_callback guard time: 120000000, first:11426182517, diff:125904867
04-03 06:00:31.964 22863 22893 W /ffmpeg_content_provider.c: timeout_interrupt_callback guard time: 120000000, first:11426182517, diff:125915208
04-03 06:00:31.975 22863 22893 W /ffmpeg_content_provider.c: timeout_interrupt_callback guard time: 120000000, first:11426182517, diff:125925498
04-03 06:00:31.985 22863 22893 W /ffmpeg_content_provider.c: timeout_interrupt_callback guard time: 120000000, first:11426182517, diff:125935790
04-03 06:00:31.995 22863 22893 W /ffmpeg_content_provider.c: timeout_interrupt_callback guard time: 120000000, first:11426182517, diff:125946104
04-03 06:00:32.005 22863 22893 W /ffmpeg_content_provider.c: timeout_interrupt_callback guard time: 120000000, first:11426182517, diff:125956428
04-03 06:00:32.016 22863 22893 W /ffmpeg_content_provider.c: timeout_interrupt_callback guard time: 120000000, first:11426182517, diff:125966717
04-03 06:00:32.026 22863 22893 W /ffmpeg_content_provider.c: timeout_interrupt_callback guard time: 120000000, first:11426182517, diff:125977136
04-03 06:00:32.037 22863 22893 W /ffmpeg_content_provider.c: timeout_interrupt_callback guard time: 120000000, first:11426182517, diff:125987541
04-03 06:00:32.047 22863 22893 W /ffmpeg_content_provider.c: timeout_interrupt_callback guard time: 120000000, first:11426182517, diff:125997816
04-03 06:00:32.057 22863 22893 W /ffmpeg_content_provider.c: timeout_interrupt_callback guard time: 120000000, first:11426182517, diff:126008079
04-03 06:00:32.067 22863 22893 W /ffmpeg_content_provider.c: timeout_interrupt_callback guard time: 120000000, first:11426182517, diff:126018329
04-03 06:00:32.078 22863 22893 W /ffmpeg_content_provider.c: timeout_interrupt_callback guard time: 120000000, first:11426182517, diff:126028650
04-03 06:00:32.088 22863 22893 W /ffmpeg_content_provider.c: timeout_interrupt_callback guard time: 120000000, first:11426182517, diff:126038922
04-03 06:00:32.098 22863 22893 W /ffmpeg_content_provider.c: timeout_interrupt_callback guard time: 120000000, first:11426182517, diff:126049187
04-03 06:00:32.109 22863 22893 W /ffmpeg_content_provider.c: timeout_interrupt_callback guard time: 120000000, first:11426182517, diff:126059452
04-03 06:00:32.121 22863 22893 W /ffmpeg_content_provider.c: timeout_interrupt_callback guard time: 120000000, first:11426182517, diff:126071706
04-03 06:00:32.131 22863 22893 W /ffmpeg_content_provider.c: timeout_interrupt_callback guard time: 120000000, first:11426182517, diff:126082110
04-03 06:00:32.138 22863 22884 W /player.c: STAT(RES(240x160) FPS:0.00/00181 V: c-d(0-0:100) d-r(0:100) L(1167000) A: c-d(0:100) d-r(0:100) )
04-03 06:00:32.142 22863 22893 W /ffmpeg_content_provider.c: timeout_interrupt_callback guard time: 120000000, first:11426182517, diff:126092540
04-03 06:00:32.152 22863 22893 W /ffmpeg_content_provider.c: timeout_interrupt_callback guard time: 120000000, first:11426182517, diff:126102984
04-03 06:00:32.162 22863 22893 W /ffmpeg_content_provider.c: timeout_interrupt_callback guard time: 120000000, first:11426182517, diff:126113287
04-03 06:00:32.173 22863 22893 W /ffmpeg_content_provider.c: timeout_interrupt_callback guard time: 120000000, first:11426182517, diff:126123594
04-03 06:00:32.183 22863 22893 W /ffmpeg_content_provider.c: timeout_interrupt_callback guard time: 120000000, first:11426182517, diff:126133886
04-03 06:00:32.193 22863 22893 W /ffmpeg_content_provider.c: timeout_interrupt_callback guard time: 120000000, first:11426182517, diff:126144144
04-03 06:00:32.203 22863 22893 W /ffmpeg_content_provider.c: timeout_interrupt_callback guard time: 120000000, first:11426182517, diff:126154410
04-03 06:00:32.214 22863 22893 W /ffmpeg_content_provider.c: timeout_interrupt_callback guard time: 120000000, first:11426182517, diff:126164668
04-03 06:00:32.224 22863 22893 W /ffmpeg_content_provider.c: timeout_interrupt_callback guard time: 120000000, first:11426182517, diff:126174921
04-03 06:00:32.234 22863 22893 W /ffmpeg_content_provider.c: timeout_interrupt_callback guard time: 120000000, first:11426182517, diff:126185166
04-03 06:00:32.244 22863 22893 W /ffmpeg_content_provider.c: timeout_interrupt_callback guard time: 120000000, first:11426182517, diff:126195433
04-03 06:00:32.255 22863 22893 W /ffmpeg_content_provider.c: timeout_interrupt_callback guard time: 120000000, first:11426182517, diff:126205737
04-03 06:00:32.265 22863 22893 W /ffmpeg_content_provider.c: timeout_interrupt_callback guard time: 120000000, first:11426182517, diff:126215991
04-03 06:00:32.275 22863 22893 W /ffmpeg_content_provider.c: timeout_interrupt_callback guard time: 120000000, first:11426182517, diff:126226271
04-03 06:00:32.286 22863 22893 W /ffmpeg_content_provider.c: timeout_interrupt_callback guard time: 120000000, first:11426182517, diff:126236605
04-03 06:00:32.296 22863 22893 W /ffmpeg_content_provider.c: timeout_interrupt_callback guard time: 120000000, first:11426182517, diff:126246928
04-03 06:00:32.306 22863 22893 W /ffmpeg_content_provider.c: timeout_interrupt_callback guard time: 120000000, first:11426182517, diff:126257287
04-03 06:00:32.317 22863 22893 W /ffmpeg_content_provider.c: timeout_interrupt_callback guard time: 120000000, first:11426182517, diff:126267564
04-03 06:00:32.327 22863 22893 W /ffmpeg_content_provider.c: timeout_interrupt_callback guard time: 120000000, first:11426182517, diff:126278037
04-03 06:00:32.337 22863 22893 W /ffmpeg_content_provider.c: timeout_interrupt_callback guard time: 120000000, first:11426182517, diff:126288318
04-03 06:00:32.348 22863 22893 W /ffmpeg_content_provider.c: timeout_interrupt_callback guard time: 120000000, first:11426182517, diff:126298602
04-03 06:00:32.358 22863 22893 W /ffmpeg_content_provider.c: timeout_interrupt_callback guard time: 120000000, first:11426182517, diff:126308877
04-03 06:00:32.368 22863 22893 W /ffmpeg_content_provider.c: timeout_interrupt_callback guard time: 120000000, first:11426182517, diff:126319147
04-03 06:00:32.378 22863 22893 W /ffmpeg_content_provider.c: timeout_interrupt_callback guard time: 120000000, first:11426182517, diff:126329430
04-03 06:00:32.389 22863 22893 W /ffmpeg_content_provider.c: timeout_interrupt_callback guard time: 120000000, first:11426182517, diff:126339707
04-03 06:00:32.399 22863 22893 W /ffmpeg_content_provider.c: timeout_interrupt_callback guard time: 120000000, first:11426182517, diff:126350009
04-03 06:00:32.409 22863 22893 W /ffmpeg_content_provider.c: timeout_interrupt_callback guard time: 120000000, first:11426182517, diff:126360300
04-03 06:00:32.420 22863 22893 W /ffmpeg_content_provider.c: timeout_interrupt_callback guard time: 120000000, first:11426182517, diff:126370636
04-03 06:00:32.430 22863 22893 W /ffmpeg_content_provider.c: timeout_interrupt_callback guard time: 120000000, first:11426182517, diff:126380907
04-03 06:00:32.440 22863 22893 W /ffmpeg_content_provider.c: timeout_interrupt_callback guard time: 120000000, first:11426182517, diff:126391182
04-03 06:00:32.450 22863 22893 W /ffmpeg_content_provider.c: timeout_interrupt_callback guard time: 120000000, first:11426182517, diff:126401455
04-03 06:00:32.461 22863 22893 W /ffmpeg_content_provider.c: timeout_interrupt_callback guard time: 120000000, first:11426182517, diff:126411995
04-03 06:00:32.471 22863 22893 W /ffmpeg_content_provider.c: timeout_interrupt_callback guard time: 120000000, first:11426182517, diff:126422293
04-03 06:00:32.482 22863 22893 W /ffmpeg_content_provider.c: timeout_interrupt_callback guard time: 120000000, first:11426182517, diff:126432581
04-03 06:00:32.492 22863 22893 W /ffmpeg_content_provider.c: timeout_interrupt_callback guard time: 120000000, first:11426182517, diff:126442870
04-03 06:00:32.502 22863 22893 W /ffmpeg_content_provider.c: timeout_interrupt_callback guard time: 120000000, first:11426182517, diff:126453138
04-03 06:00:32.513 22863 22893 W /ffmpeg_content_provider.c: timeout_interrupt_callback guard time: 120000000, first:11426182517, diff:126463502
04-03 06:00:32.523 22863 22893 W /ffmpeg_content_provider.c: timeout_interrupt_callback guard time: 120000000, first:11426182517, diff:126473909
04-03 06:00:32.533 22863 22893 W /ffmpeg_content_provider.c: timeout_interrupt_callback guard time: 120000000, first:11426182517, diff:126484310
04-03 06:00:32.544 22863 22893 W /ffmpeg_content_provider.c: timeout_interrupt_callback guard time: 120000000, first:11426182517, diff:126494713
04-03 06:00:32.554 22863 22893 W /ffmpeg_content_provider.c: timeout_interrupt_callback guard time: 120000000, first:11426182517, diff:126505090
04-03 06:00:32.565 22863 22893 W /ffmpeg_content_provider.c: timeout_interrupt_callback guard time: 120000000, first:11426182517, diff:126515470
04-03 06:00:32.575 22863 22893 W /ffmpeg_content_provider.c: timeout_interrupt_callback guard time: 120000000, first:11426182517, diff:126525894
04-03 06:00:32.585 22863 22893 W /ffmpeg_content_provider.c: timeout_interrupt_callback guard time: 120000000, first:11426182517, diff:126536376
04-03 06:00:32.596 22863 22893 W /ffmpeg_content_provider.c: timeout_interrupt_callback guard time: 120000000, first:11426182517, diff:126546899
04-03 06:00:32.607 22863 22893 W /ffmpeg_content_provider.c: timeout_interrupt_callback guard time: 120000000, first:11426182517, diff:126557448
04-03 06:00:32.617 22863 22893 W /ffmpeg_content_provider.c: timeout_interrupt_callback guard time: 120000000, first:11426182517, diff:126567956
04-03 06:00:32.627 22863 22893 W /ffmpeg_content_provider.c: timeout_interrupt_callback guard time: 120000000, first:11426182517, diff:126578430
04-03 06:00:32.638 22863 22893 W /ffmpeg_content_provider.c: timeout_interrupt_callback guard time: 120000000, first:11426182517, diff:126588904
04-03 06:00:32.648 22863 22893 W /ffmpeg_content_provider.c: timeout_interrupt_callback guard time: 120000000, first:11426182517, diff:126599364
04-03 06:00:32.659 22863 22893 W /ffmpeg_content_provider.c: timeout_interrupt_callback guard time: 120000000, first:11426182517, diff:126609836
04-03 06:00:32.670 22863 22893 W /ffmpeg_content_provider.c: timeout_interrupt_callback guard time: 120000000, first:11426182517, diff:126620373
04-03 06:00:32.680 22863 22893 W /ffmpeg_content_provider.c: timeout_interrupt_callback guard time: 120000000, first:11426182517, diff:126630967
04-03 06:00:32.691 22863 22893 W /ffmpeg_content_provider.c: timeout_interrupt_callback guard time: 120000000, first:11426182517, diff:126641757
04-03 06:00:32.701 22863 22893 W /ffmpeg_content_provider.c: timeout_interrupt_callback guard time: 120000000, first:11426182517, diff:126652100
04-03 06:00:32.711 22863 22893 W /ffmpeg_content_provider.c: timeout_interrupt_callback guard time: 120000000, first:11426182517, diff:126662461
04-03 06:00:32.722 22863 22893 W /ffmpeg_content_provider.c: timeout_interrupt_callback guard time: 120000000, first:11426182517, diff:126672804
04-03 06:00:32.732 22863 22893 W /ffmpeg_content_provider.c: timeout_interrupt_callback guard time: 120000000, first:11426182517, diff:126683142
04-03 06:00:32.742 22863 22893 W /ffmpeg_content_provider.c: timeout_interrupt_callback guard time: 120000000, first:11426182517, diff:126693464
04-03 06:00:32.755 22863 22893 W /ffmpeg_content_provider.c: timeout_interrupt_callback guard time: 120000000, first:11426182517, diff:126705822
04-03 06:00:32.765 22863 22893 W /ffmpeg_content_provider.c: timeout_interrupt_callback guard time: 120000000, first:11426182517, diff:126716135
04-03 06:00:32.775 22863 22893 W /ffmpeg_content_provider.c: timeout_interrupt_callback guard time: 120000000, first:11426182517, diff:126726466
04-03 06:00:32.786 22863 22893 W /ffmpeg_content_provider.c: timeout_interrupt_callback guard time: 120000000, first:11426182517, diff:126736823
04-03 06:00:32.798 22863 22893 W /ffmpeg_content_provider.c: timeout_interrupt_callback guard time: 120000000, first:11426182517, diff:126747863
04-03 06:00:32.808 22863 22893 W /ffmpeg_content_provider.c: timeout_interrupt_callback guard time: 120000000, first:11426182517, diff:126759006
04-03 06:00:32.819 22863 22893 W /ffmpeg_content_provider.c: timeout_interrupt_callback guard time: 120000000, first:11426182517, diff:126769409
04-03 06:00:32.829 22863 22893 W /ffmpeg_content_provider.c: timeout_interrupt_callback guard time: 120000000, first:11426182517, diff:126779834
04-03 06:00:32.839 22863 22893 W /ffmpeg_content_provider.c: timeout_interrupt_callback guard time: 120000000, first:11426182517, diff:126790274
04-03 06:00:32.850 22863 22893 W /ffmpeg_content_provider.c: timeout_interrupt_callback guard time: 120000000, first:11426182517, diff:126800749
04-03 06:00:32.861 22863 22893 W /ffmpeg_content_provider.c: timeout_interrupt_callback guard time: 120000000, first:11426182517, diff:126812040
04-03 06:00:32.872 22863 22893 W /ffmpeg_content_provider.c: timeout_interrupt_callback guard time: 120000000, first:11426182517, diff:126823232
04-03 06:00:32.883 22863 22893 W /ffmpeg_content_provider.c: timeout_interrupt_callback guard time: 120000000, first:11426182517, diff:126833599
04-03 06:00:32.895 22863 22893 W /ffmpeg_content_provider.c: timeout_interrupt_callback guard time: 120000000, first:11426182517, diff:126845856
04-03 06:00:32.905 22863 22893 W /ffmpeg_content_provider.c: timeout_interrupt_callback guard time: 120000000, first:11426182517, diff:126856277
04-03 06:00:32.916 22863 22893 W /ffmpeg_content_provider.c: timeout_interrupt_callback guard time: 120000000, first:11426182517, diff:126866645
04-03 06:00:32.926 22863 22893 W /ffmpeg_content_provider.c: timeout_interrupt_callback guard time: 120000000, first:11426182517, diff:126876998
04-03 06:00:32.938 22863 22893 W /ffmpeg_content_provider.c: timeout_interrupt_callback guard time: 120000000, first:11426182517, diff:126889458
04-03 06:00:32.949 22863 22893 W /ffmpeg_content_provider.c: timeout_interrupt_callback guard time: 120000000, first:11426182517, diff:126899773
04-03 06:00:32.959 22863 22893 W /ffmpeg_content_provider.c: timeout_interrupt_callback guard time: 120000000, first:11426182517, diff:126910113
04-03 06:00:32.970 22863 22893 W /ffmpeg_content_provider.c: timeout_interrupt_callback guard time: 120000000, first:11426182517, diff:126920530
04-03 06:00:32.980 22863 22893 W /ffmpeg_content_provider.c: timeout_interrupt_callback guard time: 120000000, first:11426182517, diff:126930972
04-03 06:00:32.990 22863 22893 W /ffmpeg_content_provider.c: timeout_interrupt_callback guard time: 120000000, first:11426182517, diff:126941346
04-03 06:00:33.001 22863 22893 W /ffmpeg_content_provider.c: timeout_interrupt_callback guard time: 120000000, first:11426182517, diff:126951737
04-03 06:00:33.012 22863 22893 W /ffmpeg_content_provider.c: timeout_interrupt_callback guard time: 120000000, first:11426182517, diff:126962676
04-03 06:00:33.022 22863 22893 W /ffmpeg_content_provider.c: timeout_interrupt_callback guard time: 120000000, first:11426182517, diff:126973005
04-03 06:00:33.032 22863 22893 W /ffmpeg_content_provider.c: timeout_interrupt_callback guard time: 120000000, first:11426182517, diff:126983415
04-03 06:00:33.043 22863 22893 W /ffmpeg_content_provider.c: timeout_interrupt_callback guard time: 120000000, first:11426182517, diff:126993842
04-03 06:00:33.055 22863 22893 W /ffmpeg_content_provider.c: timeout_interrupt_callback guard time: 120000000, first:11426182517, diff:127005765
04-03 06:00:33.065 22863 22893 W /ffmpeg_content_provider.c: timeout_interrupt_callback guard time: 120000000, first:11426182517, diff:127016126
04-03 06:00:33.075 22863 22893 W /ffmpeg_content_provider.c: timeout_interrupt_callback guard time: 120000000, first:11426182517, diff:127026431
04-03 06:00:33.086 22863 22893 W /ffmpeg_content_provider.c: timeout_interrupt_callback guard time: 120000000, first:11426182517, diff:127036767
04-03 06:00:33.096 22863 22893 W /ffmpeg_content_provider.c: timeout_interrupt_callback guard time: 120000000, first:11426182517, diff:127047199
04-03 06:00:33.107 22863 22893 W /ffmpeg_content_provider.c: timeout_interrupt_callback guard time: 120000000, first:11426182517, diff:127057607
04-03 06:00:33.117 22863 22893 W /ffmpeg_content_provider.c: timeout_interrupt_callback guard time: 120000000, first:11426182517, diff:127067999
04-03 06:00:33.127 22863 22893 W /ffmpeg_content_provider.c: timeout_interrupt_callback guard time: 120000000, first:11426182517, diff:127078431
04-03 06:00:33.138 22863 22893 W /ffmpeg_content_provider.c: timeout_interrupt_callback guard time: 120000000, first:11426182517, diff:127088837
04-03 06:00:33.140 22863 22884 W /player.c: STAT(RES(240x160) FPS:0.00/00181 V: c-d(0-0:100) d-r(0:100) L(1167000) A: c-d(0:100) d-r(0:100) )
04-03 06:00:33.148 22863 22893 W /ffmpeg_content_provider.c: timeout_interrupt_callback guard time: 120000000, first:11426182517, diff:127099292
04-03 06:00:33.159 22863 22893 W /ffmpeg_content_provider.c: timeout_interrupt_callback guard time: 120000000, first:11426182517, diff:127109713
04-03 06:00:33.169 22863 22893 W /ffmpeg_content_provider.c: timeout_interrupt_callback guard time: 120000000, first:11426182517, diff:127120106
04-03 06:00:33.180 22863 22893 W /ffmpeg_content_provider.c: timeout_interrupt_callback guard time: 120000000, first:11426182517, diff:127130501
04-03 06:00:33.190 22863 22893 W /ffmpeg_content_provider.c: timeout_interrupt_callback guard time: 120000000, first:11426182517, diff:127141349
04-03 06:00:33.201 22863 22893 W /ffmpeg_content_provider.c: timeout_interrupt_callback guard time: 120000000, first:11426182517, diff:127151810
04-03 06:00:33.211 22863 22893 W /ffmpeg_content_provider.c: timeout_interrupt_callback guard time: 120000000, first:11426182517, diff:127162178
04-03 06:00:33.222 22863 22893 W /ffmpeg_content_provider.c: timeout_interrupt_callback guard time: 120000000, first:11426182517, diff:127172561
04-03 06:00:33.232 22863 22893 W /ffmpeg_content_provider.c: timeout_interrupt_callback guard time: 120000000, first:11426182517, diff:127183040
04-03 06:00:33.243 22863 22893 W /ffmpeg_content_provider.c: timeout_interrupt_callback guard time: 120000000, first:11426182517, diff:127193490
04-03 06:00:33.255 22863 22893 W /ffmpeg_content_provider.c: timeout_interrupt_callback guard time: 120000000, first:11426182517, diff:127206094
04-03 06:00:33.265 22863 22893 W /ffmpeg_content_provider.c: timeout_interrupt_callback guard time: 120000000, first:11426182517, diff:127216447
04-03 06:00:33.276 22863 22893 W /ffmpeg_content_provider.c: timeout_interrupt_callback guard time: 120000000, first:11426182517, diff:127226760
04-03 06:00:33.286 22863 22893 W /ffmpeg_content_provider.c: timeout_interrupt_callback guard time: 120000000, first:11426182517, diff:127237111
04-03 06:00:33.298 22863 22893 W /ffmpeg_content_provider.c: timeout_interrupt_callback guard time: 120000000, first:11426182517, diff:127248546
04-03 06:00:33.308 22863 22893 W /ffmpeg_content_provider.c: timeout_interrupt_callback guard time: 120000000, first:11426182517, diff:127258931
04-03 06:00:33.318 22863 22893 W /ffmpeg_content_provider.c: timeout_interrupt_callback guard time: 120000000, first:11426182517, diff:127269303
04-03 06:00:33.329 22863 22893 W /ffmpeg_content_provider.c: timeout_interrupt_callback guard time: 120000000, first:11426182517, diff:127279965
04-03 06:00:33.339 22863 22893 W /ffmpeg_content_provider.c: timeout_interrupt_callback guard time: 120000000, first:11426182517, diff:127290352
04-03 06:00:33.350 22863 22893 W /ffmpeg_content_provider.c: timeout_interrupt_callback guard time: 120000000, first:11426182517, diff:127300815
04-03 06:00:33.361 22863 22893 W /ffmpeg_content_provider.c: timeout_interrupt_callback guard time: 120000000, first:11426182517, diff:127311930
04-03 06:00:33.371 22863 22893 W /ffmpeg_content_provider.c: timeout_interrupt_callback guard time: 120000000, first:11426182517, diff:127322315
04-03 06:00:33.382 22863 22893 W /ffmpeg_content_provider.c: timeout_interrupt_callback guard time: 120000000, first:11426182517, diff:127332910
04-03 06:00:33.392 22863 22893 W /ffmpeg_content_provider.c: timeout_interrupt_callback guard time: 120000000, first:11426182517, diff:127343322
04-03 06:00:33.403 22863 22893 W /ffmpeg_content_provider.c: timeout_interrupt_callback guard time: 120000000, first:11426182517, diff:127353735
04-03 06:00:33.413 22863 22893 W /ffmpeg_content_provider.c: timeout_interrupt_callback guard time: 120000000, first:11426182517, diff:127364451
04-03 06:00:33.424 22863 22893 W /ffmpeg_content_provider.c: timeout_interrupt_callback guard time: 120000000, first:11426182517, diff:127374906
04-03 06:00:33.434 22863 22893 W /ffmpeg_content_provider.c: timeout_interrupt_callback guard time: 120000000, first:11426182517, diff:127385340
04-03 06:00:33.445 22863 22893 W /ffmpeg_content_provider.c: timeout_interrupt_callback guard time: 120000000, first:11426182517, diff:127395776
04-03 06:00:33.455 22863 22893 W /ffmpeg_content_provider.c: timeout_interrupt_callback guard time: 120000000, first:11426182517, diff:127406261
04-03 06:00:33.466 22863 22893 W /ffmpeg_content_provider.c: timeout_interrupt_callback guard time: 120000000, first:11426182517, diff:127416639
04-03 06:00:33.476 22863 22893 W /ffmpeg_content_provider.c: timeout_interrupt_callback guard time: 120000000, first:11426182517, diff:127426991
04-03 06:00:33.486 22863 22893 W /ffmpeg_content_provider.c: timeout_interrupt_callback guard time: 120000000, first:11426182517, diff:127437417
04-03 06:00:33.497 22863 22893 W /ffmpeg_content_provider.c: timeout_interrupt_callback guard time: 120000000, first:11426182517, diff:127447789
04-03 06:00:33.507 22863 22893 W /ffmpeg_content_provider.c: timeout_interrupt_callback guard time: 120000000, first:11426182517, diff:127458126
04-03 06:00:33.517 22863 22893 W /ffmpeg_content_provider.c: timeout_interrupt_callback guard time: 120000000, first:11426182517, diff:127468469
04-03 06:00:33.528 22863 22893 W /ffmpeg_content_provider.c: timeout_interrupt_callback guard time: 120000000, first:11426182517, diff:127478778
04-03 06:00:33.538 22863 22893 W /ffmpeg_content_provider.c: timeout_interrupt_callback guard time: 120000000, first:11426182517, diff:127489108
04-03 06:00:33.549 22863 22893 W /ffmpeg_content_provider.c: timeout_interrupt_callback guard time: 120000000, first:11426182517, diff:127499501
04-03 06:00:33.559 22863 22893 W /ffmpeg_content_provider.c: timeout_interrupt_callback guard time: 120000000, first:11426182517, diff:127509925
04-03 06:00:33.570 22863 22893 W /ffmpeg_content_provider.c: timeout_interrupt_callback guard time: 120000000, first:11426182517, diff:127520763
04-03 06:00:33.580 22863 22893 W /ffmpeg_content_provider.c: timeout_interrupt_callback guard time: 120000000, first:11426182517, diff:127531192
04-03 06:00:33.591 22863 22893 W /ffmpeg_content_provider.c: timeout_interrupt_callback guard time: 120000000, first:11426182517, diff:127541612
04-03 06:00:33.601 22863 22893 W /ffmpeg_content_provider.c: timeout_interrupt_callback guard time: 120000000, first:11426182517, diff:127552034
04-03 06:00:33.612 22863 22893 W /ffmpeg_content_provider.c: timeout_interrupt_callback guard time: 120000000, first:11426182517, diff:127562447
04-03 06:00:33.622 22863 22893 W /ffmpeg_content_provider.c: timeout_interrupt_callback guard time: 120000000, first:11426182517, diff:127572879
04-03 06:00:33.632 22863 22893 W /ffmpeg_content_provider.c: timeout_interrupt_callback guard time: 120000000, first:11426182517, diff:127583311
04-03 06:00:33.643 22863 22893 W /ffmpeg_content_provider.c: timeout_interrupt_callback guard time: 120000000, first:11426182517, diff:127593720
04-03 06:00:33.653 22863 22893 W /ffmpeg_content_provider.c: timeout_interrupt_callback guard time: 120000000, first:11426182517, diff:127604211
04-03 06:00:33.664 22863 22893 W /ffmpeg_content_provider.c: timeout_interrupt_callback guard time: 120000000, first:11426182517, diff:127614637
04-03 06:00:33.674 22863 22893 W /ffmpeg_content_provider.c: timeout_interrupt_callback guard time: 120000000, first:11426182517, diff:127625097
04-03 06:00:33.685 22863 22893 W /ffmpeg_content_provider.c: timeout_interrupt_callback guard time: 120000000, first:11426182517, diff:127635512
04-03 06:00:33.695 22863 22893 W /ffmpeg_content_provider.c: timeout_interrupt_callback guard time: 120000000, first:11426182517, diff:127646438
04-03 06:00:33.707 22863 22893 W /ffmpeg_content_provider.c: timeout_interrupt_callback guard time: 120000000, first:11426182517, diff:127658192
04-03 06:00:33.718 22863 22893 W /ffmpeg_content_provider.c: timeout_interrupt_callback guard time: 120000000, first:11426182517, diff:127668681
04-03 06:00:33.728 22863 22893 W /ffmpeg_content_provider.c: timeout_interrupt_callback guard time: 120000000, first:11426182517, diff:127679112
04-03 06:00:33.739 22863 22893 W /ffmpeg_content_provider.c: timeout_interrupt_callback guard time: 120000000, first:11426182517, diff:127689626
04-03 06:00:33.749 22863 22893 W /ffmpeg_content_provider.c: timeout_interrupt_callback guard time: 120000000, first:11426182517, diff:127700079
04-03 06:00:33.760 22863 22893 W /ffmpeg_content_provider.c: timeout_interrupt_callback guard time: 120000000, first:11426182517, diff:127710497
04-03 06:00:33.770 22863 22893 W /ffmpeg_content_provider.c: timeout_interrupt_callback guard time: 120000000, first:11426182517, diff:127720948
04-03 06:00:33.781 22863 22893 W /ffmpeg_content_provider.c: timeout_interrupt_callback guard time: 120000000, first:11426182517, diff:127731480
04-03 06:00:33.791 22863 22893 W /ffmpeg_content_provider.c: timeout_interrupt_callback guard time: 120000000, first:11426182517, diff:127741897
04-03 06:00:33.801 22863 22893 W /ffmpeg_content_provider.c: timeout_interrupt_callback guard time: 120000000, first:11426182517, diff:127752321
04-03 06:00:33.812 22863 22893 W /ffmpeg_content_provider.c: timeout_interrupt_callback guard time: 120000000, first:11426182517, diff:127762792
04-03 06:00:33.822 22863 22893 W /ffmpeg_content_provider.c: timeout_interrupt_callback guard time: 120000000, first:11426182517, diff:127773244
04-03 06:00:33.833 22863 22893 W /ffmpeg_content_provider.c: timeout_interrupt_callback guard time: 120000000, first:11426182517, diff:127783665
04-03 06:00:33.843 22863 22893 W /ffmpeg_content_provider.c: timeout_interrupt_callback guard time: 120000000, first:11426182517, diff:127794095
04-03 06:00:33.853 22863 22893 W /ffmpeg_content_provider.c: timeout_interrupt_callback guard time: 120000000, first:11426182517, diff:127804437
04-03 06:00:33.864 22863 22893 W /ffmpeg_content_provider.c: timeout_interrupt_callback guard time: 120000000, first:11426182517, diff:127814795
04-03 06:00:33.874 22863 22893 W /ffmpeg_content_provider.c: timeout_interrupt_callback guard time: 120000000, first:11426182517, diff:127825165
04-03 06:00:33.885 22863 22893 W /ffmpeg_content_provider.c: timeout_interrupt_callback guard time: 120000000, first:11426182517, diff:127835559
