--------- beginning of main
04-03 05:59:31.549   893  2794 D WifiStateMachine:  ConnectedState !CMD_RSSI_POLL  rt=11491683/13649013 8 0 "Keenetic-4147" 1c:74:0d:90:2c:1c rssi=-37 f=2432 sc=60 link=144 tx=31.4, 0.0, 0.0  rx=48.0 bcn=97016 [on:0 tx:0 rx:0 period:3001] from screen [on:117738 period:120759] gl hn rssi=-32 ag=0 hr ticks 0,0,6 ls-=0 [56,56,60,60,65] brc=0 lrc=0 offload-stopped
04-03 05:59:31.551   893  2794 D WifiStateMachine:  L2ConnectedState !CMD_RSSI_POLL  rt=11491685/13649015 8 0 "Keenetic-4147" 1c:74:0d:90:2c:1c rssi=-37 f=2432 sc=60 link=144 tx=31.4, 0.0, 0.0  rx=48.0 bcn=97016 [on:0 tx:0 rx:0 period:2] from screen [on:117738 period:120761] gl hn rssi=-32 ag=0 hr ticks 0,0,6 ls-=0 [56,56,60,60,65] brc=0 lrc=0 offload-stopped
04-03 05:59:31.551   893  2794 D WifiStateMachine:  get link layer stats 4
04-03 05:59:31.561   893  2794 D WifiNative-wlan0: doString: [SIGNAL_POLL]
04-03 05:59:31.564   893  2794 D WifiStateMachine: fetchRssiLinkSpeedAndFrequencyNative rssi=-35 linkspeed=144 freq=2432
04-03 05:59:31.564   893  2794 D WifiConfigManager: updateConfiguration freq=2432 BSSID=1c:74:0d:90:2c:1c RSSI=-35 "Keenetic-4147"WPA_PSK
04-03 05:59:31.565   893  2794 D WifiStateMachine: calculateWifiScore freq=2432 speed=144 score=60 highRSSI  -> txbadrate=0.00 txgoodrate=32.68 txretriesrate=0.00 rxrate=51.48 userTriggerdPenalty0
04-03 05:59:31.565   893  2794 D WifiStateMachine:  good link -> stuck count =0
04-03 05:59:31.566   893  2794 D WifiStateMachine:  badRSSI count0 lowRSSI count0 --> score 60
04-03 05:59:31.566   893  2794 D WifiStateMachine:  isHighRSSI       ---> score=65
04-03 05:59:32.014 22863 22884 W /player.c: STAT(RES(240x160) FPS:25.15/00178 V: c-d(0-0:100) d-r(29:90) L(4333000) A: c-d(0:100) d-r(37:96) )
04-03 05:59:33.016 22863 22884 W /player.c: STAT(RES(240x160) FPS:4.05/00155 V: c-d(0-0:100) d-r(34:88) L(3333000) A: c-d(0:100) d-r(37:96) )
04-03 05:59:34.019 22863 22884 W /player.c: STAT(RES(240x160) FPS:4.05/00136 V: c-d(0-0:100) d-r(38:86) L(4333000) A: c-d(0:100) d-r(36:96) )
04-03 05:59:34.567   893  2794 D WifiStateMachine:  ConnectedState !CMD_RSSI_POLL  rt=11494702/13652032 8 0 "Keenetic-4147" 1c:74:0d:90:2c:1c rssi=-35 f=2432 sc=60 link=144 tx=32.7, 0.0, 0.0  rx=51.5 bcn=97045 [on:0 tx:0 rx:0 period:2999] from screen [on:120751 period:123778] gl hn rssi=-30 ag=0 hr ticks 0,0,6 ls-=0 [56,56,60,60,65] brc=0 lrc=0 offload-stopped
04-03 05:59:34.568   893  2794 D WifiStateMachine:  L2ConnectedState !CMD_RSSI_POLL  rt=11494703/13652034 8 0 "Keenetic-4147" 1c:74:0d:90:2c:1c rssi=-35 f=2432 sc=60 link=144 tx=32.7, 0.0, 0.0  rx=51.5 bcn=97045 [on:0 tx:0 rx:0 period:1] from screen [on:120751 period:123779] gl hn rssi=-30 ag=0 hr ticks 0,0,6 ls-=0 [56,56,60,60,65] brc=0 lrc=0 offload-stopped
04-03 05:59:34.568   893  2794 D WifiStateMachine:  get link layer stats 4
04-03 05:59:34.572   893  2794 D WifiNative-wlan0: doString: [SIGNAL_POLL]
04-03 05:59:34.574   893  2794 D WifiStateMachine: fetchRssiLinkSpeedAndFrequencyNative rssi=-35 linkspeed=144 freq=2432
04-03 05:59:34.574   893  2794 D WifiConfigManager: updateConfiguration freq=2432 BSSID=1c:74:0d:90:2c:1c RSSI=-35 "Keenetic-4147"WPA_PSK
04-03 05:59:34.575   893  2794 D WifiStateMachine: calculateWifiScore freq=2432 speed=144 score=60 highRSSI  -> txbadrate=0.00 txgoodrate=27.84 txretriesrate=0.00 rxrate=46.74 userTriggerdPenalty0
04-03 05:59:34.575   893  2794 D WifiStateMachine:  good link -> stuck count =0
04-03 05:59:34.575   893  2794 D WifiStateMachine:  badRSSI count0 lowRSSI count0 --> score 60
04-03 05:59:34.575   893  2794 D WifiStateMachine:  isHighRSSI       ---> score=65
04-03 05:59:35.021 22863 22884 W /player.c: STAT(RES(240x160) FPS:0.00/00070 V: c-d(0-0:100) d-r(42:85) L(3167000) A: c-d(0:100) d-r(37:96) )
04-03 05:59:36.022 22863 22884 W /player.c: STAT(RES(240x160) FPS:23.85/00108 V: c-d(0-0:100) d-r(42:85) L(3167000) A: c-d(0:100) d-r(37:96) )
04-03 05:59:37.025 22863 22884 W /player.c: STAT(RES(240x160) FPS:23.85/00118 V: c-d(0-0:100) d-r(59:79) L(3875000) A: c-d(0:100) d-r(36:96) )
04-03 05:59:37.146  4989  5033 I MIPIManagerFlow: checkIfMatchRules:radioIf:4,activeBand:44,activeChannel:105
04-03 05:59:37.146  4989  5033 E SarMIPIManager: handleMIPI:not match,use the default MIPI:454
04-03 05:59:37.147  4989  5033 I QcRilHookFlow: invoke the qcRilSetMipiFreq method,Mipi:908000000
04-03 05:59:37.147  4989  5033 D QC_RIL_OEM_HOOK: qcRilSetMipiFreq: clkrate : 908000000
04-03 05:59:37.147  4989  5033 V QC_RIL_OEM_HOOK: sendRilOemHookMsgAsync: Outgoing Data is 514f454d484f4f4b142009000400000000fb1e36
04-03 05:59:37.153  4989  5003 D QC_RIL_OEM_HOOK: qcRilSetMipiFreq DONE!
04-03 05:59:37.580   893  2794 D WifiStateMachine:  ConnectedState !CMD_RSSI_POLL  rt=11497713/13655044 8 0 "Keenetic-4147" 1c:74:0d:90:2c:1c rssi=-35 f=2432 sc=60 link=144 tx=27.8, 0.0, 0.0  rx=46.7 bcn=97074 [on:0 tx:0 rx:0 period:3003] from screen [on:123768 period:126790] gl hn rssi=-30 ag=0 hr ticks 0,0,6 ls-=0 [56,56,60,60,65] brc=0 lrc=0 offload-stopped
04-03 05:59:37.582   893  2794 D WifiStateMachine:  L2ConnectedState !CMD_RSSI_POLL  rt=11497716/13655046 8 0 "Keenetic-4147" 1c:74:0d:90:2c:1c rssi=-35 f=2432 sc=60 link=144 tx=27.8, 0.0, 0.0  rx=46.7 bcn=97074 [on:0 tx:0 rx:0 period:2] from screen [on:123768 period:126792] gl hn rssi=-30 ag=0 hr ticks 0,0,6 ls-=0 [56,56,60,60,65] brc=0 lrc=0 offload-stopped
04-03 05:59:37.582   893  2794 D WifiStateMachine:  get link layer stats 4
04-03 05:59:37.587   893  2794 D WifiNative-wlan0: doString: [SIGNAL_POLL]
04-03 05:59:37.591   893  2794 D WifiStateMachine: fetchRssiLinkSpeedAndFrequencyNative rssi=-36 linkspeed=144 freq=2432
04-03 05:59:37.592   893  2794 D WifiConfigManager: updateConfiguration freq=2432 BSSID=1c:74:0d:90:2c:1c RSSI=-35 "Keenetic-4147"WPA_PSK
04-03 05:59:37.593   893  2794 D WifiStateMachine: calculateWifiScore freq=2432 speed=144 score=60 highRSSI  -> txbadrate=0.00 txgoodrate=25.42 txretriesrate=0.00 rxrate=45.37 userTriggerdPenalty0
04-03 05:59:37.594   893  2794 D WifiStateMachine:  good link -> stuck count =0
04-03 05:59:37.595   893  2794 D WifiStateMachine:  badRSSI count0 lowRSSI count0 --> score 60
04-03 05:59:37.595   893  2794 D WifiStateMachine:  isHighRSSI       ---> score=65
04-03 05:59:38.027 22863 22884 W /player.c: STAT(RES(240x160) FPS:6.64/00128 V: c-d(0-0:100) d-r(76:73) L(3167000) A: c-d(0:100) d-r(36:96) )
04-03 05:59:39.030 22863 22884 W /player.c: STAT(RES(240x160) FPS:24.92/00138 V: c-d(0-0:100) d-r(75:73) L(3125000) A: c-d(0:100) d-r(36:96) )
04-03 05:59:40.032 22863 22884 W /player.c: STAT(RES(240x160) FPS:24.88/00059 V: c-d(0-0:100) d-r(76:73) L(3167000) A: c-d(0:100) d-r(37:96) )
04-03 05:59:40.600   893  2794 D WifiStateMachine:  ConnectedState !CMD_RSSI_POLL  rt=11500734/13658065 8 0 "Keenetic-4147" 1c:74:0d:90:2c:1c rssi=-36 f=2432 sc=60 link=144 tx=25.4, 0.0, 0.0  rx=45.4 bcn=97102 [on:0 tx:0 rx:0 period:2999] from screen [on:126782 period:129810] gl hn rssi=-31 ag=0 hr ticks 0,0,6 ls-=0 [56,56,60,60,65] brc=0 lrc=0 offload-stopped
04-03 05:59:40.600   893  2794 D WifiStateMachine:  L2ConnectedState !CMD_RSSI_POLL  rt=11500735/13658066 8 0 "Keenetic-4147" 1c:74:0d:90:2c:1c rssi=-36 f=2432 sc=60 link=144 tx=25.4, 0.0, 0.0  rx=45.4 bcn=97102 [on:0 tx:0 rx:0 period:1] from screen [on:126782 period:129811] gl hn rssi=-31 ag=0 hr ticks 0,0,6 ls-=0 [56,56,60,60,65] brc=0 lrc=0 offload-stopped
04-03 05:59:40.600   893  2794 D WifiStateMachine:  get link layer stats 4
04-03 05:59:40.604   893  2794 D WifiNative-wlan0: doString: [SIGNAL_POLL]
04-03 05:59:40.606   893  2794 D WifiStateMachine: fetchRssiLinkSpeedAndFrequencyNative rssi=-35 linkspeed=144 freq=2432
04-03 05:59:40.606   893  2794 D WifiConfigManager: updateConfiguration freq=2432 BSSID=1c:74:0d:90:2c:1c RSSI=-35 "Keenetic-4147"WPA_PSK
04-03 05:59:40.607   893  2794 D WifiStateMachine: calculateWifiScore freq=2432 speed=144 score=60 highRSSI  -> txbadrate=0.00 txgoodrate=24.21 txretriesrate=0.00 rxrate=41.69 userTriggerdPenalty0
04-03 05:59:40.607   893  2794 D WifiStateMachine:  good link -> stuck count =0
04-03 05:59:40.607   893  2794 D WifiStateMachine:  badRSSI count0 lowRSSI count0 --> score 60
04-03 05:59:40.607   893  2794 D WifiStateMachine:  isHighRSSI       ---> score=65
04-03 05:59:41.034 22863 22884 W /player.c: STAT(RES(240x160) FPS:24.84/00129 V: c-d(0-0:100) d-r(77:73) L(3209000) A: c-d(0:100) d-r(37:96) )
04-03 05:59:42.037 22863 22884 W /player.c: STAT(RES(240x160) FPS:22.05/00086 V: c-d(0-0:100) d-r(76:73) L(3167000) A: c-d(0:100) d-r(37:96) )
04-03 05:59:42.178 22863 22863 W /ffmpeg_content_provider.c: ffmpeg_cp_skip_interrupt 1, 0
04-03 05:59:42.178 22863 22863 W /player.c: player_all_pause: player_state (2) test EnterCriticalSection 1, 0xeb2b27c0
04-03 05:59:42.178 22863 22863 W /player.c: player_all_pause: 2(2)
04-03 05:59:42.178 22863 22863 W /ffmpeg_content_provider.c: ffmpeg_cp_interrupt_for_pause 1, 1
04-03 05:59:42.178 22863 22863 W /content_provider_thread.c: CONT(src) cpt_pause invoke 2(1)
04-03 05:59:42.178 22863 22863 W /content_provider_thread.c: =>cpt_pause set pause(2)
04-03 05:59:42.210 22863 22893 W /ffmpeg_content_provider.c: MEDIA(src) ffmpeg_cp_play: send pause to server disabled!
04-03 05:59:42.210 22863 22893 W /content_provider_thread.c: CONTENT(prov) thread: wait unpause
04-03 05:59:42.210 22863 22863 W /content_provider_thread.c: =>cpt_pause paused(0)
04-03 05:59:42.210 22863 22863 W /video_renderer_thread.c: VIDEO(ren) vrt_pause invoke 2(1)
04-03 05:59:42.210 22863 22863 W /video_renderer_thread.c: =>vrt_pause set pause(2)
04-03 05:59:42.251 22863 22990 W /video_renderer_thread.c: VIDEO(render) pipis_pause: 1
04-03 05:59:42.251 22863 22863 W /video_renderer_thread.c: =>vrt_pause paused(0)
04-03 05:59:42.252 22863 22863 W /video_decoder_thread.c: VIDEO(dec) vdt_pause invoke 2(1)
04-03 05:59:42.252 22863 22863 W /video_decoder_thread.c: =>vdt_pause set pause(2)
04-03 05:59:42.252 22863 22991 W /video_decoder_thread.c: VIDEO(dec) start  wait unpause:7
04-03 05:59:42.252 22863 22863 W /video_decoder_thread.c: =>vdt_pause paused(0)
04-03 05:59:42.252 22863 22863 W /audio_decoder_thread.c: AUDIO(dec) adt_pause invoke 2(1)
04-03 05:59:42.252 22863 22863 W /ffmpeg_audio_decoder_provider.c: =>ffmpeg_adp_change_state state(2) inst->codec_context(0xd29b3800)
04-03 05:59:42.252 22863 22863 W /audio_decoder_thread.c: =>adt_pause set pause(2)
04-03 05:59:42.253 22863 22863 W /audio_decoder_thread.c: =>adt_pause paused(0)
04-03 05:59:42.253 22863 22863 W /audio_renderer_thread.c: AUDIO(ren) art_pause invoke 2(1)
04-03 05:59:42.253 22863 22863 W /audio_renderer_thread.c: =>art_pause set pause(2)
04-03 05:59:42.293 22863 22863 W /audio_renderer_thread.c: =>art_pause paused(0)
04-03 05:59:42.293 22863 22863 W /recorder_provider_thread.c: rpt_pause invoke 2(1)
04-03 05:59:42.293 22863 22863 W /recorder_provider_thread.c: =>rpt_pause set pause(2)
04-03 05:59:42.301 22863 22863 W /player.c: player_all_pause: test LeaveCriticalSection 1, 0xeb2b27c0
04-03 05:59:42.301 22863 22863 W /player.c: player_all_pause: done.
04-03 05:59:42.301 22863 22863 W /player.c: player_notify: 15 
04-03 05:59:42.301 22863 22863 W /player.c: player_notify: CallVoidMethod 15 
04-03 05:59:42.301 22863 22863 E MediaPlayerSDKTest.Simple: Form Native Player status: 15
04-03 05:59:42.301 22863 22863 W /player.c: player_notify: CallVoidMethod return 15 
04-03 05:59:42.838   537   682 I AudioFlinger: BUFFER TIMEOUT: remove(4099) from active list on thread 0xe9703400
04-03 05:59:42.940   537   682 D audio_hw_primary: disable_audio_route: usecase(1) reset and update mixer path: low-latency-playback speaker
04-03 05:59:42.952   537   682 D audio_hw_primary: disable_snd_device: snd_device(2: speaker)
04-03 05:59:43.038 22863 22884 W /player.c: STAT(RES(240x160) FPS:22.05/00086 V: c-d(0-0:100) d-r(78:73) L(3250000) A: c-d(0:100) d-r(36:96) )
04-03 05:59:43.612   893  2794 D WifiStateMachine:  ConnectedState !CMD_RSSI_POLL  rt=11503746/13661077 8 0 "Keenetic-4147" 1c:74:0d:90:2c:1c rssi=-35 f=2432 sc=60 link=144 tx=24.2, 0.0, 0.0  rx=41.7 bcn=97132 [on:0 tx:0 rx:0 period:3003] from screen [on:129799 period:132823] gl hn rssi=-30 ag=0 hr ticks 0,0,6 ls-=0 [56,56,60,60,65] brc=0 lrc=0 offload-stopped
04-03 05:59:43.613   893  2794 D WifiStateMachine:  L2ConnectedState !CMD_RSSI_POLL  rt=11503748/13661078 8 0 "Keenetic-4147" 1c:74:0d:90:2c:1c rssi=-35 f=2432 sc=60 link=144 tx=24.2, 0.0, 0.0  rx=41.7 bcn=97132 [on:0 tx:0 rx:0 period:0] from screen [on:129799 period:132823] gl hn rssi=-30 ag=0 hr ticks 0,0,6 ls-=0 [56,56,60,60,65] brc=0 lrc=0 offload-stopped
04-03 05:59:43.613   893  2794 D WifiStateMachine:  get link layer stats 4
04-03 05:59:43.617   893  2794 D WifiNative-wlan0: doString: [SIGNAL_POLL]
04-03 05:59:43.619   893  2794 D WifiStateMachine: fetchRssiLinkSpeedAndFrequencyNative rssi=-36 linkspeed=144 freq=2432
04-03 05:59:43.619   893  2794 D WifiConfigManager: updateConfiguration freq=2432 BSSID=1c:74:0d:90:2c:1c RSSI=-35 "Keenetic-4147"WPA_PSK
04-03 05:59:43.620   893  2794 D WifiStateMachine: calculateWifiScore freq=2432 speed=144 score=60 highRSSI  -> txbadrate=0.00 txgoodrate=20.60 txretriesrate=0.00 rxrate=38.84 userTriggerdPenalty0
04-03 05:59:43.620   893  2794 D WifiStateMachine:  good link -> stuck count =0
04-03 05:59:43.620   893  2794 D WifiStateMachine:  badRSSI count0 lowRSSI count0 --> score 60
04-03 05:59:43.621   893  2794 D WifiStateMachine:  isHighRSSI       ---> score=65
04-03 05:59:43.877 22863 22863 W /ffmpeg_content_provider.c: ffmpeg_cp_skip_interrupt 0, 1
04-03 05:59:43.877 22863 22863 W /player.c: player_all_pause: player_state (3) test EnterCriticalSection 1, 0xeb2b27c0
04-03 05:59:43.877 22863 22863 W /player.c: player_all_pause: 1(1)
04-03 05:59:43.877 22863 22863 W /ffmpeg_content_provider.c: ffmpeg_cp_interrupt_for_pause 0, 1
04-03 05:59:43.877 22863 22863 W /content_provider_thread.c: CONT(src) cpt_pause invoke 1(2)
04-03 05:59:43.877 22863 22863 W /content_provider_thread.c: =>cpt_pause set pause(1)
04-03 05:59:43.878 22863 22893 W /ffmpeg_content_provider.c: MEDIA(src) ffmpeg_cp_play: send play to server disabled!
04-03 05:59:43.878 22863 22863 W /content_provider_thread.c: =>cpt_pause unpaused(0)
04-03 05:59:43.878 22863 22863 W /video_renderer_thread.c: VIDEO(ren) vrt_pause invoke 1(2)
04-03 05:59:43.878 22863 22863 W /video_renderer_thread.c: =>vrt_pause set pause(1)
04-03 05:59:43.878 22863 22863 W /video_renderer_thread.c: =>vrt_pause unpaused(0)
04-03 05:59:43.878 22863 22863 W /video_decoder_thread.c: VIDEO(dec) vdt_pause invoke 1(2)
04-03 05:59:43.878 22863 22863 W /video_decoder_thread.c: =>vdt_pause set pause(1)
04-03 05:59:43.878 22863 22991 W /video_decoder_thread.c: VIDEO(dec) unpaused:7
04-03 05:59:43.879 22863 22863 W /video_decoder_thread.c: =>vdt_pause unpaused(0)
04-03 05:59:43.879 22863 22863 W /audio_decoder_thread.c: AUDIO(dec) adt_pause invoke 1(2)
04-03 05:59:43.879 22863 22863 W /ffmpeg_audio_decoder_provider.c: =>ffmpeg_adp_change_state state(1) inst->codec_context(0xd29b3800)
04-03 05:59:43.879 22863 22863 W /audio_decoder_thread.c: =>adt_pause set pause(1)
04-03 05:59:43.879 22863 22863 W /audio_decoder_thread.c: =>adt_pause unpaused(0)
04-03 05:59:43.879 22863 22863 W /audio_renderer_thread.c: AUDIO(ren) art_pause invoke 1(2)
04-03 05:59:43.879 22863 22863 W /audio_renderer_thread.c: =>art_pause set pause(1)
04-03 05:59:43.879 22863 22863 W /audio_renderer_thread.c: =>art_pause unpaused(0)
04-03 05:59:43.879 22863 22863 W /recorder_provider_thread.c: rpt_pause invoke 1(2)
04-03 05:59:43.879 22863 22863 W /recorder_provider_thread.c: =>rpt_pause set play(1)
04-03 05:59:43.881 22863 22863 W /player.c: player_all_pause: test LeaveCriticalSection 1, 0xeb2b27c0
04-03 05:59:43.881 22863 22863 W /player.c: player_all_pause: done.
04-03 05:59:43.881 22863 22863 W /player.c: player_notify: 14 
04-03 05:59:43.881 22863 22863 W /player.c: player_notify: CallVoidMethod 14 
04-03 05:59:43.881 22863 22863 E MediaPlayerSDKTest.Simple: Form Native Player status: 14
04-03 05:59:43.881 22863 22863 W /player.c: player_notify: CallVoidMethod return 14 
04-03 05:59:43.884 22863 23000 W AudioTrack: releaseBuffer() track 0xd29d8000 disabled due to previous underrun, restarting
04-03 05:59:43.886 22863 22990 W /player.c: player_notify: 308 
04-03 05:59:43.889 22863 22990 W /player.c: player_notify: CallVoidMethod 308 
04-03 05:59:43.889 22863 22990 E MediaPlayerSDKTest.Simple: Form Native Player status: 308
04-03 05:59:43.891 22863 22990 W /player.c: player_notify: CallVoidMethod return 308 
04-03 05:59:43.905   537   682 D audio_hw_primary: enable_snd_device: snd_device(2: speaker)
04-03 05:59:43.908   537   682 D audio_hw_primary: enable_audio_route: usecase(1) apply and update mixer path: low-latency-playback speaker
04-03 05:59:44.040 22863 22884 W /player.c: STAT(RES(240x160) FPS:0.00/00028 V: c-d(0-0:100) d-r(114:60) L(4833000) A: c-d(0:100) d-r(55:94) )
04-03 05:59:45.041 22863 22884 W /player.c: STAT(RES(240x160) FPS:26.95/00357 V: c-d(0-0:100) d-r(103:64) L(4750000) A: c-d(0:100) d-r(53:94) )
04-03 05:59:45.118  4989  5033 I MIPIManagerFlow: checkIfMatchRules:radioIf:4,activeBand:47,activeChannel:537
04-03 05:59:45.118  4989  5033 I MIPIManagerFlow: checkIfMatchRules match key:4,47,NA
04-03 05:59:45.118  4989  5033 I QcRilHookFlow: invoke the qcRilSetMipiFreq method,Mipi:948000000
04-03 05:59:45.118  4989  5033 D QC_RIL_OEM_HOOK: qcRilSetMipiFreq: clkrate : 948000000
04-03 05:59:45.118  4989  5033 V QC_RIL_OEM_HOOK: sendRilOemHookMsgAsync: Outgoing Data is 514f454d484f4f4b142009000400000000558138
04-03 05:59:45.123  4989  5003 D QC_RIL_OEM_HOOK: qcRilSetMipiFreq DONE!
04-03 05:59:45.899 21371 21371 I ServiceManager: Waiting for service AtCmdFwd...
04-03 05:59:46.043 22863 22884 W /player.c: STAT(RES(240x160) FPS:22.25/00104 V: c-d(0-0:100) d-r(80:72) L(4792000) A: c-d(0:100) d-r(54:94) )
04-03 05:59:46.184 22863 22863 W /ffmpeg_content_provider.c: ffmpeg_cp_skip_interrupt 1, 0
04-03 05:59:46.184 22863 22863 W /player.c: player_all_pause: player_state (2) test EnterCriticalSection 1, 0xeb2b27c0
04-03 05:59:46.184 22863 22863 W /player.c: player_all_pause: 2(2)
04-03 05:59:46.184 22863 22863 W /ffmpeg_content_provider.c: ffmpeg_cp_interrupt_for_pause 1, 1
04-03 05:59:46.184 22863 22863 W /content_provider_thread.c: CONT(src) cpt_pause invoke 2(1)
04-03 05:59:46.184 22863 22863 W /content_provider_thread.c: =>cpt_pause set pause(2)
04-03 05:59:46.203 22863 22893 W /ffmpeg_content_provider.c: MEDIA(src) ffmpeg_cp_play: send pause to server disabled!
04-03 05:59:46.203 22863 22893 W /content_provider_thread.c: CONTENT(prov) thread: wait unpause
04-03 05:59:46.203 22863 22863 W /content_provider_thread.c: =>cpt_pause paused(0)
04-03 05:59:46.203 22863 22863 W /video_renderer_thread.c: VIDEO(ren) vrt_pause invoke 2(1)
04-03 05:59:46.203 22863 22863 W /video_renderer_thread.c: =>vrt_pause set pause(2)
04-03 05:59:46.204 22863 22990 W /video_renderer_thread.c: VIDEO(render) pipis_pause: 1
04-03 05:59:46.204 22863 22863 W /video_renderer_thread.c: =>vrt_pause paused(0)
04-03 05:59:46.205 22863 22863 W /video_decoder_thread.c: VIDEO(dec) vdt_pause invoke 2(1)
04-03 05:59:46.205 22863 22863 W /video_decoder_thread.c: =>vdt_pause set pause(2)
04-03 05:59:46.205 22863 22863 W /video_decoder_thread.c: =>vdt_pause paused(0)
04-03 05:59:46.206 22863 22863 W /audio_decoder_thread.c: AUDIO(dec) adt_pause invoke 2(1)
04-03 05:59:46.206 22863 22863 W /ffmpeg_audio_decoder_provider.c: =>ffmpeg_adp_change_state state(2) inst->codec_context(0xd29b3800)
04-03 05:59:46.206 22863 22863 W /audio_decoder_thread.c: =>adt_pause set pause(2)
04-03 05:59:46.206 22863 22863 W /audio_decoder_thread.c: =>adt_pause paused(0)
04-03 05:59:46.206 22863 22863 W /audio_renderer_thread.c: AUDIO(ren) art_pause invoke 2(1)
04-03 05:59:46.206 22863 22991 W /video_decoder_thread.c: VIDEO(dec) start  wait unpause:7
04-03 05:59:46.206 22863 22863 W /audio_renderer_thread.c: =>art_pause set pause(2)
04-03 05:59:46.270 22863 22863 W /audio_renderer_thread.c: =>art_pause paused(0)
04-03 05:59:46.270 22863 22863 W /recorder_provider_thread.c: rpt_pause invoke 2(1)
04-03 05:59:46.270 22863 22863 W /recorder_provider_thread.c: =>rpt_pause set pause(2)
04-03 05:59:46.276 22863 22863 W /player.c: player_all_pause: test LeaveCriticalSection 1, 0xeb2b27c0
04-03 05:59:46.276 22863 22863 W /player.c: player_all_pause: done.
04-03 05:59:46.276 22863 22863 W /player.c: player_notify: 15 
04-03 05:59:46.276 22863 22863 W /player.c: player_notify: CallVoidMethod 15 
04-03 05:59:46.276 22863 22863 E MediaPlayerSDKTest.Simple: Form Native Player status: 15
04-03 05:59:46.276 22863 22863 W /player.c: player_notify: CallVoidMethod return 15 
04-03 05:59:46.625   893  2794 D WifiStateMachine:  ConnectedState !CMD_RSSI_POLL  rt=11506760/13664091 8 0 "Keenetic-4147" 1c:74:0d:90:2c:1c rssi=-36 f=2432 sc=60 link=144 tx=20.6, 0.0, 0.0  rx=38.8 bcn=97161 [on:0 tx:0 rx:0 period:3002] from screen [on:132812 period:135836] gl hn rssi=-31 ag=0 hr ticks 0,0,6 ls-=0 [56,56,60,60,65] brc=0 lrc=0 offload-stopped
04-03 05:59:46.626   893  2794 D WifiStateMachine:  L2ConnectedState !CMD_RSSI_POLL  rt=11506761/13664092 8 0 "Keenetic-4147" 1c:74:0d:90:2c:1c rssi=-36 f=2432 sc=60 link=144 tx=20.6, 0.0, 0.0  rx=38.8 bcn=97161 [on:0 tx:0 rx:0 period:1] from screen [on:132812 period:135837] gl hn rssi=-31 ag=0 hr ticks 0,0,6 ls-=0 [56,56,60,60,65] brc=0 lrc=0 offload-stopped
04-03 05:59:46.626   893  2794 D WifiStateMachine:  get link layer stats 4
04-03 05:59:46.628   893  2794 D WifiNative-wlan0: doString: [SIGNAL_POLL]
04-03 05:59:46.630   893  2794 D WifiStateMachine: fetchRssiLinkSpeedAndFrequencyNative rssi=-36 linkspeed=144 freq=2432
04-03 05:59:46.630   893  2794 D WifiConfigManager: updateConfiguration freq=2432 BSSID=1c:74:0d:90:2c:1c RSSI=-35 "Keenetic-4147"WPA_PSK
04-03 05:59:46.631   893  2794 D WifiStateMachine: calculateWifiScore freq=2432 speed=144 score=60 highRSSI  -> txbadrate=0.00 txgoodrate=21.80 txretriesrate=0.50 rxrate=41.92 userTriggerdPenalty0
04-03 05:59:46.631   893  2794 D WifiStateMachine:  good link -> stuck count =0
04-03 05:59:46.631   893  2794 D WifiStateMachine:  badRSSI count0 lowRSSI count0 --> score 60
04-03 05:59:46.631   893  2794 D WifiStateMachine:  isHighRSSI       ---> score=65
04-03 05:59:46.815   537   682 I AudioFlinger: BUFFER TIMEOUT: remove(4099) from active list on thread 0xe9703400
04-03 05:59:46.899 21371 21371 I ServiceManager: Waiting for service AtCmdFwd...
04-03 05:59:46.916   537   682 D audio_hw_primary: disable_audio_route: usecase(1) reset and update mixer path: low-latency-playback speaker
04-03 05:59:46.924   537   682 D audio_hw_primary: disable_snd_device: snd_device(2: speaker)
04-03 05:59:47.045 22863 22884 W /player.c: STAT(RES(240x160) FPS:22.25/00104 V: c-d(0-0:100) d-r(76:73) L(4708000) A: c-d(0:100) d-r(54:94) )
04-03 05:59:47.222 22863 22863 W /ffmpeg_content_provider.c: ffmpeg_cp_skip_interrupt 0, 1
04-03 05:59:47.222 22863 22863 W /player.c: player_all_pause: player_state (3) test EnterCriticalSection 1, 0xeb2b27c0
04-03 05:59:47.222 22863 22863 W /player.c: player_all_pause: 1(1)
04-03 05:59:47.222 22863 22863 W /ffmpeg_content_provider.c: ffmpeg_cp_interrupt_for_pause 0, 1
04-03 05:59:47.222 22863 22863 W /content_provider_thread.c: CONT(src) cpt_pause invoke 1(2)
04-03 05:59:47.222 22863 22863 W /content_provider_thread.c: =>cpt_pause set pause(1)
04-03 05:59:47.222 22863 22893 W /ffmpeg_content_provider.c: MEDIA(src) ffmpeg_cp_play: send play to server disabled!
04-03 05:59:47.222 22863 22863 W /content_provider_thread.c: =>cpt_pause unpaused(0)
04-03 05:59:47.222 22863 22863 W /video_renderer_thread.c: VIDEO(ren) vrt_pause invoke 1(2)
04-03 05:59:47.222 22863 22863 W /video_renderer_thread.c: =>vrt_pause set pause(1)
04-03 05:59:47.222 22863 22863 W /video_renderer_thread.c: =>vrt_pause unpaused(0)
04-03 05:59:47.222 22863 22863 W /video_decoder_thread.c: VIDEO(dec) vdt_pause invoke 1(2)
04-03 05:59:47.222 22863 22863 W /video_decoder_thread.c: =>vdt_pause set pause(1)
04-03 05:59:47.224 22863 22990 W /player.c: player_notify: 308 
04-03 05:59:47.224 22863 22991 W /video_decoder_thread.c: VIDEO(dec) unpaused:7
04-03 05:59:47.224 22863 22863 W /video_decoder_thread.c: =>vdt_pause unpaused(0)
04-03 05:59:47.224 22863 22863 W /audio_decoder_thread.c: AUDIO(dec) adt_pause invoke 1(2)
04-03 05:59:47.224 22863 22863 W /ffmpeg_audio_decoder_provider.c: =>ffmpeg_adp_change_state state(1) inst->codec_context(0xd29b3800)
04-03 05:59:47.224 22863 22863 W /audio_decoder_thread.c: =>adt_pause set pause(1)
04-03 05:59:47.224 22863 22990 W /player.c: player_notify: CallVoidMethod 308 
04-03 05:59:47.225 22863 22990 E MediaPlayerSDKTest.Simple: Form Native Player status: 308
04-03 05:59:47.225 22863 22990 W /player.c: player_notify: CallVoidMethod return 308 
04-03 05:59:47.226 22863 22863 W /audio_decoder_thread.c: =>adt_pause unpaused(0)
04-03 05:59:47.226 22863 22863 W /audio_renderer_thread.c: AUDIO(ren) art_pause invoke 1(2)
04-03 05:59:47.226 22863 22863 W /audio_renderer_thread.c: =>art_pause set pause(1)
04-03 05:59:47.226 22863 22863 W /audio_renderer_thread.c: =>art_pause unpaused(0)
04-03 05:59:47.227 22863 22863 W /recorder_provider_thread.c: rpt_pause invoke 1(2)
04-03 05:59:47.227 22863 22863 W /recorder_provider_thread.c: =>rpt_pause set play(1)
04-03 05:59:47.227 22863 23000 W AudioTrack: releaseBuffer() track 0xd29d8000 disabled due to previous underrun, restarting
04-03 05:59:47.227 22863 22863 W /player.c: player_all_pause: test LeaveCriticalSection 1, 0xeb2b27c0
04-03 05:59:47.228 22863 22863 W /player.c: player_all_pause: done.
04-03 05:59:47.228 22863 22863 W /player.c: player_notify: 14 
04-03 05:59:47.228 22863 22863 W /player.c: player_notify: CallVoidMethod 14 
04-03 05:59:47.228 22863 22863 E MediaPlayerSDKTest.Simple: Form Native Player status: 14
04-03 05:59:47.230 22863 22863 W /player.c: player_notify: CallVoidMethod return 14 
04-03 05:59:47.248   537   682 D audio_hw_primary: enable_snd_device: snd_device(2: speaker)
04-03 05:59:47.251   537   682 D audio_hw_primary: enable_audio_route: usecase(1) apply and update mixer path: low-latency-playback speaker
04-03 05:59:47.900 21371 21371 I ServiceManager: Waiting for service AtCmdFwd...
04-03 05:59:48.046 22863 22884 W /player.c: STAT(RES(240x160) FPS:6.10/00028 V: c-d(0-0:100) d-r(91:68) L(5625000) A: c-d(0:100) d-r(65:93) )
04-03 05:59:48.901 21371 21371 I ServiceManager: Waiting for service AtCmdFwd...
04-03 05:59:49.048 22863 22884 W /player.c: STAT(RES(240x160) FPS:26.96/00231 V: c-d(0-0:100) d-r(80:72) L(5166000) A: c-d(0:100) d-r(60:94) )
04-03 05:59:49.480 22863 22863 W /ffmpeg_content_provider.c: ffmpeg_cp_skip_interrupt 1, 0
04-03 05:59:49.480 22863 22863 W /player.c: player_all_pause: player_state (2) test EnterCriticalSection 1, 0xeb2b27c0
04-03 05:59:49.480 22863 22863 W /player.c: player_all_pause: 2(2)
04-03 05:59:49.480 22863 22863 W /ffmpeg_content_provider.c: ffmpeg_cp_interrupt_for_pause 1, 1
04-03 05:59:49.480 22863 22863 W /content_provider_thread.c: CONT(src) cpt_pause invoke 2(1)
04-03 05:59:49.480 22863 22863 W /content_provider_thread.c: =>cpt_pause set pause(2)
04-03 05:59:49.560 22863 22893 W /ffmpeg_content_provider.c: timeout_interrupt_callback: Interrupted by user!
04-03 05:59:49.560 22863 22893 W /ffmpeg_content_provider.c: MEDIA(src) ffmpeg_cp_play: send pause to server disabled!
04-03 05:59:49.560 22863 22893 W /content_provider_thread.c: CONTENT(prov) thread: wait unpause
04-03 05:59:49.560 22863 22863 W /content_provider_thread.c: =>cpt_pause paused(0)
04-03 05:59:49.560 22863 22863 W /video_renderer_thread.c: VIDEO(ren) vrt_pause invoke 2(1)
04-03 05:59:49.560 22863 22863 W /video_renderer_thread.c: =>vrt_pause set pause(2)
04-03 05:59:49.605 22863 22990 W /video_renderer_thread.c: VIDEO(render) pipis_pause: 1
04-03 05:59:49.605 22863 22863 W /video_renderer_thread.c: =>vrt_pause paused(0)
04-03 05:59:49.605 22863 22863 W /video_decoder_thread.c: VIDEO(dec) vdt_pause invoke 2(1)
04-03 05:59:49.605 22863 22863 W /video_decoder_thread.c: =>vdt_pause set pause(2)
04-03 05:59:49.610 22863 22863 W /video_decoder_thread.c: =>vdt_pause paused(0)
04-03 05:59:49.610 22863 22863 W /audio_decoder_thread.c: AUDIO(dec) adt_pause invoke 2(1)
04-03 05:59:49.610 22863 22863 W /ffmpeg_audio_decoder_provider.c: =>ffmpeg_adp_change_state state(2) inst->codec_context(0xd29b3800)
04-03 05:59:49.610 22863 22863 W /audio_decoder_thread.c: =>adt_pause set pause(2)
04-03 05:59:49.610 22863 22991 W /video_decoder_thread.c: VIDEO(dec) start  wait unpause:7
04-03 05:59:49.611 22863 22863 W /audio_decoder_thread.c: =>adt_pause paused(0)
04-03 05:59:49.611 22863 22863 W /audio_renderer_thread.c: AUDIO(ren) art_pause invoke 2(1)
04-03 05:59:49.611 22863 22863 W /audio_renderer_thread.c: =>art_pause set pause(2)
04-03 05:59:49.612 22863 22863 W /audio_renderer_thread.c: =>art_pause paused(0)
04-03 05:59:49.612 22863 22863 W /recorder_provider_thread.c: rpt_pause invoke 2(1)
04-03 05:59:49.612 22863 22863 W /recorder_provider_thread.c: =>rpt_pause set pause(2)
04-03 05:59:49.621 22863 22863 W /player.c: player_all_pause: test LeaveCriticalSection 1, 0xeb2b27c0
04-03 05:59:49.621 22863 22863 W /player.c: player_all_pause: done.
04-03 05:59:49.621 22863 22863 W /player.c: player_notify: 15 
04-03 05:59:49.621 22863 22863 W /player.c: player_notify: CallVoidMethod 15 
04-03 05:59:49.621 22863 22863 E MediaPlayerSDKTest.Simple: Form Native Player status: 15
04-03 05:59:49.622 22863 22863 W /player.c: player_notify: CallVoidMethod return 15 
04-03 05:59:49.632   893  2794 D WifiStateMachine:  ConnectedState !CMD_RSSI_POLL  rt=11509767/13667098 8 0 "Keenetic-4147" 1c:74:0d:90:2c:1c rssi=-36 f=2432 sc=60 link=144 tx=21.8, 0.5, 0.0  rx=41.9 bcn=97191 [on:0 tx:0 rx:0 period:3000] from screen [on:135824 period:138843] gl hn rssi=-31 ag=0 hr ticks 0,0,6 ls-=0 [56,56,60,60,65] brc=0 lrc=0 offload-stopped
04-03 05:59:49.633   893  2794 D WifiStateMachine:  L2ConnectedState !CMD_RSSI_POLL  rt=11509768/13667098 8 0 "Keenetic-4147" 1c:74:0d:90:2c:1c rssi=-36 f=2432 sc=60 link=144 tx=21.8, 0.5, 0.0  rx=41.9 bcn=97191 [on:0 tx:0 rx:0 period:0] from screen [on:135824 period:138843] gl hn rssi=-31 ag=0 hr ticks 0,0,6 ls-=0 [56,56,60,60,65] brc=0 lrc=0 offload-stopped
04-03 05:59:49.633   893  2794 D WifiStateMachine:  get link layer stats 4
04-03 05:59:49.636   893  2794 D WifiNative-wlan0: doString: [SIGNAL_POLL]
04-03 05:59:49.638   893  2794 D WifiStateMachine: fetchRssiLinkSpeedAndFrequencyNative rssi=-36 linkspeed=144 freq=2432
04-03 05:59:49.638   893  2794 D WifiConfigManager: updateConfiguration freq=2432 BSSID=1c:74:0d:90:2c:1c RSSI=-35 "Keenetic-4147"WPA_PSK
04-03 05:59:49.638   893  2794 D WifiStateMachine: calculateWifiScore freq=2432 speed=144 score=60 highRSSI  -> txbadrate=0.00 txgoodrate=26.40 txretriesrate=0.25 rxrate=40.96 userTriggerdPenalty0
04-03 05:59:49.638   893  2794 D WifiStateMachine:  good link -> stuck count =0
04-03 05:59:49.638   893  2794 D WifiStateMachine:  badRSSI count0 lowRSSI count0 --> score 60
04-03 05:59:49.638   893  2794 D WifiStateMachine:  isHighRSSI       ---> score=65
04-03 05:59:49.901 21371 21371 I ServiceManager: Waiting for service AtCmdFwd...
04-03 05:59:50.050 22863 22884 W /player.c: STAT(RES(240x160) FPS:24.71/00152 V: c-d(0-0:100) d-r(67:76) L(5584000) A: c-d(0:100) d-r(66:93) )
04-03 05:59:50.157   537   682 I AudioFlinger: BUFFER TIMEOUT: remove(4099) from active list on thread 0xe9703400
04-03 05:59:50.262   537   682 D audio_hw_primary: disable_audio_route: usecase(1) reset and update mixer path: low-latency-playback speaker
04-03 05:59:50.270   537   682 D audio_hw_primary: disable_snd_device: snd_device(2: speaker)
04-03 05:59:50.368 22863 22863 W /ffmpeg_content_provider.c: ffmpeg_cp_skip_interrupt 0, 1
04-03 05:59:50.368 22863 22863 W /player.c: player_all_pause: player_state (3) test EnterCriticalSection 1, 0xeb2b27c0
04-03 05:59:50.369 22863 22863 W /player.c: player_all_pause: 1(1)
04-03 05:59:50.369 22863 22863 W /ffmpeg_content_provider.c: ffmpeg_cp_interrupt_for_pause 0, 1
04-03 05:59:50.369 22863 22863 W /content_provider_thread.c: CONT(src) cpt_pause invoke 1(2)
04-03 05:59:50.369 22863 22863 W /content_provider_thread.c: =>cpt_pause set pause(1)
04-03 05:59:50.369 22863 22893 W /ffmpeg_content_provider.c: MEDIA(src) ffmpeg_cp_play: send play to server disabled!
04-03 05:59:50.373 22863 22863 W /content_provider_thread.c: =>cpt_pause unpaused(0)
04-03 05:59:50.373 22863 22863 W /video_renderer_thread.c: VIDEO(ren) vrt_pause invoke 1(2)
04-03 05:59:50.373 22863 22863 W /video_renderer_thread.c: =>vrt_pause set pause(1)
04-03 05:59:50.374 22863 22863 W /video_renderer_thread.c: =>vrt_pause unpaused(0)
04-03 05:59:50.374 22863 22863 W /video_decoder_thread.c: VIDEO(dec) vdt_pause invoke 1(2)
04-03 05:59:50.374 22863 22863 W /video_decoder_thread.c: =>vdt_pause set pause(1)
04-03 05:59:50.375 22863 22991 W /video_decoder_thread.c: VIDEO(dec) unpaused:7
04-03 05:59:50.375 22863 22990 W /player.c: player_notify: 308 
04-03 05:59:50.375 22863 22863 W /video_decoder_thread.c: =>vdt_pause unpaused(0)
04-03 05:59:50.375 22863 22863 W /audio_decoder_thread.c: AUDIO(dec) adt_pause invoke 1(2)
04-03 05:59:50.375 22863 22863 W /ffmpeg_audio_decoder_provider.c: =>ffmpeg_adp_change_state state(1) inst->codec_context(0xd29b3800)
04-03 05:59:50.375 22863 22863 W /audio_decoder_thread.c: =>adt_pause set pause(1)
04-03 05:59:50.375 22863 22990 W /player.c: player_notify: CallVoidMethod 308 
04-03 05:59:50.376 22863 22990 E MediaPlayerSDKTest.Simple: Form Native Player status: 308
04-03 05:59:50.376 22863 22863 W /audio_decoder_thread.c: =>adt_pause unpaused(0)
04-03 05:59:50.376 22863 22863 W /audio_renderer_thread.c: AUDIO(ren) art_pause invoke 1(2)
04-03 05:59:50.376 22863 22863 W /audio_renderer_thread.c: =>art_pause set pause(1)
04-03 05:59:50.376 22863 22990 W /player.c: player_notify: CallVoidMethod return 308 
04-03 05:59:50.376 22863 22863 W /audio_renderer_thread.c: =>art_pause unpaused(0)
04-03 05:59:50.376 22863 22863 W /recorder_provider_thread.c: rpt_pause invoke 1(2)
04-03 05:59:50.376 22863 22863 W /recorder_provider_thread.c: =>rpt_pause set play(1)
04-03 05:59:50.378 22863 23000 W AudioTrack: releaseBuffer() track 0xd29d8000 disabled due to previous underrun, restarting
04-03 05:59:50.378 22863 22863 W /player.c: player_all_pause: test LeaveCriticalSection 1, 0xeb2b27c0
04-03 05:59:50.378 22863 22863 W /player.c: player_all_pause: done.
04-03 05:59:50.378 22863 22863 W /player.c: player_notify: 14 
04-03 05:59:50.378 22863 22863 W /player.c: player_notify: CallVoidMethod 14 
04-03 05:59:50.378 22863 22863 E MediaPlayerSDKTest.Simple: Form Native Player status: 14
04-03 05:59:50.378 22863 22863 W /player.c: player_notify: CallVoidMethod return 14 
04-03 05:59:50.396   537   682 D audio_hw_primary: enable_snd_device: snd_device(2: speaker)
04-03 05:59:50.399   537   682 D audio_hw_primary: enable_audio_route: usecase(1) apply and update mixer path: low-latency-playback speaker
04-03 05:59:50.901 21371 21371 W Atfwd_Sendcmd: AtCmdFwd service not published, waiting... retryCnt : 4
04-03 05:59:51.051 22863 22884 W /player.c: STAT(RES(240x160) FPS:7.38/00152 V: c-d(0-0:100) d-r(52:82) L(4959000) A: c-d(0:100) d-r(58:94) )
04-03 05:59:52.053 22863 22884 W /player.c: STAT(RES(240x160) FPS:7.38/00152 V: c-d(0-0:100) d-r(52:82) L(4959000) A: c-d(0:100) d-r(46:95) )
04-03 05:59:52.644   893  2794 D WifiStateMachine:  ConnectedState !CMD_RSSI_POLL  rt=11512777/13670108 8 0 "Keenetic-4147" 1c:74:0d:90:2c:1c rssi=-36 f=2432 sc=60 link=144 tx=26.4, 0.3, 0.0  rx=41.0 bcn=97220 [on:0 tx:0 rx:0 period:3003] from screen [on:138830 period:141854] gl hn rssi=-31 ag=0 hr ticks 0,0,6 ls-=0 [56,56,60,60,65] brc=0 lrc=0 offload-stopped
04-03 05:59:52.646   893  2794 D WifiStateMachine:  L2ConnectedState !CMD_RSSI_POLL  rt=11512780/13670110 8 0 "Keenetic-4147" 1c:74:0d:90:2c:1c rssi=-36 f=2432 sc=60 link=144 tx=26.4, 0.3, 0.0  rx=41.0 bcn=97220 [on:0 tx:0 rx:0 period:2] from screen [on:138830 period:141856] gl hn rssi=-31 ag=0 hr ticks 0,0,6 ls-=0 [56,56,60,60,65] brc=0 lrc=0 offload-stopped
04-03 05:59:52.646   893  2794 D WifiStateMachine:  get link layer stats 4
04-03 05:59:52.652   893  2794 D WifiNative-wlan0: doString: [SIGNAL_POLL]
04-03 05:59:52.658   893  2794 D WifiStateMachine: fetchRssiLinkSpeedAndFrequencyNative rssi=-36 linkspeed=117 freq=2432
04-03 05:59:52.658   893  2794 D WifiConfigManager: updateConfiguration freq=2432 BSSID=1c:74:0d:90:2c:1c RSSI=-35 "Keenetic-4147"WPA_PSK
04-03 05:59:52.660   893  2794 D WifiStateMachine: calculateWifiScore freq=2432 speed=117 score=60 highRSSI  -> txbadrate=0.00 txgoodrate=26.20 txretriesrate=0.13 rxrate=44.48 userTriggerdPenalty0
04-03 05:59:52.660   893  2794 D WifiStateMachine:  good link -> stuck count =0
04-03 05:59:52.660   893  2794 D WifiStateMachine:  badRSSI count0 lowRSSI count0 --> score 60
04-03 05:59:52.660   893  2794 D WifiStateMachine:  isHighRSSI       ---> score=65
04-03 05:59:53.056 22863 22884 W /player.c: STAT(RES(240x160) FPS:0.00/00152 V: c-d(0-0:100) d-r(47:83) L(2917000) A: c-d(0:100) d-r(34:96) )
04-03 05:59:54.060 22863 22884 W /player.c: STAT(RES(240x160) FPS:25.82/00152 V: c-d(0-0:100) d-r(23:92) L(1917000) A: c-d(0:100) d-r(22:97) )
04-03 05:59:54.371   893  2983 E WifiHAL : POLL Error; error no = 105
04-03 05:59:54.371   893  2983 E WifiHAL : Read after POLL returned -1, error no = 105
04-03 05:59:54.378  2985  2985 I wpa_supplicant: nl80211: wpa_driver_nl80211_event_receive->nl_recvmsgs failed: -5
04-03 05:59:54.546 22863 22863 W /ffmpeg_content_provider.c: ffmpeg_cp_skip_interrupt 1, 0
04-03 05:59:54.546 22863 22863 W /player.c: player_all_pause: player_state (2) test EnterCriticalSection 1, 0xeb2b27c0
04-03 05:59:54.546 22863 22863 W /player.c: player_all_pause: 2(2)
04-03 05:59:54.546 22863 22863 W /ffmpeg_content_provider.c: ffmpeg_cp_interrupt_for_pause 1, 1
04-03 05:59:54.546 22863 22863 W /content_provider_thread.c: CONT(src) cpt_pause invoke 2(1)
04-03 05:59:54.546 22863 22863 W /content_provider_thread.c: =>cpt_pause set pause(2)
04-03 05:59:54.547 22863 22893 W /ffmpeg_content_provider.c: timeout_interrupt_callback: Interrupted by user!
04-03 05:59:54.552 22863 22893 W /ffmpeg_content_provider.c: MEDIA(src) error(-541478725:End of file): averror:dfb9b0bb dfb9b0bb:abb6a7bb:bebbb1b7
04-03 05:59:54.552 22863 22893 W /ffmpeg_content_provider.c: MEDIA(src) ffmpeg_cp_get_data EOF disc s(11514680014) n(0) averror(dfb9b0bb)
04-03 05:59:54.552 22863 22893 W /ffmpeg_content_provider.c: MEDIA(src) ffmpeg_cp_get_data: averror:-541478725, set last_source_v_pts: 139923000
04-03 05:59:54.552 22863 22893 W /ffmpeg_content_provider.c: MEDIA(src) ffmpeg_cp_get_data: averror:-541478725, set last_source_a_pts: 139951333
04-03 05:59:54.562 22863 22893 W /ffmpeg_content_provider.c: MEDIA(src) ffmpeg_cp_play: send pause to server disabled!
04-03 05:59:54.562 22863 22893 W /content_provider_thread.c: CONTENT(prov) thread: wait unpause
04-03 05:59:54.562 22863 22863 W /content_provider_thread.c: =>cpt_pause paused(0)
04-03 05:59:54.563 22863 22863 W /video_renderer_thread.c: VIDEO(ren) vrt_pause invoke 2(1)
04-03 05:59:54.563 22863 22863 W /video_renderer_thread.c: =>vrt_pause set pause(2)
04-03 05:59:54.602 22863 22990 W /video_renderer_thread.c: VIDEO(render) pipis_pause: 1
04-03 05:59:54.602 22863 22863 W /video_renderer_thread.c: =>vrt_pause paused(0)
04-03 05:59:54.602 22863 22863 W /video_decoder_thread.c: VIDEO(dec) vdt_pause invoke 2(1)
04-03 05:59:54.602 22863 22863 W /video_decoder_thread.c: =>vdt_pause set pause(2)
04-03 05:59:54.603 22863 22991 W /video_decoder_thread.c: VIDEO(dec) start  wait unpause:7
04-03 05:59:54.603 22863 22863 W /video_decoder_thread.c: =>vdt_pause paused(0)
04-03 05:59:54.603 22863 22863 W /audio_decoder_thread.c: AUDIO(dec) adt_pause invoke 2(1)
04-03 05:59:54.603 22863 22863 W /ffmpeg_audio_decoder_provider.c: =>ffmpeg_adp_change_state state(2) inst->codec_context(0xd29b3800)
04-03 05:59:54.603 22863 22863 W /audio_decoder_thread.c: =>adt_pause set pause(2)
04-03 05:59:54.604 22863 22863 W /audio_decoder_thread.c: =>adt_pause paused(0)
04-03 05:59:54.604 22863 22863 W /audio_renderer_thread.c: AUDIO(ren) art_pause invoke 2(1)
04-03 05:59:54.604 22863 22863 W /audio_renderer_thread.c: =>art_pause set pause(2)
04-03 05:59:54.638 22863 22863 W /audio_renderer_thread.c: =>art_pause paused(0)
04-03 05:59:54.638 22863 22863 W /recorder_provider_thread.c: rpt_pause invoke 2(1)
04-03 05:59:54.638 22863 22863 W /recorder_provider_thread.c: =>rpt_pause set pause(2)
04-03 05:59:54.641 22863 22863 W /player.c: player_all_pause: test LeaveCriticalSection 1, 0xeb2b27c0
04-03 05:59:54.641 22863 22863 W /player.c: player_all_pause: done.
04-03 05:59:54.641 22863 22863 W /player.c: player_notify: 15 
04-03 05:59:54.641 22863 22863 W /player.c: player_notify: CallVoidMethod 15 
04-03 05:59:54.642 22863 22863 E MediaPlayerSDKTest.Simple: Form Native Player status: 15
04-03 05:59:54.642 22863 22863 W /player.c: player_notify: CallVoidMethod return 15 
04-03 05:59:55.062 22863 22884 W /player.c: STAT(RES(240x160) FPS:25.82/00152 V: c-d(0-0:100) d-r(11:96) L(1417000) A: c-d(0:100) d-r(16:98) )
04-03 05:59:55.184   537   682 I AudioFlinger: BUFFER TIMEOUT: remove(4099) from active list on thread 0xe9703400
04-03 05:59:55.289   537   682 D audio_hw_primary: disable_audio_route: usecase(1) reset and update mixer path: low-latency-playback speaker
04-03 05:59:55.296   537   682 D audio_hw_primary: disable_snd_device: snd_device(2: speaker)
04-03 05:59:55.666   893  2794 D WifiStateMachine:  ConnectedState !CMD_RSSI_POLL  rt=11515800/13673131 8 0 "Keenetic-4147" 1c:74:0d:90:2c:1c rssi=-36 f=2432 sc=60 link=117 tx=26.2, 0.1, 0.0  rx=44.5 bcn=97250 [on:0 tx:0 rx:0 period:3000] from screen [on:141844 period:144876] gl hn rssi=-31 ag=0 hr ticks 0,0,6 ls-=0 [56,56,60,60,65] brc=0 lrc=0 offload-stopped
04-03 05:59:55.666   893  2794 D WifiStateMachine:  L2ConnectedState !CMD_RSSI_POLL  rt=11515802/13673132 8 0 "Keenetic-4147" 1c:74:0d:90:2c:1c rssi=-36 f=2432 sc=60 link=117 tx=26.2, 0.1, 0.0  rx=44.5 bcn=97250 [on:0 tx:0 rx:0 period:1] from screen [on:141844 period:144877] gl hn rssi=-31 ag=0 hr ticks 0,0,6 ls-=0 [56,56,60,60,65] brc=0 lrc=0 offload-stopped
04-03 05:59:55.666   893  2794 D WifiStateMachine:  get link layer stats 4
04-03 05:59:55.670   893  2794 D WifiNative-wlan0: doString: [SIGNAL_POLL]
04-03 05:59:55.672   893  2794 D WifiStateMachine: fetchRssiLinkSpeedAndFrequencyNative rssi=-36 linkspeed=117 freq=2432
04-03 05:59:55.672   893  2794 D WifiConfigManager: updateConfiguration freq=2432 BSSID=1c:74:0d:90:2c:1c RSSI=-35 "Keenetic-4147"WPA_PSK
04-03 05:59:55.672   893  2794 D WifiStateMachine: calculateWifiScore freq=2432 speed=117 score=60 highRSSI  -> txbadrate=0.00 txgoodrate=24.10 txretriesrate=0.06 rxrate=40.74 userTriggerdPenalty0
04-03 05:59:55.673   893  2794 D WifiStateMachine:  good link -> stuck count =0
04-03 05:59:55.673   893  2794 D WifiStateMachine:  badRSSI count0 lowRSSI count0 --> score 60
04-03 05:59:55.673   893  2794 D WifiStateMachine:  isHighRSSI       ---> score=65
04-03 05:59:56.063 22863 22884 W /player.c: STAT(RES(240x160) FPS:0.00/00152 V: c-d(0-0:100) d-r(11:96) L(1417000) A: c-d(0:100) d-r(16:98) )
04-03 05:59:56.872  6597  6629 I PlayCommon: [354] com.google.android.play.a.l.e(787): Preparing logs for uploading
04-03 05:59:56.881  6597  6629 W PlayCommon: [354] com.google.android.play.a.l.a(1128): No account for auth token provided
04-03 05:59:56.882  6597  6629 I PlayCommon: [354] com.google.android.play.a.l.a(927): Connecting to server: https://play.googleapis.com/play/log?format=raw&proto_v2=true
04-03 05:59:57.066 22863 22884 W /player.c: STAT(RES(240x160) FPS:0.00/00152 V: c-d(0-0:100) d-r(11:96) L(1417000) A: c-d(0:100) d-r(16:98) )
04-03 05:59:57.078 22863 22863 W /ffmpeg_content_provider.c: ffmpeg_cp_skip_interrupt 0, 1
04-03 05:59:57.078 22863 22863 W /player.c: player_all_pause: player_state (3) test EnterCriticalSection 1, 0xeb2b27c0
04-03 05:59:57.078 22863 22863 W /player.c: player_all_pause: 1(1)
04-03 05:59:57.078 22863 22863 W /ffmpeg_content_provider.c: ffmpeg_cp_interrupt_for_pause 0, 1
04-03 05:59:57.078 22863 22863 W /content_provider_thread.c: CONT(src) cpt_pause invoke 1(2)
04-03 05:59:57.078 22863 22863 W /content_provider_thread.c: =>cpt_pause set pause(1)
04-03 05:59:57.078 22863 22893 W /ffmpeg_content_provider.c: MEDIA(src) ffmpeg_cp_play: send play to server disabled!
04-03 05:59:57.078 22863 22863 W /content_provider_thread.c: =>cpt_pause unpaused(0)
04-03 05:59:57.078 22863 22863 W /video_renderer_thread.c: VIDEO(ren) vrt_pause invoke 1(2)
04-03 05:59:57.078 22863 22863 W /video_renderer_thread.c: =>vrt_pause set pause(1)
04-03 05:59:57.079 22863 22863 W /video_renderer_thread.c: =>vrt_pause unpaused(0)
04-03 05:59:57.080 22863 22863 W /video_decoder_thread.c: VIDEO(dec) vdt_pause invoke 1(2)
04-03 05:59:57.080 22863 22863 W /video_decoder_thread.c: =>vdt_pause set pause(1)
04-03 05:59:57.080 22863 22991 W /video_decoder_thread.c: VIDEO(dec) unpaused:7
04-03 05:59:57.080 22863 22990 W /player.c: player_notify: 308 
04-03 05:59:57.081 22863 22863 W /video_decoder_thread.c: =>vdt_pause unpaused(0)
04-03 05:59:57.081 22863 22863 W /audio_decoder_thread.c: AUDIO(dec) adt_pause invoke 1(2)
04-03 05:59:57.081 22863 22863 W /ffmpeg_audio_decoder_provider.c: =>ffmpeg_adp_change_state state(1) inst->codec_context(0xd29b3800)
04-03 05:59:57.081 22863 22863 W /audio_decoder_thread.c: =>adt_pause set pause(1)
04-03 05:59:57.081 22863 22863 W /audio_decoder_thread.c: =>adt_pause unpaused(0)
04-03 05:59:57.081 22863 22863 W /audio_renderer_thread.c: AUDIO(ren) art_pause invoke 1(2)
04-03 05:59:57.081 22863 22863 W /audio_renderer_thread.c: =>art_pause set pause(1)
04-03 05:59:57.081 22863 22990 W /player.c: player_notify: CallVoidMethod 308 
04-03 05:59:57.081 22863 22863 W /audio_renderer_thread.c: =>art_pause unpaused(0)
04-03 05:59:57.081 22863 22863 W /recorder_provider_thread.c: rpt_pause invoke 1(2)
04-03 05:59:57.081 22863 22863 W /recorder_provider_thread.c: =>rpt_pause set play(1)
04-03 05:59:57.082 22863 22990 E MediaPlayerSDKTest.Simple: Form Native Player status: 308
04-03 05:59:57.082 22863 23000 W AudioTrack: releaseBuffer() track 0xd29d8000 disabled due to previous underrun, restarting
04-03 05:59:57.082 22863 22990 W /player.c: player_notify: CallVoidMethod return 308 
04-03 05:59:57.082 22863 22863 W /player.c: player_all_pause: test LeaveCriticalSection 1, 0xeb2b27c0
04-03 05:59:57.082 22863 22863 W /player.c: player_all_pause: done.
04-03 05:59:57.082 22863 22863 W /player.c: player_notify: 14 
04-03 05:59:57.082 22863 22863 W /player.c: player_notify: CallVoidMethod 14 
04-03 05:59:57.082 22863 22863 E MediaPlayerSDKTest.Simple: Form Native Player status: 14
04-03 05:59:57.082 22863 22863 W /player.c: player_notify: CallVoidMethod return 14 
04-03 05:59:57.104   537   682 D audio_hw_primary: enable_snd_device: snd_device(2: speaker)
04-03 05:59:57.107   537   682 D audio_hw_primary: enable_audio_route: usecase(1) apply and update mixer path: low-latency-playback speaker
04-03 05:59:57.278  6597  6629 I PlayCommon: [354] com.google.android.play.a.l.a(1002): Successfully uploaded logs.
04-03 05:59:58.068 22863 22884 W /player.c: STAT(RES(240x160) FPS:0.00/00152 V: c-d(0-0:100) d-r(0:100) L(959000) A: c-d(0:100) d-r(4:99) )
04-03 05:59:58.102 22863 23000 W /audio_renderer_thread.c: AUDIO(render) LAST FRAME NOTIFY
04-03 05:59:58.102 22863 23000 W /audio_renderer_thread.c: AUDIO(render) LAST_FRAME: 139695333 (139951333) 
04-03 05:59:58.102 22863 23000 W /player.c: player_notify: 502 
04-03 05:59:58.102 22863 23000 W /player.c: player_notify: player_interrupt code:502 dur:596480 type:1 is_disconnected(0)
04-03 05:59:58.102 22863 23000 W /player.c: player_notify: CallVoidMethod 12 
04-03 05:59:58.102 22863 23000 W /player.c: player_notify: send 502 before it will treated as EOS 
04-03 05:59:58.103 22863 23000 E MediaPlayerSDKTest.Simple: Form Native Player status: 502
04-03 05:59:58.103 22863 23000 E MediaPlayerSDKTest.Simple: Form Native Player status: 12
04-03 05:59:58.103 22863 23000 W /player.c: player_notify: CallVoidMethod return 12 
04-03 05:59:58.677   893  2794 D WifiStateMachine:  ConnectedState !CMD_RSSI_POLL  rt=11518811/13676142 8 0 "Keenetic-4147" 1c:74:0d:90:2c:1c rssi=-36 f=2432 sc=60 link=117 tx=24.1, 0.1, 0.0  rx=40.7 bcn=97279 [on:0 tx:0 rx:0 period:3002] from screen [on:144864 period:147887] gl hn rssi=-31 ag=0 hr ticks 0,0,6 ls-=0 [56,56,60,60,65] brc=0 lrc=0 offload-stopped
04-03 05:59:58.677   893  2794 D WifiStateMachine:  L2ConnectedState !CMD_RSSI_POLL  rt=11518812/13676143 8 0 "Keenetic-4147" 1c:74:0d:90:2c:1c rssi=-36 f=2432 sc=60 link=117 tx=24.1, 0.1, 0.0  rx=40.7 bcn=97279 [on:0 tx:0 rx:0 period:1] from screen [on:144864 period:147888] gl hn rssi=-31 ag=0 hr ticks 0,0,6 ls-=0 [56,56,60,60,65] brc=0 lrc=0 offload-stopped
04-03 05:59:58.677   893  2794 D WifiStateMachine:  get link layer stats 4
04-03 05:59:58.680   893  2794 D WifiNative-wlan0: doString: [SIGNAL_POLL]
04-03 05:59:58.684   893  2794 D WifiStateMachine: fetchRssiLinkSpeedAndFrequencyNative rssi=-36 linkspeed=104 freq=2432
04-03 05:59:58.684   893  2794 D WifiConfigManager: updateConfiguration freq=2432 BSSID=1c:74:0d:90:2c:1c RSSI=-35 "Keenetic-4147"WPA_PSK
04-03 05:59:58.690   893  2794 D WifiStateMachine: calculateWifiScore freq=2432 speed=104 score=60 highRSSI  -> txbadrate=0.00 txgoodrate=30.05 txretriesrate=0.03 rxrate=40.87 userTriggerdPenalty0
04-03 05:59:58.690   893  2794 D WifiStateMachine:  good link -> stuck count =0
04-03 05:59:58.690   893  2794 D WifiStateMachine:  badRSSI count0 lowRSSI count0 --> score 60
04-03 05:59:58.690   893  2794 D WifiStateMachine:  isHighRSSI       ---> score=65
